Archive member included to satisfy reference by file (symbol)

c:/program files (x86)/gnu tools arm embedded/8 2019-q3-update/bin/../lib/gcc/arm-none-eabi/8.3.1/thumb/v7-m/nofp\libgcc.a(_arm_addsubdf3.o)
                              ./src/Delay_program.o (__aeabi_dsub)
c:/program files (x86)/gnu tools arm embedded/8 2019-q3-update/bin/../lib/gcc/arm-none-eabi/8.3.1/thumb/v7-m/nofp\libgcc.a(_arm_muldivdf3.o)
                              ./src/Delay_program.o (__aeabi_dmul)
c:/program files (x86)/gnu tools arm embedded/8 2019-q3-update/bin/../lib/gcc/arm-none-eabi/8.3.1/thumb/v7-m/nofp\libgcc.a(_arm_fixunsdfsi.o)
                              ./src/Delay_program.o (__aeabi_d2uiz)
c:/program files (x86)/gnu tools arm embedded/8 2019-q3-update/bin/../lib/gcc/arm-none-eabi/8.3.1/thumb/v7-m/nofp\libgcc.a(_arm_addsubsf3.o)
                              ./src/HUART_program.o (__aeabi_fsub)
c:/program files (x86)/gnu tools arm embedded/8 2019-q3-update/bin/../lib/gcc/arm-none-eabi/8.3.1/thumb/v7-m/nofp\libgcc.a(_arm_muldivsf3.o)
                              ./src/Bootloader.o (__aeabi_fmul)
c:/program files (x86)/gnu tools arm embedded/8 2019-q3-update/bin/../lib/gcc/arm-none-eabi/8.3.1/thumb/v7-m/nofp\libgcc.a(_arm_fixunssfsi.o)
                              ./src/Delay_program.o (__aeabi_f2uiz)
c:/program files (x86)/gnu tools arm embedded/8 2019-q3-update/bin/../lib/gcc/arm-none-eabi/8.3.1/../../../../arm-none-eabi/lib/thumb/v7-m/nofp\libg_nano.a(lib_a-errno.o)
                              ./system/src/newlib/_sbrk.o (__errno)
c:/program files (x86)/gnu tools arm embedded/8 2019-q3-update/bin/../lib/gcc/arm-none-eabi/8.3.1/../../../../arm-none-eabi/lib/thumb/v7-m/nofp\libg_nano.a(lib_a-impure.o)
                              c:/program files (x86)/gnu tools arm embedded/8 2019-q3-update/bin/../lib/gcc/arm-none-eabi/8.3.1/../../../../arm-none-eabi/lib/thumb/v7-m/nofp\libg_nano.a(lib_a-errno.o) (_impure_ptr)
c:/program files (x86)/gnu tools arm embedded/8 2019-q3-update/bin/../lib/gcc/arm-none-eabi/8.3.1/../../../../arm-none-eabi/lib/thumb/v7-m/nofp\libg_nano.a(lib_a-memcpy-stub.o)
                              ./src/WIFI_program.o (memcpy)
c:/program files (x86)/gnu tools arm embedded/8 2019-q3-update/bin/../lib/gcc/arm-none-eabi/8.3.1/../../../../arm-none-eabi/lib/thumb/v7-m/nofp\libg_nano.a(lib_a-memset.o)
                              ./src/Bootloader.o (memset)
c:/program files (x86)/gnu tools arm embedded/8 2019-q3-update/bin/../lib/gcc/arm-none-eabi/8.3.1/../../../../arm-none-eabi/lib/thumb/v7-m/nofp\libg_nano.a(lib_a-sprintf.o)
                              ./src/WIFI_program.o (sprintf)
c:/program files (x86)/gnu tools arm embedded/8 2019-q3-update/bin/../lib/gcc/arm-none-eabi/8.3.1/../../../../arm-none-eabi/lib/thumb/v7-m/nofp\libg_nano.a(lib_a-strcat.o)
                              ./src/WIFI_program.o (strcat)
c:/program files (x86)/gnu tools arm embedded/8 2019-q3-update/bin/../lib/gcc/arm-none-eabi/8.3.1/../../../../arm-none-eabi/lib/thumb/v7-m/nofp\libg_nano.a(lib_a-strlen.o)
                              ./system/src/diag/Trace.o (strlen)
c:/program files (x86)/gnu tools arm embedded/8 2019-q3-update/bin/../lib/gcc/arm-none-eabi/8.3.1/../../../../arm-none-eabi/lib/thumb/v7-m/nofp\libg_nano.a(lib_a-vsnprintf.o)
                              ./system/src/diag/Trace.o (vsnprintf)
c:/program files (x86)/gnu tools arm embedded/8 2019-q3-update/bin/../lib/gcc/arm-none-eabi/8.3.1/../../../../arm-none-eabi/lib/thumb/v7-m/nofp\libg_nano.a(lib_a-nano-svfprintf.o)
                              c:/program files (x86)/gnu tools arm embedded/8 2019-q3-update/bin/../lib/gcc/arm-none-eabi/8.3.1/../../../../arm-none-eabi/lib/thumb/v7-m/nofp\libg_nano.a(lib_a-sprintf.o) (_svfprintf_r)
c:/program files (x86)/gnu tools arm embedded/8 2019-q3-update/bin/../lib/gcc/arm-none-eabi/8.3.1/../../../../arm-none-eabi/lib/thumb/v7-m/nofp\libg_nano.a(lib_a-nano-vfprintf_i.o)
                              c:/program files (x86)/gnu tools arm embedded/8 2019-q3-update/bin/../lib/gcc/arm-none-eabi/8.3.1/../../../../arm-none-eabi/lib/thumb/v7-m/nofp\libg_nano.a(lib_a-nano-svfprintf.o) (_printf_i)
c:/program files (x86)/gnu tools arm embedded/8 2019-q3-update/bin/../lib/gcc/arm-none-eabi/8.3.1/../../../../arm-none-eabi/lib/thumb/v7-m/nofp\libg_nano.a(lib_a-memchr-stub.o)
                              c:/program files (x86)/gnu tools arm embedded/8 2019-q3-update/bin/../lib/gcc/arm-none-eabi/8.3.1/../../../../arm-none-eabi/lib/thumb/v7-m/nofp\libg_nano.a(lib_a-nano-svfprintf.o) (memchr)
c:/program files (x86)/gnu tools arm embedded/8 2019-q3-update/bin/../lib/gcc/arm-none-eabi/8.3.1/../../../../arm-none-eabi/lib/thumb/v7-m/nofp\libg_nano.a(lib_a-memmove.o)
                              c:/program files (x86)/gnu tools arm embedded/8 2019-q3-update/bin/../lib/gcc/arm-none-eabi/8.3.1/../../../../arm-none-eabi/lib/thumb/v7-m/nofp\libg_nano.a(lib_a-nano-svfprintf.o) (memmove)
[...]
Memory Configuration

Name             Origin             Length             Attributes
RAM              0x20000000         0x00005000         xrw
CCMRAM           0x00000000         0x00000000         xrw
FLASH            0x08000000         0x00020000         xr
FLASHB1          0x00000000         0x00000000         xr
EXTMEMB0         0x00000000         0x00000000         xr
EXTMEMB1         0x00000000         0x00000000         xr
EXTMEMB2         0x00000000         0x00000000         xr
EXTMEMB3         0x00000000         0x00000000         xr
MEMORY_ARRAY     0x00000000         0x00000000         xrw
*default*        0x00000000         0xffffffff

Linker script and memory map

LOAD ./system/src/stm32f1-stdperiph/misc.o
LOAD ./system/src/newlib/_cxx.o
LOAD ./system/src/newlib/_exit.o
LOAD ./system/src/newlib/_sbrk.o
LOAD ./system/src/newlib/_startup.o
LOAD ./system/src/newlib/_syscalls.o
LOAD ./system/src/newlib/assert.o
LOAD ./system/src/diag/Trace.o
LOAD ./system/src/diag/trace_impl.o
LOAD ./system/src/cortexm/_initialize_hardware.o
LOAD ./system/src/cortexm/_reset_hardware.o
LOAD ./system/src/cortexm/exception_handlers.o
LOAD ./system/src/cmsis/system_stm32f10x.o
LOAD ./system/src/cmsis/vectors_stm32f10x.o
LOAD ./src/Bootloader.o
LOAD ./src/CRC.o
LOAD ./src/Debug.o
LOAD ./src/Delay_program.o
LOAD ./src/Flash.o
LOAD ./src/GPIO.o
LOAD ./src/HUART_program.o
LOAD ./src/NVIC_program.o
LOAD ./src/RCC_program.o
LOAD ./src/UART_program.o
LOAD ./src/WIFI_program.o
LOAD ./src/main.o
LOAD c:/program files (x86)/gnu tools arm embedded/8 2019-q3-update/bin/../lib/gcc/arm-none-eabi/8.3.1/../../../../arm-none-eabi/lib/thumb/v7-m/nofp\libstdc++_nano.a
LOAD c:/program files (x86)/gnu tools arm embedded/8 2019-q3-update/bin/../lib/gcc/arm-none-eabi/8.3.1/../../../../arm-none-eabi/lib/thumb/v7-m/nofp\libm.a
START GROUP
LOAD c:/program files (x86)/gnu tools arm embedded/8 2019-q3-update/bin/../lib/gcc/arm-none-eabi/8.3.1/thumb/v7-m/nofp\libgcc.a
LOAD c:/program files (x86)/gnu tools arm embedded/8 2019-q3-update/bin/../lib/gcc/arm-none-eabi/8.3.1/../../../../arm-none-eabi/lib/thumb/v7-m/nofp\libg_nano.a
LOAD c:/program files (x86)/gnu tools arm embedded/8 2019-q3-update/bin/../lib/gcc/arm-none-eabi/8.3.1/../../../../arm-none-eabi/lib/thumb/v7-m/nofp\libc_nano.a
END GROUP
START GROUP
LOAD c:/program files (x86)/gnu tools arm embedded/8 2019-q3-update/bin/../lib/gcc/arm-none-eabi/8.3.1/thumb/v7-m/nofp\libgcc.a
LOAD c:/program files (x86)/gnu tools arm embedded/8 2019-q3-update/bin/../lib/gcc/arm-none-eabi/8.3.1/../../../../arm-none-eabi/lib/thumb/v7-m/nofp\libc_nano.a
END GROUP
                0x20005000                __stack = (ORIGIN (RAM) + LENGTH (RAM))
                0x20005000                _estack = __stack
                0x00000400                __Main_Stack_Size = 0x400
                [!provide]                PROVIDE (_Main_Stack_Size = __Main_Stack_Size)
                0x20004c00                __Main_Stack_Limit = (__stack - __Main_Stack_Size)
                [!provide]                PROVIDE (_Main_Stack_Limit = __Main_Stack_Limit)
                0x00000100                _Minimum_Stack_Size = 0x100
                0x20001868                PROVIDE (_Heap_Begin = _end_noinit)
                0x20004c00                PROVIDE (_Heap_Limit = (__stack - __Main_Stack_Size))

.isr_vector     0x08000000      0x350
 FILL mask 0xff
                0x08000000                __vectors_start = ABSOLUTE (.)
                0x08000000                __vectors_start__ = ABSOLUTE (.)
 *(.isr_vector)
 .isr_vector    0x08000000      0x10c ./system/src/cmsis/vectors_stm32f10x.o
                0x08000000                __isr_vectors
 *(.cfmconfig)
 *(.after_vectors .after_vectors.*)
 .after_vectors
                0x0800010c      0x114 ./system/src/newlib/_startup.o
                0x0800010c                _start
 .after_vectors
                0x08000220      0x12c ./system/src/cortexm/exception_handlers.o
                0x08000220                Reset_Handler
                0x08000226                NMI_Handler
                0x0800022a                HardFault_Handler
                0x0800023e                HardFault_Handler_C
                0x0800029c                MemManage_Handler
                0x080002a0                BusFault_Handler
                0x080002b4                BusFault_Handler_C
                0x080002e8                UsageFault_Handler
                0x080002fc                UsageFault_Handler_C
                0x08000330                SVC_Handler
                0x08000334                DebugMon_Handler
                0x08000338                PendSV_Handler
                0x0800033c                SysTick_Handler
 .after_vectors
                0x0800034c        0x4 ./system/src/cmsis/vectors_stm32f10x.o
                0x0800034c                EXTI2_IRQHandler
                0x0800034c                TIM8_TRG_COM_IRQHandler
                0x0800034c                TIM8_CC_IRQHandler
                0x0800034c                TIM1_CC_IRQHandler
                0x0800034c                TIM6_IRQHandler
                0x0800034c                PVD_IRQHandler
                0x0800034c                SDIO_IRQHandler
                0x0800034c                CAN2_RX1_IRQHandler
                0x0800034c                EXTI3_IRQHandler
                0x0800034c                TIM8_TRG_COM_TIM14_IRQHandler
                0x0800034c                TIM1_UP_TIM10_IRQHandler
                0x0800034c                TIM8_UP_TIM13_IRQHandler
                0x0800034c                EXTI0_IRQHandler
                0x0800034c                I2C2_EV_IRQHandler
                0x0800034c                CAN1_RX0_IRQHandler
                0x0800034c                TIM1_UP_TIM16_IRQHandler
                0x0800034c                CAN2_SCE_IRQHandler
                0x0800034c                ADC1_2_IRQHandler
                0x0800034c                SPI1_IRQHandler
                0x0800034c                TAMPER_IRQHandler
                0x0800034c                TIM6_DAC_IRQHandler
                0x0800034c                TIM1_BRK_TIM9_IRQHandler
                0x0800034c                CAN2_RX0_IRQHandler
                0x0800034c                TIM8_UP_IRQHandler
                0x0800034c                DMA2_Channel2_IRQHandler
                0x0800034c                DMA1_Channel4_IRQHandler
                0x0800034c                RTC_IRQHandler
                0x0800034c                DMA1_Channel7_IRQHandler
                0x0800034c                CAN1_RX1_IRQHandler
                0x0800034c                UART5_IRQHandler
                0x0800034c                ADC3_IRQHandler
                0x0800034c                TIM4_IRQHandler
                0x0800034c                DMA2_Channel1_IRQHandler
                0x0800034c                I2C1_EV_IRQHandler
                0x0800034c                DMA1_Channel6_IRQHandler
                0x0800034c                UART4_IRQHandler
                0x0800034c                DMA2_Channel4_IRQHandler
                0x0800034c                TIM3_IRQHandler
                0x0800034c                RCC_IRQHandler
                0x0800034c                TIM8_BRK_TIM12_IRQHandler
                0x0800034c                TIM1_TRG_COM_IRQHandler
                0x0800034c                DMA1_Channel1_IRQHandler
                0x0800034c                Default_Handler
                0x0800034c                CEC_IRQHandler
                0x0800034c                EXTI15_10_IRQHandler
                0x0800034c                TIM14_IRQHandler
                0x0800034c                TIM13_IRQHandler
                0x0800034c                TIM12_IRQHandler
                0x0800034c                TIM7_IRQHandler
                0x0800034c                CAN2_TX_IRQHandler
                0x0800034c                TIM5_IRQHandler
                0x0800034c                EXTI9_5_IRQHandler
                0x0800034c                ETH_WKUP_IRQHandler
                0x0800034c                SPI2_IRQHandler
                0x0800034c                CAN1_TX_IRQHandler
                0x0800034c                DMA2_Channel5_IRQHandler
                0x0800034c                DMA1_Channel5_IRQHandler
                0x0800034c                EXTI4_IRQHandler
                0x0800034c                USB_LP_CAN1_RX0_IRQHandler
                0x0800034c                TIM1_TRG_COM_TIM17_IRQHandler
                0x0800034c                USB_HP_CAN1_TX_IRQHandler
                0x0800034c                DMA1_Channel3_IRQHandler
                0x0800034c                FSMC_IRQHandler
                0x0800034c                ETH_IRQHandler
                0x0800034c                TIM1_UP_IRQHandler
                0x0800034c                WWDG_IRQHandler
                0x0800034c                TIM2_IRQHandler
                0x0800034c                OTG_FS_WKUP_IRQHandler
                0x0800034c                TIM1_TRG_COM_TIM11_IRQHandler
                0x0800034c                TIM1_BRK_IRQHandler
                0x0800034c                EXTI1_IRQHandler
                0x0800034c                RTCAlarm_IRQHandler
                0x0800034c                DMA2_Channel4_5_IRQHandler
                0x0800034c                I2C2_ER_IRQHandler
                0x0800034c                DMA1_Channel2_IRQHandler
                0x0800034c                TIM8_BRK_IRQHandler
                0x0800034c                CAN1_SCE_IRQHandler
                0x0800034c                FLASH_IRQHandler
                0x0800034c                OTG_FS_IRQHandler
                0x0800034c                SPI3_IRQHandler
                0x0800034c                I2C1_ER_IRQHandler
                0x0800034c                USBWakeUp_IRQHandler
                0x0800034c                DMA2_Channel3_IRQHandler
                0x0800034c                TIM1_BRK_TIM15_IRQHandler

.inits          0x08000350       0x28
                0x08000350                __data_regions_array_start = .
                0x08000350        0x4 LONG 0x8005638 LOADADDR (.data)
                0x08000354        0x4 LONG 0x20000000 ADDR (.data)
                0x08000358        0x4 LONG 0x200000d8 (ADDR (.data) + SIZEOF (.data))
                0x0800035c        0x4 LONG 0x8005638 LOADADDR (.data_CCMRAM)
                0x08000360        0x4 LONG 0x0 ADDR (.data_CCMRAM)
                0x08000364        0x4 LONG 0x0 (ADDR (.data_CCMRAM) + SIZEOF (.data_CCMRAM))
                0x08000368                __data_regions_array_end = .
                0x08000368                __bss_regions_array_start = .
                0x08000368        0x4 LONG 0x200000d8 ADDR (.bss)
                0x0800036c        0x4 LONG 0x20001868 (ADDR (.bss) + SIZEOF (.bss))
                0x08000370        0x4 LONG 0x0 ADDR (.bss_CCMRAM)
                0x08000374        0x4 LONG 0x0 (ADDR (.bss_CCMRAM) + SIZEOF (.bss_CCMRAM))
                0x08000378                __bss_regions_array_end = .
 *(.init)
 *(.fini)
                0x08000378                . = ALIGN (0x4)
                0x08000378                PROVIDE (__preinit_array_start = .)
 *(.preinit_array_sysinit .preinit_array_sysinit.*)
 *(.preinit_array_platform .preinit_array_platform.*)
 *(.preinit_array .preinit_array.*)
                0x08000378                PROVIDE (__preinit_array_end = .)
                0x08000378                . = ALIGN (0x4)
                0x08000378                PROVIDE (__init_array_start = .)
 *(SORT_BY_NAME(.init_array.*))
 *(.init_array)
                0x08000378                PROVIDE (__init_array_end = .)
                0x08000378                . = ALIGN (0x4)
                0x08000378                PROVIDE (__fini_array_start = .)
 *(SORT_BY_NAME(.fini_array.*))
 *(.fini_array)
                0x08000378                PROVIDE (__fini_array_end = .)

.flashtext
 *(.flashtext .flashtext.*)

.text           0x08000378     0x52bf
 *(.text .text.*)
 .text._exit    0x08000378        0x2 ./system/src/newlib/_exit.o
                0x08000378                _exit
 *fill*         0x0800037a        0x2 
 .text._sbrk    0x0800037c       0x44 ./system/src/newlib/_sbrk.o
                0x0800037c                _sbrk
 .text.__initialize_args
                0x080003c0       0x10 ./system/src/newlib/_syscalls.o
                0x080003c0                __initialize_args
 .text.trace_printf
                0x080003d0       0x34 ./system/src/diag/Trace.o
                0x080003d0                trace_printf
 .text._trace_write_semihosting_debug
                0x08000404       0x60 ./system/src/diag/trace_impl.o
 .text.trace_write
                0x08000464        0x8 ./system/src/diag/trace_impl.o
                0x08000464                trace_write
 .text.__initialize_hardware_early
                0x0800046c       0x18 ./system/src/cortexm/_initialize_hardware.o
                0x0800046c                __initialize_hardware_early
 .text.__initialize_hardware
                0x08000484        0x8 ./system/src/cortexm/_initialize_hardware.o
                0x08000484                __initialize_hardware
 .text.dumpExceptionStack
                0x0800048c       0xf4 ./system/src/cortexm/exception_handlers.o
                0x0800048c                dumpExceptionStack
 .text.isSemihosting
                0x08000580       0x20 ./system/src/cortexm/exception_handlers.o
                0x08000580                isSemihosting
 .text.SetSysClockTo72
                0x080005a0       0xc4 ./system/src/cmsis/system_stm32f10x.o
 .text.SetSysClock
                0x08000664        0x8 ./system/src/cmsis/system_stm32f10x.o
 .text.SystemInit
                0x0800066c       0x50 ./system/src/cmsis/system_stm32f10x.o
                0x0800066c                SystemInit
 .text.SystemCoreClockUpdate
                0x080006bc       0x94 ./system/src/cmsis/system_stm32f10x.o
                0x080006bc                SystemCoreClockUpdate
 .text.bootloader_voidJumpToUserApp
                0x08000750       0x3c ./src/Bootloader.o
                0x08000750                bootloader_voidJumpToUserApp
 .text.bootloader_send_ack
                0x0800078c       0x28 ./src/Bootloader.o
                0x0800078c                bootloader_send_ack
 .text.bootloader_verify_crc
                0x080007b4       0x34 ./src/Bootloader.o
                0x080007b4                bootloader_verify_crc
 .text.verify_address
                0x080007e8       0x20 ./src/Bootloader.o
                0x080007e8                verify_address
 .text.char2hex
                0x08000808       0x38 ./src/Bootloader.o
                0x08000808                char2hex
 .text.hex2char
                0x08000840       0x6c ./src/Bootloader.o
                0x08000840                hex2char
 .text.bootloader_send_nack
                0x080008ac       0x1c ./src/Bootloader.o
                0x080008ac                bootloader_send_nack
 .text.bootloader_handle_mem_read_cmd
                0x080008c8       0x48 ./src/Bootloader.o
                0x080008c8                bootloader_handle_mem_read_cmd
 .text.bootloader_handle_getver_cmd
                0x08000910       0x78 ./src/Bootloader.o
                0x08000910                bootloader_handle_getver_cmd
 .text.bootloader_handle_gethelp_cmd
                0x08000988       0xac ./src/Bootloader.o
                0x08000988                bootloader_handle_gethelp_cmd
 .text.bootloader_handle_getcid_cmd
                0x08000a34       0x9c ./src/Bootloader.o
                0x08000a34                bootloader_handle_getcid_cmd
 .text.bootloader_handle_goto_address_cmd
                0x08000ad0       0xdc ./src/Bootloader.o
                0x08000ad0                bootloader_handle_goto_address_cmd
 .text.bootloader_handle_flash_erase_cmd
                0x08000bac       0xa0 ./src/Bootloader.o
                0x08000bac                bootloader_handle_flash_erase_cmd
 .text.bootloader_handle_flash_mass_erase_cmd
                0x08000c4c       0x78 ./src/Bootloader.o
                0x08000c4c                bootloader_handle_flash_mass_erase_cmd
 .text.bootloader_handle_mem_write_cmd
                0x08000cc4      0x1b4 ./src/Bootloader.o
                0x08000cc4                bootloader_handle_mem_write_cmd
 .text.bootloader_handle_en_read_protect_cmd
                0x08000e78       0x78 ./src/Bootloader.o
                0x08000e78                bootloader_handle_en_read_protect_cmd
 .text.bootloader_handle_dis_read_protect_cmd
                0x08000ef0       0x78 ./src/Bootloader.o
                0x08000ef0                bootloader_handle_dis_read_protect_cmd
 .text.bootloader_handle_en_write_protect_cmd
                0x08000f68       0x94 ./src/Bootloader.o
                0x08000f68                bootloader_handle_en_write_protect_cmd
 .text.bootloader_handle_dis_write_protect_cmd
                0x08000ffc       0x94 ./src/Bootloader.o
                0x08000ffc                bootloader_handle_dis_write_protect_cmd
 .text.bootloader_handle_getrdp_cmd
                0x08001090       0x70 ./src/Bootloader.o
                0x08001090                bootloader_handle_getrdp_cmd
 .text.bootloader_handle_read_sectors_status_cmd
                0x08001100       0xa0 ./src/Bootloader.o
                0x08001100                bootloader_handle_read_sectors_status_cmd
 .text.bootloader_handle_system_reset_cmd
                0x080011a0       0x74 ./src/Bootloader.o
                0x080011a0                bootloader_handle_system_reset_cmd
 .text.bootloader_handle_existing_apps_cmd
                0x08001214      0x268 ./src/Bootloader.o
                0x08001214                bootloader_handle_existing_apps_cmd
 .text.bootloader_handle_save_app_info_cmd
                0x0800147c      0x1b8 ./src/Bootloader.o
                0x0800147c                bootloader_handle_save_app_info_cmd
 .text.bootloader_voidUARTReadData
                0x08001634      0x1cc ./src/Bootloader.o
                0x08001634                bootloader_voidUARTReadData
 .text.CRC_ResetDR
                0x08001800        0xc ./src/CRC.o
                0x08001800                CRC_ResetDR
 .text.CRC_CalcBlockCRC
                0x0800180c       0x2c ./src/CRC.o
                0x0800180c                CRC_CalcBlockCRC
 .text.printmsg1
                0x08001838       0x54 ./src/Debug.o
                0x08001838                printmsg1
 .text.delay_setCPUclockFactor
                0x0800188c       0x54 ./src/Delay_program.o
                0x0800188c                delay_setCPUclockFactor
 .text.delay_ms
                0x080018e0       0x84 ./src/Delay_program.o
                0x080018e0                delay_ms
 .text.FLASH_Lock
                0x08001964       0x20 ./src/Flash.o
                0x08001964                FLASH_Lock
 .text.FLASH_Unlock
                0x08001984       0x34 ./src/Flash.o
                0x08001984                FLASH_Unlock
 .text.FLASH_WriteProgram
                0x080019b8       0x80 ./src/Flash.o
                0x080019b8                FLASH_WriteProgram
 .text.FLASH_PageErase
                0x08001a38       0x6c ./src/Flash.o
                0x08001a38                FLASH_PageErase
 .text.FLASH_MultiplePageErase
                0x08001aa4       0x80 ./src/Flash.o
                0x08001aa4                FLASH_MultiplePageErase
 .text.FLASH_MassErase
                0x08001b24       0x50 ./src/Flash.o
                0x08001b24                FLASH_MassErase
 .text.FLASH_OPT_Unlock
                0x08001b74       0x38 ./src/Flash.o
                0x08001b74                FLASH_OPT_Unlock
 .text.FLASH_OPT_GetRDPStatus
                0x08001bac       0x10 ./src/Flash.o
                0x08001bac                FLASH_OPT_GetRDPStatus
 .text.FLASH_OPT_EraseOPT
                0x08001bbc       0x74 ./src/Flash.o
                0x08001bbc                FLASH_OPT_EraseOPT
 .text.FLASH_OPT_GetWRPStatus
                0x08001c30        0xc ./src/Flash.o
                0x08001c30                FLASH_OPT_GetWRPStatus
 .text.FLASH_SystemReset
                0x08001c3c       0x18 ./src/Flash.o
                0x08001c3c                FLASH_SystemReset
 .text.FLASH_savePage
                0x08001c54       0x80 ./src/Flash.o
                0x08001c54                FLASH_savePage
 .text.FLASH_updatePage
                0x08001cd4       0x8c ./src/Flash.o
                0x08001cd4                FLASH_updatePage
 .text.FLASH_reloadPage
                0x08001d60       0x6c ./src/Flash.o
                0x08001d60                FLASH_reloadPage
 .text.FLASH_OPT_ReadProtection_Enable
                0x08001dcc       0x64 ./src/Flash.o
                0x08001dcc                FLASH_OPT_ReadProtection_Enable
 .text.FLASH_OPT_ReadProtection_Disable
                0x08001e30       0x64 ./src/Flash.o
                0x08001e30                FLASH_OPT_ReadProtection_Disable
 .text.FLASH_OPT_WriteProtection_Enable
                0x08001e94      0x104 ./src/Flash.o
                0x08001e94                FLASH_OPT_WriteProtection_Enable
 .text.FLASH_OPT_WriteProtection_Disable
                0x08001f98      0x138 ./src/Flash.o
                0x08001f98                FLASH_OPT_WriteProtection_Disable
 .text.GPIO_Init
                0x080020d0       0x86 ./src/GPIO.o
                0x080020d0                GPIO_Init
 .text.GPIO_Pin_Write
                0x08002156       0x3a ./src/GPIO.o
                0x08002156                GPIO_Pin_Write
 .text.GPIO_Pin_Read
                0x08002190       0x32 ./src/GPIO.o
                0x08002190                GPIO_Pin_Read
 *fill*         0x080021c2        0x2 
 .text.HUART_u16BaudrateCalculator
                0x080021c4       0xfc ./src/HUART_program.o
                0x080021c4                HUART_u16BaudrateCalculator
 .text.HUART_u8Init
                0x080022c0       0x78 ./src/HUART_program.o
                0x080022c0                HUART_u8Init
 .text.HUART_u8SetRXCallBack
                0x08002338        0xe ./src/HUART_program.o
                0x08002338                HUART_u8SetRXCallBack
 .text.HUART_u8SendAsync
                0x08002346       0x2e ./src/HUART_program.o
                0x08002346                HUART_u8SendAsync
 .text.HUART_u8ReceiveAsync
                0x08002374       0x2c ./src/HUART_program.o
                0x08002374                HUART_u8ReceiveAsync
 .text.HUART_u8SendSync
                0x080023a0       0x30 ./src/HUART_program.o
                0x080023a0                HUART_u8SendSync
 .text.NVIC_u8EnableInterrupt
                0x080023d0       0x5c ./src/NVIC_program.o
                0x080023d0                NVIC_u8EnableInterrupt
 .text.RCC_u8GetSWSStatus
                0x0800242c       0x34 ./src/RCC_program.o
                0x0800242c                RCC_u8GetSWSStatus
 .text.RCC_voidEnablePeripheralClock
                0x08002460       0x4c ./src/RCC_program.o
                0x08002460                RCC_voidEnablePeripheralClock
 .text.RCC_voidChangeBusPrescalar
                0x080024ac       0x38 ./src/RCC_program.o
                0x080024ac                RCC_voidChangeBusPrescalar
 .text.RCC_u16GetPrescalarValue
                0x080024e4      0x108 ./src/RCC_program.o
                0x080024e4                RCC_u16GetPrescalarValue
 .text.RCC_f32GetPLLMultiplierValue
                0x080025ec      0x144 ./src/RCC_program.o
                0x080025ec                RCC_f32GetPLLMultiplierValue
 .text.UART_u8Configure
                0x08002730       0x46 ./src/UART_program.o
                0x08002730                UART_u8Configure
 *fill*         0x08002776        0x2 
 .text.UART_voidSendSync
                0x08002778       0x64 ./src/UART_program.o
                0x08002778                UART_voidSendSync
 .text.UART_u8EnableInterrupt
                0x080027dc       0x18 ./src/UART_program.o
                0x080027dc                UART_u8EnableInterrupt
 .text.UART_voidSendAsync
                0x080027f4       0x50 ./src/UART_program.o
                0x080027f4                UART_voidSendAsync
 .text.UART_u8ReceiveAsync
                0x08002844       0x50 ./src/UART_program.o
                0x08002844                UART_u8ReceiveAsync
 .text.UART_u8SetRXCallBack
                0x08002894       0x40 ./src/UART_program.o
                0x08002894                UART_u8SetRXCallBack
 .text.UART_voidTerminateReceiving
                0x080028d4       0x48 ./src/UART_program.o
                0x080028d4                UART_voidTerminateReceiving
 .text.UART_voidTerminateSending
                0x0800291c       0x50 ./src/UART_program.o
                0x0800291c                UART_voidTerminateSending
 .text.USART1_IRQHandler
                0x0800296c       0xc0 ./src/UART_program.o
                0x0800296c                USART1_IRQHandler
 .text.USART2_IRQHandler
                0x08002a2c       0xc0 ./src/UART_program.o
                0x08002a2c                USART2_IRQHandler
 .text.USART3_IRQHandler
                0x08002aec       0xc0 ./src/UART_program.o
                0x08002aec                USART3_IRQHandler
 .text.callBackRX
                0x08002bac      0x19c ./src/WIFI_program.o
                0x08002bac                callBackRX
 .text.WIFI_voidHandleRequest
                0x08002d48       0x58 ./src/WIFI_program.o
 .text.WIFI_u8Init
                0x08002da0       0x90 ./src/WIFI_program.o
                0x08002da0                WIFI_u8Init
 .text.WIFI_u8SendCommand
                0x08002e30       0x30 ./src/WIFI_program.o
                0x08002e30                WIFI_u8SendCommand
 .text.WIFI_u8ConnectToAccessPoint
                0x08002e60      0x128 ./src/WIFI_program.o
                0x08002e60                WIFI_u8ConnectToAccessPoint
 .text.WIFI_u8ReceiveData
                0x08002f88      0x15c ./src/WIFI_program.o
                0x08002f88                WIFI_u8ReceiveData
 .text.WIFI_u8SendCommandToServer
                0x080030e4      0x134 ./src/WIFI_program.o
                0x080030e4                WIFI_u8SendCommandToServer
 .text.WIFI_u8ReceiveCommand
                0x08003218       0xf4 ./src/WIFI_program.o
                0x08003218                WIFI_u8ReceiveCommand
 .text.main     0x0800330c       0xb8 ./src/main.o
                0x0800330c                main
 .text          0x080033c4      0x378 c:/program files (x86)/gnu tools arm embedded/8 2019-q3-update/bin/../lib/gcc/arm-none-eabi/8.3.1/thumb/v7-m/nofp\libgcc.a(_arm_addsubdf3.o)
                0x080033c4                __aeabi_drsub
                0x080033cc                __aeabi_dsub
                0x080033cc                __subdf3
                0x080033d0                __aeabi_dadd
                0x080033d0                __adddf3
                0x08003648                __floatunsidf
                0x08003648                __aeabi_ui2d
                0x08003668                __floatsidf
                0x08003668                __aeabi_i2d
                0x0800368c                __aeabi_f2d
                0x0800368c                __extendsfdf2
                0x080036d0                __floatundidf
                0x080036d0                __aeabi_ul2d
                0x080036e0                __floatdidf
                0x080036e0                __aeabi_l2d
 .text          0x0800373c      0x424 c:/program files (x86)/gnu tools arm embedded/8 2019-q3-update/bin/../lib/gcc/arm-none-eabi/8.3.1/thumb/v7-m/nofp\libgcc.a(_arm_muldivdf3.o)
                0x0800373c                __aeabi_dmul
                0x0800373c                __muldf3
                0x08003990                __divdf3
                0x08003990                __aeabi_ddiv
 .text          0x08003b60       0x40 c:/program files (x86)/gnu tools arm embedded/8 2019-q3-update/bin/../lib/gcc/arm-none-eabi/8.3.1/thumb/v7-m/nofp\libgcc.a(_arm_fixunsdfsi.o)
                0x08003b60                __aeabi_d2uiz
                0x08003b60                __fixunsdfsi
 .text          0x08003ba0      0x21c c:/program files (x86)/gnu tools arm embedded/8 2019-q3-update/bin/../lib/gcc/arm-none-eabi/8.3.1/thumb/v7-m/nofp\libgcc.a(_arm_addsubsf3.o)
                0x08003ba0                __aeabi_frsub
                0x08003ba8                __subsf3
                0x08003ba8                __aeabi_fsub
                0x08003bac                __aeabi_fadd
                0x08003bac                __addsf3
                0x08003d0c                __aeabi_ui2f
                0x08003d0c                __floatunsisf
                0x08003d14                __aeabi_i2f
                0x08003d14                __floatsisf
                0x08003d30                __aeabi_ul2f
                0x08003d30                __floatundisf
                0x08003d40                __aeabi_l2f
                0x08003d40                __floatdisf
 .text          0x08003dbc      0x2a0 c:/program files (x86)/gnu tools arm embedded/8 2019-q3-update/bin/../lib/gcc/arm-none-eabi/8.3.1/thumb/v7-m/nofp\libgcc.a(_arm_muldivsf3.o)
                0x08003dbc                __mulsf3
                0x08003dbc                __aeabi_fmul
                0x08003f24                __aeabi_fdiv
                0x08003f24                __divsf3
 .text          0x0800405c       0x40 c:/program files (x86)/gnu tools arm embedded/8 2019-q3-update/bin/../lib/gcc/arm-none-eabi/8.3.1/thumb/v7-m/nofp\libgcc.a(_arm_fixunssfsi.o)
                0x0800405c                __fixunssfsi
                0x0800405c                __aeabi_f2uiz
 .text.__errno  0x0800409c        0xc c:/program files (x86)/gnu tools arm embedded/8 2019-q3-update/bin/../lib/gcc/arm-none-eabi/8.3.1/../../../../arm-none-eabi/lib/thumb/v7-m/nofp\libg_nano.a(lib_a-errno.o)
                0x0800409c                __errno
 .text.memcpy   0x080040a8       0x1c c:/program files (x86)/gnu tools arm embedded/8 2019-q3-update/bin/../lib/gcc/arm-none-eabi/8.3.1/../../../../arm-none-eabi/lib/thumb/v7-m/nofp\libg_nano.a(lib_a-memcpy-stub.o)
                0x080040a8                memcpy
 .text.memset   0x080040c4       0x10 c:/program files (x86)/gnu tools arm embedded/8 2019-q3-update/bin/../lib/gcc/arm-none-eabi/8.3.1/../../../../arm-none-eabi/lib/thumb/v7-m/nofp\libg_nano.a(lib_a-memset.o)
                0x080040c4                memset
 .text.sprintf  0x080040d4       0x40 c:/program files (x86)/gnu tools arm embedded/8 2019-q3-update/bin/../lib/gcc/arm-none-eabi/8.3.1/../../../../arm-none-eabi/lib/thumb/v7-m/nofp\libg_nano.a(lib_a-sprintf.o)
                0x080040d4                siprintf
                0x080040d4                sprintf
 .text.strcat   0x08004114       0x20 c:/program files (x86)/gnu tools arm embedded/8 2019-q3-update/bin/../lib/gcc/arm-none-eabi/8.3.1/../../../../arm-none-eabi/lib/thumb/v7-m/nofp\libg_nano.a(lib_a-strcat.o)
                0x08004114                strcat
 .text          0x08004134       0x10 c:/program files (x86)/gnu tools arm embedded/8 2019-q3-update/bin/../lib/gcc/arm-none-eabi/8.3.1/../../../../arm-none-eabi/lib/thumb/v7-m/nofp\libg_nano.a(lib_a-strlen.o)
                0x08004134                strlen
 .text._vsnprintf_r
                0x08004144       0x58 c:/program files (x86)/gnu tools arm embedded/8 2019-q3-update/bin/../lib/gcc/arm-none-eabi/8.3.1/../../../../arm-none-eabi/lib/thumb/v7-m/nofp\libg_nano.a(lib_a-vsnprintf.o)
                0x08004144                _vsniprintf_r
                0x08004144                _vsnprintf_r
 .text.vsnprintf
                0x0800419c       0x1c c:/program files (x86)/gnu tools arm embedded/8 2019-q3-update/bin/../lib/gcc/arm-none-eabi/8.3.1/../../../../arm-none-eabi/lib/thumb/v7-m/nofp\libg_nano.a(lib_a-vsnprintf.o)
                0x0800419c                vsniprintf
                0x0800419c                vsnprintf
 .text.__ssputs_r
                0x080041b8       0xb6 c:/program files (x86)/gnu tools arm embedded/8 2019-q3-update/bin/../lib/gcc/arm-none-eabi/8.3.1/../../../../arm-none-eabi/lib/thumb/v7-m/nofp\libg_nano.a(lib_a-nano-svfprintf.o)
                0x080041b8                __ssputs_r
 *fill*         0x0800426e        0x2 
 .text._svfprintf_r
                0x08004270      0x1f0 c:/program files (x86)/gnu tools arm embedded/8 2019-q3-update/bin/../lib/gcc/arm-none-eabi/8.3.1/../../../../arm-none-eabi/lib/thumb/v7-m/nofp\libg_nano.a(lib_a-nano-svfprintf.o)
                0x08004270                _svfiprintf_r
                0x08004270                _svfprintf_r
 .text._printf_common
                0x08004460       0xec c:/program files (x86)/gnu tools arm embedded/8 2019-q3-update/bin/../lib/gcc/arm-none-eabi/8.3.1/../../../../arm-none-eabi/lib/thumb/v7-m/nofp\libg_nano.a(lib_a-nano-vfprintf_i.o)
                0x08004460                _printf_common
 .text._printf_i
                0x0800454c      0x22c c:/program files (x86)/gnu tools arm embedded/8 2019-q3-update/bin/../lib/gcc/arm-none-eabi/8.3.1/../../../../arm-none-eabi/lib/thumb/v7-m/nofp\libg_nano.a(lib_a-nano-vfprintf_i.o)
                0x0800454c                _printf_i
 .text.memchr   0x08004778       0x1c c:/program files (x86)/gnu tools arm embedded/8 2019-q3-update/bin/../lib/gcc/arm-none-eabi/8.3.1/../../../../arm-none-eabi/lib/thumb/v7-m/nofp\libg_nano.a(lib_a-memchr-stub.o)
                0x08004778                memchr
 .text.memmove  0x08004794       0x34 c:/program files (x86)/gnu tools arm embedded/8 2019-q3-update/bin/../lib/gcc/arm-none-eabi/8.3.1/../../../../arm-none-eabi/lib/thumb/v7-m/nofp\libg_nano.a(lib_a-memmove.o)
                0x08004794                memmove
 .text._free_r  0x080047c8       0x98 c:/program files (x86)/gnu tools arm embedded/8 2019-q3-update/bin/../lib/gcc/arm-none-eabi/8.3.1/../../../../arm-none-eabi/lib/thumb/v7-m/nofp\libg_nano.a(lib_a-nano-freer.o)
                0x080047c8                _free_r
 .text._malloc_r
                0x08004860       0xb4 c:/program files (x86)/gnu tools arm embedded/8 2019-q3-update/bin/../lib/gcc/arm-none-eabi/8.3.1/../../../../arm-none-eabi/lib/thumb/v7-m/nofp\libg_nano.a(lib_a-nano-mallocr.o)
                0x08004860                _malloc_r
 .text._realloc_r
                0x08004914       0x4c c:/program files (x86)/gnu tools arm embedded/8 2019-q3-update/bin/../lib/gcc/arm-none-eabi/8.3.1/../../../../arm-none-eabi/lib/thumb/v7-m/nofp\libg_nano.a(lib_a-nano-reallocr.o)
                0x08004914                _realloc_r
 .text._sbrk_r  0x08004960       0x20 c:/program files (x86)/gnu tools arm embedded/8 2019-q3-update/bin/../lib/gcc/arm-none-eabi/8.3.1/../../../../arm-none-eabi/lib/thumb/v7-m/nofp\libg_nano.a(lib_a-sbrkr.o)
                0x08004960                _sbrk_r
 .text.__malloc_lock
                0x08004980        0xc c:/program files (x86)/gnu tools arm embedded/8 2019-q3-update/bin/../lib/gcc/arm-none-eabi/8.3.1/../../../../arm-none-eabi/lib/thumb/v7-m/nofp\libg_nano.a(lib_a-mlock.o)
                0x08004980                __malloc_lock
 .text.__malloc_unlock
                0x0800498c        0xc c:/program files (x86)/gnu tools arm embedded/8 2019-q3-update/bin/../lib/gcc/arm-none-eabi/8.3.1/../../../../arm-none-eabi/lib/thumb/v7-m/nofp\libg_nano.a(lib_a-mlock.o)
                0x0800498c                __malloc_unlock
 .text._malloc_usable_size_r
                0x08004998       0x10 c:/program files (x86)/gnu tools arm embedded/8 2019-q3-update/bin/../lib/gcc/arm-none-eabi/8.3.1/../../../../arm-none-eabi/lib/thumb/v7-m/nofp\libg_nano.a(lib_a-nano-msizer.o)
                0x08004998                _malloc_usable_size_r
 .text.__retarget_lock_acquire_recursive
                0x080049a8        0x2 c:/program files (x86)/gnu tools arm embedded/8 2019-q3-update/bin/../lib/gcc/arm-none-eabi/8.3.1/../../../../arm-none-eabi/lib/thumb/v7-m/nofp\libg_nano.a(lib_a-lock.o)
                0x080049a8                __retarget_lock_acquire_recursive
 .text.__retarget_lock_release_recursive
                0x080049aa        0x2 c:/program files (x86)/gnu tools arm embedded/8 2019-q3-update/bin/../lib/gcc/arm-none-eabi/8.3.1/../../../../arm-none-eabi/lib/thumb/v7-m/nofp\libg_nano.a(lib_a-lock.o)
                0x080049aa                __retarget_lock_release_recursive
 *(.rodata .rodata.* .constdata .constdata.*)
 .rodata.dumpExceptionStack.str1.4
                0x080049ac      0x11a ./system/src/cortexm/exception_handlers.o
 *fill*         0x08004ac6        0x2 
 .rodata.str1.4
                0x08004ac8       0x2a ./system/src/cortexm/exception_handlers.o
 *fill*         0x08004af2        0x2 
 .rodata.bootloader_handle_dis_read_protect_cmd.str1.4
                0x08004af4       0x38 ./src/Bootloader.o
 .rodata.bootloader_handle_dis_write_protect_cmd.str1.4
                0x08004b2c       0x39 ./src/Bootloader.o
 *fill*         0x08004b65        0x3 
 .rodata.bootloader_handle_en_read_protect_cmd.str1.4
                0x08004b68       0x37 ./src/Bootloader.o
 *fill*         0x08004b9f        0x1 
 .rodata.bootloader_handle_en_write_protect_cmd.str1.4
                0x08004ba0       0x38 ./src/Bootloader.o
 .rodata.bootloader_handle_existing_apps_cmd.str1.4
                0x08004bd8       0x35 ./src/Bootloader.o
 *fill*         0x08004c0d        0x3 
 .rodata.bootloader_handle_flash_erase_cmd.str1.4
                0x08004c10       0x67 ./src/Bootloader.o
 *fill*         0x08004c77        0x1 
 .rodata.bootloader_handle_flash_mass_erase_cmd.str1.4
                0x08004c78       0x38 ./src/Bootloader.o
 .rodata.bootloader_handle_getcid_cmd.str1.4
                0x08004cb0       0x27 ./src/Bootloader.o
 *fill*         0x08004cd7        0x1 
 .rodata.bootloader_handle_gethelp_cmd.str1.4
                0x08004cd8       0x2f ./src/Bootloader.o
                                 0x37 (size before relaxing)
 *fill*         0x08004d07        0x1 
 .rodata.bootloader_handle_getrdp_cmd.str1.4
                0x08004d08       0x2e ./src/Bootloader.o
 *fill*         0x08004d36        0x2 
 .rodata.bootloader_handle_getver_cmd.str1.4
                0x08004d38       0x4f ./src/Bootloader.o
 *fill*         0x08004d87        0x1 
 .rodata.bootloader_handle_goto_address_cmd.str1.4
                0x08004d88       0xa9 ./src/Bootloader.o
 *fill*         0x08004e31        0x3 
 .rodata.bootloader_handle_mem_read_cmd.str1.4
                0x08004e34       0x7a ./src/Bootloader.o
 *fill*         0x08004eae        0x2 
 .rodata.bootloader_handle_mem_write_cmd.str1.4
                0x08004eb0       0xb7 ./src/Bootloader.o
 *fill*         0x08004f67        0x1 
 .rodata.bootloader_handle_read_sectors_status_cmd.str1.4
                0x08004f68       0x3b ./src/Bootloader.o
 *fill*         0x08004fa3        0x1 
 .rodata.bootloader_handle_save_app_info_cmd.str1.4
                0x08004fa4       0x8e ./src/Bootloader.o
 *fill*         0x08005032        0x2 
 .rodata.bootloader_handle_system_reset_cmd.str1.4
                0x08005034       0x34 ./src/Bootloader.o
 .rodata.bootloader_send_ack.str1.4
                0x08005068       0x31 ./src/Bootloader.o
 *fill*         0x08005099        0x3 
 .rodata.bootloader_voidJumpToUserApp.str1.4
                0x0800509c       0x61 ./src/Bootloader.o
 *fill*         0x080050fd        0x3 
 .rodata.bootloader_voidUARTReadData.str1.4
                0x08005100      0x115 ./src/Bootloader.o
 *fill*         0x08005215        0x3 
 .rodata.HUART_USART1
                0x08005218       0x20 ./src/HUART_program.o
                0x08005218                HUART_USART1
 .rodata.HUART_USART2
                0x08005238       0x20 ./src/HUART_program.o
                0x08005238                HUART_USART2
 .rodata        0x08005258      0x200 ./src/WIFI_program.o
 .rodata.WIFI_u8ConnectToAccessPoint.str1.4
                0x08005458        0xf ./src/WIFI_program.o
 *fill*         0x08005467        0x1 
 .rodata.WIFI_u8CountData.str1.4
                0x08005468       0xc3 ./src/WIFI_program.o
 *fill*         0x0800552b        0x1 
 .rodata.WIFI_u8Init.str1.4
                0x0800552c        0x9 ./src/WIFI_program.o
 *fill*         0x08005535        0x3 
 .rodata.WIFI_u8ReceiveCommand.str1.4
                0x08005538       0x8e ./src/WIFI_program.o
 *fill*         0x080055c6        0x2 
 .rodata.WIFI_u8SendCommandToServer.str1.4
                0x080055c8       0x34 ./src/WIFI_program.o
 .rodata.main.str1.4
                0x080055fc        0x8 ./src/main.o
                                  0x6 (size before relaxing)
 .rodata._svfprintf_r.str1.1
                0x08005604       0x11 c:/program files (x86)/gnu tools arm embedded/8 2019-q3-update/bin/../lib/gcc/arm-none-eabi/8.3.1/../../../../arm-none-eabi/lib/thumb/v7-m/nofp\libg_nano.a(lib_a-nano-svfprintf.o)
 .rodata._printf_i.str1.1
                0x08005615       0x22 c:/program files (x86)/gnu tools arm embedded/8 2019-q3-update/bin/../lib/gcc/arm-none-eabi/8.3.1/../../../../arm-none-eabi/lib/thumb/v7-m/nofp\libg_nano.a(lib_a-nano-vfprintf_i.o)
 *(vtable)
 *(.eh_frame*)
 *(.glue_7)
 .glue_7        0x08005637        0x0 linker stubs
 *(.glue_7t)
 .glue_7t       0x08005637        0x0 linker stubs

.vfp11_veneer   0x08005638        0x0
 .vfp11_veneer  0x08005638        0x0 linker stubs

.v4_bx          0x08005638        0x0
 .v4_bx         0x08005638        0x0 linker stubs

.iplt           0x08005638        0x0
 .iplt          0x08005638        0x0 ./system/src/newlib/_exit.o

.rel.dyn        0x08005638        0x0
 .rel.iplt      0x08005638        0x0 ./system/src/newlib/_exit.o

.ARM.extab
 *(.ARM.extab* .gnu.linkonce.armextab.*)
                0x08005638                . = ALIGN (0x4)
                0x08005638                __exidx_start = .

.ARM.exidx
 *(.ARM.exidx* .gnu.linkonce.armexidx.*)
                0x08005638                __exidx_end = .
                0x08005638                . = ALIGN (0x4)
                0x08005638                _etext = .
                0x08005638                __etext = .

.data_CCMRAM    0x00000000        0x0 load address 0x08005638
 FILL mask 0xff
 *(.data.CCMRAM .data.CCMRAM.*)
                0x00000000                . = ALIGN (0x4)
                0x08005638                _sidata = LOADADDR (.data)

.data           0x20000000       0xd8 load address 0x08005638
 FILL mask 0xff
                0x20000000                _sdata = .
                0x20000000                __data_start__ = .
 *(.data_begin .data_begin.*)
 .data_begin    0x20000000        0x4 ./system/src/newlib/_startup.o
 *(.data .data.*)
 .data.argv.4375
                0x20000004        0x8 ./system/src/newlib/_syscalls.o
 .data.AHBPrescTable
                0x2000000c       0x10 ./system/src/cmsis/system_stm32f10x.o
                0x2000000c                AHBPrescTable
 .data.SystemCoreClock
                0x2000001c        0x4 ./system/src/cmsis/system_stm32f10x.o
                0x2000001c                SystemCoreClock
 .data.supported_commands
                0x20000020       0x11 ./src/Bootloader.o
                0x20000020                supported_commands
 *fill*         0x20000031        0x3 ff
 .data.CPU_CLOCK
                0x20000034        0x4 ./src/Delay_program.o
 .data.rxBufferUART1
                0x20000038        0x8 ./src/UART_program.o
 .data.rxBufferUART2
                0x20000040        0x8 ./src/UART_program.o
 .data.rxBufferUART3
                0x20000048        0x8 ./src/UART_program.o
 .data.txBufferUART1
                0x20000050        0x8 ./src/UART_program.o
 .data.txBufferUART2
                0x20000058        0x8 ./src/UART_program.o
 .data.txBufferUART3
                0x20000060        0x8 ./src/UART_program.o
 .data.static_u32RequiredIndex
                0x20000068        0x4 ./src/WIFI_program.o
 .data.static_u8ReceiveFlag
                0x2000006c        0x1 ./src/WIFI_program.o
 *fill*         0x2000006d        0x3 ff
 .data._impure_ptr
                0x20000070        0x4 c:/program files (x86)/gnu tools arm embedded/8 2019-q3-update/bin/../lib/gcc/arm-none-eabi/8.3.1/../../../../arm-none-eabi/lib/thumb/v7-m/nofp\libg_nano.a(lib_a-impure.o)
                0x20000070                _impure_ptr
 .data.impure_data
                0x20000074       0x60 c:/program files (x86)/gnu tools arm embedded/8 2019-q3-update/bin/../lib/gcc/arm-none-eabi/8.3.1/../../../../arm-none-eabi/lib/thumb/v7-m/nofp\libg_nano.a(lib_a-impure.o)
 *(.data_end .data_end.*)
 .data_end      0x200000d4        0x4 ./system/src/newlib/_startup.o
                0x200000d8                . = ALIGN (0x4)
                0x200000d8                _edata = .
                0x200000d8                __data_end__ = .

.igot.plt       0x200000d8        0x0 load address 0x08005710
 .igot.plt      0x200000d8        0x0 ./system/src/newlib/_exit.o

.bss_CCMRAM     0x00000000        0x0
 *(.bss.CCMRAM .bss.CCMRAM.*)

.bss            0x200000d8     0x1790
                0x200000d8                __bss_start__ = .
                0x200000d8                _sbss = .
 *(.bss_begin .bss_begin.*)
 .bss_begin     0x200000d8        0x4 ./system/src/newlib/_startup.o
 *(.bss .bss.*)
 .bss.current_heap_end.4005
                0x200000dc        0x4 ./system/src/newlib/_sbrk.o
 .bss.name.4374
                0x200000e0        0x1 ./system/src/newlib/_syscalls.o
 *fill*         0x200000e1        0x3 
 .bss.buf.5249  0x200000e4       0x80 ./system/src/diag/Trace.o
 .bss.Global_u8ResponseArray
                0x20000164      0x100 ./src/Bootloader.o
                0x20000164                Global_u8ResponseArray
 .bss.bl_rx_buffer
                0x20000264      0x898 ./src/Bootloader.o
                0x20000264                bl_rx_buffer
 .bss.i         0x20000afc        0x1 ./src/Bootloader.o
                0x20000afc                i
 *fill*         0x20000afd        0x3 
 .bss.buf.5428  0x20000b00       0xc8 ./src/Debug.o
 .bss.RXCallbackFunctionUART1
                0x20000bc8        0x4 ./src/UART_program.o
 .bss.RXCallbackFunctionUART2
                0x20000bcc        0x4 ./src/UART_program.o
 .bss.RXCallbackFunctionUART3
                0x20000bd0        0x4 ./src/UART_program.o
 .bss.TXCallbackFunctionUART1
                0x20000bd4        0x4 ./src/UART_program.o
 .bss.TXCallbackFunctionUART2
                0x20000bd8        0x4 ./src/UART_program.o
 .bss.TXCallbackFunctionUART3
                0x20000bdc        0x4 ./src/UART_program.o
 .bss.Global_u16IteratorForNumberOfTimesDataAreReceived
                0x20000be0        0x2 ./src/WIFI_program.o
                0x20000be0                Global_u16IteratorForNumberOfTimesDataAreReceived
 .bss.Global_u16NumberOfTimesDataWillBeReceived
                0x20000be2        0x2 ./src/WIFI_program.o
                0x20000be2                Global_u16NumberOfTimesDataWillBeReceived
 .bss.Global_u8DataReceivedArray
                0x20000be4      0x800 ./src/WIFI_program.o
 .bss.Static_OUTPUT_PERIPHERAL
                0x200013e4       0x20 ./src/WIFI_program.o
 .bss.Static_UART_PERIPHERAL
                0x20001404       0x20 ./src/WIFI_program.o
 .bss.static_u32DataArrayIterator
                0x20001424        0x4 ./src/WIFI_program.o
 .bss.static_u32DataToBeSavedIterator
                0x20001428        0x4 ./src/WIFI_program.o
 .bss.static_u8DataToArray
                0x2000142c        0x1 ./src/WIFI_program.o
 .bss.static_u8IteratorFlag
                0x2000142d        0x1 ./src/WIFI_program.o
 .bss.static_u8PreviousChar
                0x2000142e        0x1 ./src/WIFI_program.o
 .bss.static_u8Response
                0x2000142f        0x1 ./src/WIFI_program.o
 .bss.static_u8StartSavingData
                0x20001430        0x1 ./src/WIFI_program.o
 *fill*         0x20001431        0x3 
 .bss.__malloc_free_list
                0x20001434        0x4 c:/program files (x86)/gnu tools arm embedded/8 2019-q3-update/bin/../lib/gcc/arm-none-eabi/8.3.1/../../../../arm-none-eabi/lib/thumb/v7-m/nofp\libg_nano.a(lib_a-nano-mallocr.o)
                0x20001434                __malloc_free_list
 .bss.__malloc_sbrk_start
                0x20001438        0x4 c:/program files (x86)/gnu tools arm embedded/8 2019-q3-update/bin/../lib/gcc/arm-none-eabi/8.3.1/../../../../arm-none-eabi/lib/thumb/v7-m/nofp\libg_nano.a(lib_a-nano-mallocr.o)
                0x20001438                __malloc_sbrk_start
 *(COMMON)
 COMMON         0x2000143c        0x4 ./system/src/newlib/_syscalls.o
                0x2000143c                errno
 COMMON         0x20001440        0x8 ./src/Bootloader.o
                0x20001440                OnBoard_Led
 COMMON         0x20001448      0x410 ./src/Flash.o
                0x20001448                OPTSaveBuffer
                0x20001458                FlashSaveBuffer
 COMMON         0x20001858        0x9 c:/program files (x86)/gnu tools arm embedded/8 2019-q3-update/bin/../lib/gcc/arm-none-eabi/8.3.1/../../../../arm-none-eabi/lib/thumb/v7-m/nofp\libg_nano.a(lib_a-lock.o)
                0x20001858                __lock___atexit_recursive_mutex
                0x20001859                __lock___arc4random_mutex
                0x2000185a                __lock___env_recursive_mutex
                0x2000185b                __lock___sinit_recursive_mutex
                0x2000185c                __lock___malloc_recursive_mutex
                0x2000185d                __lock___at_quick_exit_mutex
                0x2000185e                __lock___dd_hash_mutex
                0x2000185f                __lock___tz_mutex
                0x20001860                __lock___sfp_recursive_mutex
 *(.bss_end .bss_end.*)
 *fill*         0x20001861        0x3 
 .bss_end       0x20001864        0x4 ./system/src/newlib/_startup.o
                0x20001868                . = ALIGN (0x4)
                0x20001868                __bss_end__ = .
                0x20001868                _ebss = .

.noinit_CCMRAM
 *(.noinit.CCMRAM .noinit.CCMRAM.*)

.noinit         0x20001868        0x0
                0x20001868                _noinit = .
 *(.noinit .noinit.*)
                0x20001868                . = ALIGN (0x4)
                0x20001868                _end_noinit = .
                [!provide]                PROVIDE (end = _end_noinit)
                [!provide]                PROVIDE (_end = _end_noinit)
                [!provide]                PROVIDE (__end = _end_noinit)
                [!provide]                PROVIDE (__end__ = _end_noinit)

._check_stack   0x20001868      0x100
                0x20001968                . = (. + _Minimum_Stack_Size)
 *fill*         0x20001868      0x100 

.b1text
 *(.b1text)
 *(.b1rodata)
 *(.b1rodata.*)

.eb0text
 *(.eb0text)
 *(.eb0rodata)
 *(.eb0rodata.*)

.eb1text
 *(.eb1text)
 *(.eb1rodata)
 *(.eb1rodata.*)

.eb2text
 *(.eb2text)
 *(.eb2rodata)
 *(.eb2rodata.*)

.eb3text
 *(.eb3text)
 *(.eb3rodata)
 *(.eb3rodata.*)

.stab
 *(.stab)

.stabstr
 *(.stabstr)

.stab.excl
 *(.stab.excl)

.stab.exclstr
 *(.stab.exclstr)

.stab.index
 *(.stab.index)

.stab.indexstr
 *(.stab.indexstr)

.comment        0x00000000       0x76
 *(.comment)
 .comment       0x00000000       0x76 ./system/src/newlib/_exit.o
                                 0x77 (size before relaxing)
 .comment       0x00000076       0x77 ./system/src/newlib/_sbrk.o
 .comment       0x00000076       0x77 ./system/src/newlib/_startup.o
 .comment       0x00000076       0x77 ./system/src/newlib/_syscalls.o
 .comment       0x00000076       0x77 ./system/src/diag/Trace.o
 .comment       0x00000076       0x77 ./system/src/diag/trace_impl.o
 .comment       0x00000076       0x77 ./system/src/cortexm/_initialize_hardware.o
 .comment       0x00000076       0x77 ./system/src/cortexm/exception_handlers.o
 .comment       0x00000076       0x77 ./system/src/cmsis/system_stm32f10x.o
 .comment       0x00000076       0x77 ./system/src/cmsis/vectors_stm32f10x.o
 .comment       0x00000076       0x77 ./src/Bootloader.o
 .comment       0x00000076       0x77 ./src/CRC.o
 .comment       0x00000076       0x77 ./src/Debug.o
 .comment       0x00000076       0x77 ./src/Delay_program.o
 .comment       0x00000076       0x77 ./src/Flash.o
 .comment       0x00000076       0x77 ./src/GPIO.o
 .comment       0x00000076       0x77 ./src/HUART_program.o
 .comment       0x00000076       0x77 ./src/NVIC_program.o
 .comment       0x00000076       0x77 ./src/RCC_program.o
 .comment       0x00000076       0x77 ./src/UART_program.o
 .comment       0x00000076       0x77 ./src/WIFI_program.o
 .comment       0x00000076       0x77 ./src/main.o

.ARM.attributes
                0x00000000       0x2b
 .ARM.attributes
                0x00000000       0x2d ./system/src/newlib/_exit.o
 .ARM.attributes
                0x0000002d       0x2d ./system/src/newlib/_sbrk.o
 .ARM.attributes
                0x0000005a       0x2d ./system/src/newlib/_startup.o
 .ARM.attributes
                0x00000087       0x2d ./system/src/newlib/_syscalls.o
 .ARM.attributes
                0x000000b4       0x2d ./system/src/diag/Trace.o
 .ARM.attributes
                0x000000e1       0x2d ./system/src/diag/trace_impl.o
 .ARM.attributes
                0x0000010e       0x2d ./system/src/cortexm/_initialize_hardware.o
 .ARM.attributes
                0x0000013b       0x2d ./system/src/cortexm/exception_handlers.o
 .ARM.attributes
                0x00000168       0x2d ./system/src/cmsis/system_stm32f10x.o
 .ARM.attributes
                0x00000195       0x2d ./system/src/cmsis/vectors_stm32f10x.o
 .ARM.attributes
                0x000001c2       0x2d ./src/Bootloader.o
 .ARM.attributes
                0x000001ef       0x2d ./src/CRC.o
 .ARM.attributes
                0x0000021c       0x2d ./src/Debug.o
 .ARM.attributes
                0x00000249       0x2d ./src/Delay_program.o
 .ARM.attributes
                0x00000276       0x2d ./src/Flash.o
 .ARM.attributes
                0x000002a3       0x2d ./src/GPIO.o
 .ARM.attributes
                0x000002d0       0x2d ./src/HUART_program.o
 .ARM.attributes
                0x000002fd       0x2d ./src/NVIC_program.o
 .ARM.attributes
                0x0000032a       0x2d ./src/RCC_program.o
 .ARM.attributes
                0x00000357       0x2d ./src/UART_program.o
 .ARM.attributes
                0x00000384       0x2d ./src/WIFI_program.o
 .ARM.attributes
                0x000003b1       0x2d ./src/main.o
 .ARM.attributes
                0x000003de       0x1d c:/program files (x86)/gnu tools arm embedded/8 2019-q3-update/bin/../lib/gcc/arm-none-eabi/8.3.1/thumb/v7-m/nofp\libgcc.a(_arm_addsubdf3.o)
 .ARM.attributes
                0x000003fb       0x1d c:/program files (x86)/gnu tools arm embedded/8 2019-q3-update/bin/../lib/gcc/arm-none-eabi/8.3.1/thumb/v7-m/nofp\libgcc.a(_arm_muldivdf3.o)
 .ARM.attributes
                0x00000418       0x1d c:/program files (x86)/gnu tools arm embedded/8 2019-q3-update/bin/../lib/gcc/arm-none-eabi/8.3.1/thumb/v7-m/nofp\libgcc.a(_arm_fixunsdfsi.o)
 .ARM.attributes
                0x00000435       0x1d c:/program files (x86)/gnu tools arm embedded/8 2019-q3-update/bin/../lib/gcc/arm-none-eabi/8.3.1/thumb/v7-m/nofp\libgcc.a(_arm_addsubsf3.o)
 .ARM.attributes
                0x00000452       0x1d c:/program files (x86)/gnu tools arm embedded/8 2019-q3-update/bin/../lib/gcc/arm-none-eabi/8.3.1/thumb/v7-m/nofp\libgcc.a(_arm_muldivsf3.o)
 .ARM.attributes
                0x0000046f       0x1d c:/program files (x86)/gnu tools arm embedded/8 2019-q3-update/bin/../lib/gcc/arm-none-eabi/8.3.1/thumb/v7-m/nofp\libgcc.a(_arm_fixunssfsi.o)
 .ARM.attributes
                0x0000048c       0x2d c:/program files (x86)/gnu tools arm embedded/8 2019-q3-update/bin/../lib/gcc/arm-none-eabi/8.3.1/../../../../arm-none-eabi/lib/thumb/v7-m/nofp\libg_nano.a(lib_a-errno.o)
 .ARM.attributes
                0x000004b9       0x2d c:/program files (x86)/gnu tools arm embedded/8 2019-q3-update/bin/../lib/gcc/arm-none-eabi/8.3.1/../../../../arm-none-eabi/lib/thumb/v7-m/nofp\libg_nano.a(lib_a-impure.o)
 .ARM.attributes
                0x000004e6       0x2d c:/program files (x86)/gnu tools arm embedded/8 2019-q3-update/bin/../lib/gcc/arm-none-eabi/8.3.1/../../../../arm-none-eabi/lib/thumb/v7-m/nofp\libg_nano.a(lib_a-memcpy-stub.o)
 .ARM.attributes
                0x00000513       0x2d c:/program files (x86)/gnu tools arm embedded/8 2019-q3-update/bin/../lib/gcc/arm-none-eabi/8.3.1/../../../../arm-none-eabi/lib/thumb/v7-m/nofp\libg_nano.a(lib_a-memset.o)
 .ARM.attributes
                0x00000540       0x2d c:/program files (x86)/gnu tools arm embedded/8 2019-q3-update/bin/../lib/gcc/arm-none-eabi/8.3.1/../../../../arm-none-eabi/lib/thumb/v7-m/nofp\libg_nano.a(lib_a-sprintf.o)
 .ARM.attributes
                0x0000056d       0x2d c:/program files (x86)/gnu tools arm embedded/8 2019-q3-update/bin/../lib/gcc/arm-none-eabi/8.3.1/../../../../arm-none-eabi/lib/thumb/v7-m/nofp\libg_nano.a(lib_a-strcat.o)
 .ARM.attributes
                0x0000059a       0x17 c:/program files (x86)/gnu tools arm embedded/8 2019-q3-update/bin/../lib/gcc/arm-none-eabi/8.3.1/../../../../arm-none-eabi/lib/thumb/v7-m/nofp\libg_nano.a(lib_a-strlen.o)
 .ARM.attributes
                0x000005b1       0x2d c:/program files (x86)/gnu tools arm embedded/8 2019-q3-update/bin/../lib/gcc/arm-none-eabi/8.3.1/../../../../arm-none-eabi/lib/thumb/v7-m/nofp\libg_nano.a(lib_a-vsnprintf.o)
 .ARM.attributes
                0x000005de       0x2d c:/program files (x86)/gnu tools arm embedded/8 2019-q3-update/bin/../lib/gcc/arm-none-eabi/8.3.1/../../../../arm-none-eabi/lib/thumb/v7-m/nofp\libg_nano.a(lib_a-nano-svfprintf.o)
 .ARM.attributes
                0x0000060b       0x2d c:/program files (x86)/gnu tools arm embedded/8 2019-q3-update/bin/../lib/gcc/arm-none-eabi/8.3.1/../../../../arm-none-eabi/lib/thumb/v7-m/nofp\libg_nano.a(lib_a-nano-vfprintf_i.o)
 .ARM.attributes
                0x00000638       0x2d c:/program files (x86)/gnu tools arm embedded/8 2019-q3-update/bin/../lib/gcc/arm-none-eabi/8.3.1/../../../../arm-none-eabi/lib/thumb/v7-m/nofp\libg_nano.a(lib_a-memchr-stub.o)
 .ARM.attributes
                0x00000665       0x2d c:/program files (x86)/gnu tools arm embedded/8 2019-q3-update/bin/../lib/gcc/arm-none-eabi/8.3.1/../../../../arm-none-eabi/lib/thumb/v7-m/nofp\libg_nano.a(lib_a-memmove.o)
 .ARM.attributes
                0x00000692       0x2d c:/program files (x86)/gnu tools arm embedded/8 2019-q3-update/bin/../lib/gcc/arm-none-eabi/8.3.1/../../../../arm-none-eabi/lib/thumb/v7-m/nofp\libg_nano.a(lib_a-nano-freer.o)
 .ARM.attributes
                0x000006bf       0x2d c:/program files (x86)/gnu tools arm embedded/8 2019-q3-update/bin/../lib/gcc/arm-none-eabi/8.3.1/../../../../arm-none-eabi/lib/thumb/v7-m/nofp\libg_nano.a(lib_a-nano-mallocr.o)
 .ARM.attributes
                0x000006ec       0x2d c:/program files (x86)/gnu tools arm embedded/8 2019-q3-update/bin/../lib/gcc/arm-none-eabi/8.3.1/../../../../arm-none-eabi/lib/thumb/v7-m/nofp\libg_nano.a(lib_a-nano-reallocr.o)
 .ARM.attributes
                0x00000719       0x2d c:/program files (x86)/gnu tools arm embedded/8 2019-q3-update/bin/../lib/gcc/arm-none-eabi/8.3.1/../../../../arm-none-eabi/lib/thumb/v7-m/nofp\libg_nano.a(lib_a-sbrkr.o)
 .ARM.attributes
                0x00000746       0x2d c:/program files (x86)/gnu tools arm embedded/8 2019-q3-update/bin/../lib/gcc/arm-none-eabi/8.3.1/../../../../arm-none-eabi/lib/thumb/v7-m/nofp\libg_nano.a(lib_a-mlock.o)
 .ARM.attributes
                0x00000773       0x2d c:/program files (x86)/gnu tools arm embedded/8 2019-q3-update/bin/../lib/gcc/arm-none-eabi/8.3.1/../../../../arm-none-eabi/lib/thumb/v7-m/nofp\libg_nano.a(lib_a-nano-msizer.o)
 .ARM.attributes
                0x000007a0       0x2d c:/program files (x86)/gnu tools arm embedded/8 2019-q3-update/bin/../lib/gcc/arm-none-eabi/8.3.1/../../../../arm-none-eabi/lib/thumb/v7-m/nofp\libg_nano.a(lib_a-lock.o)

.debug
 *(.debug)

.line
 *(.line)

.debug_srcinfo
 *(.debug_srcinfo)

.debug_sfnames
 *(.debug_sfnames)

.debug_aranges  0x00000000      0x758
 *(.debug_aranges)
 .debug_aranges
                0x00000000       0x28 ./system/src/newlib/_exit.o
 .debug_aranges
                0x00000028       0x20 ./system/src/newlib/_sbrk.o
 .debug_aranges
                0x00000048       0x40 ./system/src/newlib/_startup.o
 .debug_aranges
                0x00000088       0x30 ./system/src/newlib/_syscalls.o
 .debug_aranges
                0x000000b8       0x38 ./system/src/diag/Trace.o
 .debug_aranges
                0x000000f0       0x30 ./system/src/diag/trace_impl.o
 .debug_aranges
                0x00000120       0x28 ./system/src/cortexm/_initialize_hardware.o
 .debug_aranges
                0x00000148       0x90 ./system/src/cortexm/exception_handlers.o
 .debug_aranges
                0x000001d8       0x38 ./system/src/cmsis/system_stm32f10x.o
 .debug_aranges
                0x00000210       0x20 ./system/src/cmsis/vectors_stm32f10x.o
 .debug_aranges
                0x00000230       0xe0 ./src/Bootloader.o
 .debug_aranges
                0x00000310       0x48 ./src/CRC.o
 .debug_aranges
                0x00000358       0x30 ./src/Debug.o
 .debug_aranges
                0x00000388       0x30 ./src/Delay_program.o
 .debug_aranges
                0x000003b8       0xb8 ./src/Flash.o
 .debug_aranges
                0x00000470       0x48 ./src/GPIO.o
 .debug_aranges
                0x000004b8       0x70 ./src/HUART_program.o
 .debug_aranges
                0x00000528       0xa0 ./src/NVIC_program.o
 .debug_aranges
                0x000005c8       0x78 ./src/RCC_program.o
 .debug_aranges
                0x00000640       0x80 ./src/UART_program.o
 .debug_aranges
                0x000006c0       0x78 ./src/WIFI_program.o
 .debug_aranges
                0x00000738       0x20 ./src/main.o

.debug_pubnames
 *(.debug_pubnames)

.debug_info     0x00000000     0xd36e
 *(.debug_info .gnu.linkonce.wi.*)
 .debug_info    0x00000000      0x9e7 ./system/src/newlib/_exit.o
 .debug_info    0x000009e7      0x9d4 ./system/src/newlib/_sbrk.o
 .debug_info    0x000013bb      0x4ce ./system/src/newlib/_startup.o
 .debug_info    0x00001889      0xab9 ./system/src/newlib/_syscalls.o
 .debug_info    0x00002342      0xbdb ./system/src/diag/Trace.o
 .debug_info    0x00002f1d      0x3be ./system/src/diag/trace_impl.o
 .debug_info    0x000032db      0x2d6 ./system/src/cortexm/_initialize_hardware.o
 .debug_info    0x000035b1     0x127b ./system/src/cortexm/exception_handlers.o
 .debug_info    0x0000482c      0x4e0 ./system/src/cmsis/system_stm32f10x.o
 .debug_info    0x00004d0c       0xce ./system/src/cmsis/vectors_stm32f10x.o
 .debug_info    0x00004dda     0x31f5 ./src/Bootloader.o
 .debug_info    0x00007fcf      0x1ca ./src/CRC.o
 .debug_info    0x00008199      0xcd0 ./src/Debug.o
 .debug_info    0x00008e69      0x1d7 ./src/Delay_program.o
 .debug_info    0x00009040      0xa2a ./src/Flash.o
 .debug_info    0x00009a6a      0x3e2 ./src/GPIO.o
 .debug_info    0x00009e4c      0x860 ./src/HUART_program.o
 .debug_info    0x0000a6ac      0x3ff ./src/NVIC_program.o
 .debug_info    0x0000aaab      0x3ae ./src/RCC_program.o
 .debug_info    0x0000ae59      0x7d9 ./src/UART_program.o
 .debug_info    0x0000b632     0x196d ./src/WIFI_program.o
 .debug_info    0x0000cf9f      0x3cf ./src/main.o

.debug_abbrev   0x00000000     0x2ab0
 *(.debug_abbrev)
 .debug_abbrev  0x00000000      0x222 ./system/src/newlib/_exit.o
 .debug_abbrev  0x00000222      0x232 ./system/src/newlib/_sbrk.o
 .debug_abbrev  0x00000454      0x1d7 ./system/src/newlib/_startup.o
 .debug_abbrev  0x0000062b      0x26d ./system/src/newlib/_syscalls.o
 .debug_abbrev  0x00000898      0x2c6 ./system/src/diag/Trace.o
 .debug_abbrev  0x00000b5e      0x221 ./system/src/diag/trace_impl.o
 .debug_abbrev  0x00000d7f       0xfc ./system/src/cortexm/_initialize_hardware.o
 .debug_abbrev  0x00000e7b      0x372 ./system/src/cortexm/exception_handlers.o
 .debug_abbrev  0x000011ed      0x19d ./system/src/cmsis/system_stm32f10x.o
 .debug_abbrev  0x0000138a       0xa5 ./system/src/cmsis/vectors_stm32f10x.o
 .debug_abbrev  0x0000142f      0x3b4 ./src/Bootloader.o
 .debug_abbrev  0x000017e3      0x123 ./src/CRC.o
 .debug_abbrev  0x00001906      0x286 ./src/Debug.o
 .debug_abbrev  0x00001b8c       0xd6 ./src/Delay_program.o
 .debug_abbrev  0x00001c62      0x1d4 ./src/Flash.o
 .debug_abbrev  0x00001e36      0x179 ./src/GPIO.o
 .debug_abbrev  0x00001faf      0x1ff ./src/HUART_program.o
 .debug_abbrev  0x000021ae      0x10f ./src/NVIC_program.o
 .debug_abbrev  0x000022bd      0x1a1 ./src/RCC_program.o
 .debug_abbrev  0x0000245e      0x1d2 ./src/UART_program.o
 .debug_abbrev  0x00002630      0x368 ./src/WIFI_program.o
 .debug_abbrev  0x00002998      0x118 ./src/main.o

.debug_line     0x00000000     0x7c41
 *(.debug_line)
 .debug_line    0x00000000      0x386 ./system/src/newlib/_exit.o
 .debug_line    0x00000386      0x377 ./system/src/newlib/_sbrk.o
 .debug_line    0x000006fd      0x58e ./system/src/newlib/_startup.o
 .debug_line    0x00000c8b      0x48f ./system/src/newlib/_syscalls.o
 .debug_line    0x0000111a      0x462 ./system/src/diag/Trace.o
 .debug_line    0x0000157c      0x4f3 ./system/src/diag/trace_impl.o
 .debug_line    0x00001a6f      0x1b1 ./system/src/cortexm/_initialize_hardware.o
 .debug_line    0x00001c20      0x6ea ./system/src/cortexm/exception_handlers.o
 .debug_line    0x0000230a      0x3bd ./system/src/cmsis/system_stm32f10x.o
 .debug_line    0x000026c7      0x119 ./system/src/cmsis/vectors_stm32f10x.o
 .debug_line    0x000027e0     0x14fd ./src/Bootloader.o
 .debug_line    0x00003cdd      0x137 ./src/CRC.o
 .debug_line    0x00003e14      0x44e ./src/Debug.o
 .debug_line    0x00004262      0x198 ./src/Delay_program.o
 .debug_line    0x000043fa      0xc05 ./src/Flash.o
 .debug_line    0x00004fff      0x37e ./src/GPIO.o
 .debug_line    0x0000537d      0x3dd ./src/HUART_program.o
 .debug_line    0x0000575a      0x629 ./src/NVIC_program.o
 .debug_line    0x00005d83      0x65a ./src/RCC_program.o
 .debug_line    0x000063dd      0x812 ./src/UART_program.o
 .debug_line    0x00006bef      0xc6e ./src/WIFI_program.o
 .debug_line    0x0000785d      0x3e4 ./src/main.o

.debug_frame    0x00000000     0x193c
 *(.debug_frame)
 .debug_frame   0x00000000       0x38 ./system/src/newlib/_exit.o
 .debug_frame   0x00000038       0x28 ./system/src/newlib/_sbrk.o
 .debug_frame   0x00000060       0x7c ./system/src/newlib/_startup.o
 .debug_frame   0x000000dc       0x50 ./system/src/newlib/_syscalls.o
 .debug_frame   0x0000012c       0x94 ./system/src/diag/Trace.o
 .debug_frame   0x000001c0       0x64 ./system/src/diag/trace_impl.o
 .debug_frame   0x00000224       0x40 ./system/src/cortexm/_initialize_hardware.o
 .debug_frame   0x00000264      0x158 ./system/src/cortexm/exception_handlers.o
 .debug_frame   0x000003bc       0x6c ./system/src/cmsis/system_stm32f10x.o
 .debug_frame   0x00000428       0x20 ./system/src/cmsis/vectors_stm32f10x.o
 .debug_frame   0x00000448      0x364 ./src/Bootloader.o
 .debug_frame   0x000007ac       0x7c ./src/CRC.o
 .debug_frame   0x00000828       0xc4 ./src/Debug.o
 .debug_frame   0x000008ec       0x70 ./src/Delay_program.o
 .debug_frame   0x0000095c      0x20c ./src/Flash.o
 .debug_frame   0x00000b68       0xb8 ./src/GPIO.o
 .debug_frame   0x00000c20      0x190 ./src/HUART_program.o
 .debug_frame   0x00000db0      0x120 ./src/NVIC_program.o
 .debug_frame   0x00000ed0       0xfc ./src/RCC_program.o
 .debug_frame   0x00000fcc      0x154 ./src/UART_program.o
 .debug_frame   0x00001120      0x1d4 ./src/WIFI_program.o
 .debug_frame   0x000012f4       0x28 ./src/main.o
 .debug_frame   0x0000131c       0xac c:/program files (x86)/gnu tools arm embedded/8 2019-q3-update/bin/../lib/gcc/arm-none-eabi/8.3.1/thumb/v7-m/nofp\libgcc.a(_arm_addsubdf3.o)
 .debug_frame   0x000013c8       0x50 c:/program files (x86)/gnu tools arm embedded/8 2019-q3-update/bin/../lib/gcc/arm-none-eabi/8.3.1/thumb/v7-m/nofp\libgcc.a(_arm_muldivdf3.o)
 .debug_frame   0x00001418       0x24 c:/program files (x86)/gnu tools arm embedded/8 2019-q3-update/bin/../lib/gcc/arm-none-eabi/8.3.1/thumb/v7-m/nofp\libgcc.a(_arm_fixunsdfsi.o)
 .debug_frame   0x0000143c       0x4c c:/program files (x86)/gnu tools arm embedded/8 2019-q3-update/bin/../lib/gcc/arm-none-eabi/8.3.1/thumb/v7-m/nofp\libgcc.a(_arm_addsubsf3.o)
 .debug_frame   0x00001488       0x38 c:/program files (x86)/gnu tools arm embedded/8 2019-q3-update/bin/../lib/gcc/arm-none-eabi/8.3.1/thumb/v7-m/nofp\libgcc.a(_arm_muldivsf3.o)
 .debug_frame   0x000014c0       0x24 c:/program files (x86)/gnu tools arm embedded/8 2019-q3-update/bin/../lib/gcc/arm-none-eabi/8.3.1/thumb/v7-m/nofp\libgcc.a(_arm_fixunssfsi.o)
 .debug_frame   0x000014e4       0x20 c:/program files (x86)/gnu tools arm embedded/8 2019-q3-update/bin/../lib/gcc/arm-none-eabi/8.3.1/../../../../arm-none-eabi/lib/thumb/v7-m/nofp\libg_nano.a(lib_a-errno.o)
 .debug_frame   0x00001504       0x28 c:/program files (x86)/gnu tools arm embedded/8 2019-q3-update/bin/../lib/gcc/arm-none-eabi/8.3.1/../../../../arm-none-eabi/lib/thumb/v7-m/nofp\libg_nano.a(lib_a-memcpy-stub.o)
 .debug_frame   0x0000152c       0x20 c:/program files (x86)/gnu tools arm embedded/8 2019-q3-update/bin/../lib/gcc/arm-none-eabi/8.3.1/../../../../arm-none-eabi/lib/thumb/v7-m/nofp\libg_nano.a(lib_a-memset.o)
 .debug_frame   0x0000154c       0x6c c:/program files (x86)/gnu tools arm embedded/8 2019-q3-update/bin/../lib/gcc/arm-none-eabi/8.3.1/../../../../arm-none-eabi/lib/thumb/v7-m/nofp\libg_nano.a(lib_a-sprintf.o)
 .debug_frame   0x000015b8       0x28 c:/program files (x86)/gnu tools arm embedded/8 2019-q3-update/bin/../lib/gcc/arm-none-eabi/8.3.1/../../../../arm-none-eabi/lib/thumb/v7-m/nofp\libg_nano.a(lib_a-strcat.o)
 .debug_frame   0x000015e0       0x4c c:/program files (x86)/gnu tools arm embedded/8 2019-q3-update/bin/../lib/gcc/arm-none-eabi/8.3.1/../../../../arm-none-eabi/lib/thumb/v7-m/nofp\libg_nano.a(lib_a-vsnprintf.o)
 .debug_frame   0x0000162c       0x90 c:/program files (x86)/gnu tools arm embedded/8 2019-q3-update/bin/../lib/gcc/arm-none-eabi/8.3.1/../../../../arm-none-eabi/lib/thumb/v7-m/nofp\libg_nano.a(lib_a-nano-svfprintf.o)
 .debug_frame   0x000016bc       0x60 c:/program files (x86)/gnu tools arm embedded/8 2019-q3-update/bin/../lib/gcc/arm-none-eabi/8.3.1/../../../../arm-none-eabi/lib/thumb/v7-m/nofp\libg_nano.a(lib_a-nano-vfprintf_i.o)
 .debug_frame   0x0000171c       0x28 c:/program files (x86)/gnu tools arm embedded/8 2019-q3-update/bin/../lib/gcc/arm-none-eabi/8.3.1/../../../../arm-none-eabi/lib/thumb/v7-m/nofp\libg_nano.a(lib_a-memchr-stub.o)
 .debug_frame   0x00001744       0x28 c:/program files (x86)/gnu tools arm embedded/8 2019-q3-update/bin/../lib/gcc/arm-none-eabi/8.3.1/../../../../arm-none-eabi/lib/thumb/v7-m/nofp\libg_nano.a(lib_a-memmove.o)
 .debug_frame   0x0000176c       0x38 c:/program files (x86)/gnu tools arm embedded/8 2019-q3-update/bin/../lib/gcc/arm-none-eabi/8.3.1/../../../../arm-none-eabi/lib/thumb/v7-m/nofp\libg_nano.a(lib_a-nano-freer.o)
 .debug_frame   0x000017a4       0x30 c:/program files (x86)/gnu tools arm embedded/8 2019-q3-update/bin/../lib/gcc/arm-none-eabi/8.3.1/../../../../arm-none-eabi/lib/thumb/v7-m/nofp\libg_nano.a(lib_a-nano-mallocr.o)
 .debug_frame   0x000017d4       0x3c c:/program files (x86)/gnu tools arm embedded/8 2019-q3-update/bin/../lib/gcc/arm-none-eabi/8.3.1/../../../../arm-none-eabi/lib/thumb/v7-m/nofp\libg_nano.a(lib_a-nano-reallocr.o)
 .debug_frame   0x00001810       0x2c c:/program files (x86)/gnu tools arm embedded/8 2019-q3-update/bin/../lib/gcc/arm-none-eabi/8.3.1/../../../../arm-none-eabi/lib/thumb/v7-m/nofp\libg_nano.a(lib_a-sbrkr.o)
 .debug_frame   0x0000183c       0x30 c:/program files (x86)/gnu tools arm embedded/8 2019-q3-update/bin/../lib/gcc/arm-none-eabi/8.3.1/../../../../arm-none-eabi/lib/thumb/v7-m/nofp\libg_nano.a(lib_a-mlock.o)
 .debug_frame   0x0000186c       0x20 c:/program files (x86)/gnu tools arm embedded/8 2019-q3-update/bin/../lib/gcc/arm-none-eabi/8.3.1/../../../../arm-none-eabi/lib/thumb/v7-m/nofp\libg_nano.a(lib_a-nano-msizer.o)
 .debug_frame   0x0000188c       0xb0 c:/program files (x86)/gnu tools arm embedded/8 2019-q3-update/bin/../lib/gcc/arm-none-eabi/8.3.1/../../../../arm-none-eabi/lib/thumb/v7-m/nofp\libg_nano.a(lib_a-lock.o)

.debug_str      0x00000000    0x44752
 *(.debug_str)
 .debug_str     0x00000000     0x7ceb ./system/src/newlib/_exit.o
                               0x7eb8 (size before relaxing)
 .debug_str     0x00007ceb      0x4f5 ./system/src/newlib/_sbrk.o
                               0x7279 (size before relaxing)
 .debug_str     0x000081e0      0xbbd ./system/src/newlib/_startup.o
                               0x668c (size before relaxing)
 .debug_str     0x00008d9d      0xf94 ./system/src/newlib/_syscalls.o
                               0x825d (size before relaxing)
 .debug_str     0x00009d31      0x826 ./system/src/diag/Trace.o
                               0x8634 (size before relaxing)
 .debug_str     0x0000a557    0x2ff31 ./system/src/diag/trace_impl.o
                              0x37366 (size before relaxing)
 .debug_str     0x0003a488       0xc4 ./system/src/cortexm/_initialize_hardware.o
                              0x33589 (size before relaxing)
 .debug_str     0x0003a54c      0x1a6 ./system/src/cortexm/exception_handlers.o
                              0x388b7 (size before relaxing)
 .debug_str     0x0003a6f2      0x114 ./system/src/cmsis/system_stm32f10x.o
                              0x33623 (size before relaxing)
 .debug_str     0x0003a806       0x57 ./system/src/cmsis/vectors_stm32f10x.o
                               0x3950 (size before relaxing)
 .debug_str     0x0003a85d     0x3e92 ./src/Bootloader.o
                               0x9f92 (size before relaxing)
 .debug_str     0x0003e6ef      0x112 ./src/CRC.o
                               0x3040 (size before relaxing)
 .debug_str     0x0003e801       0x34 ./src/Debug.o
                               0x7e52 (size before relaxing)
 .debug_str     0x0003e835     0x1463 ./src/Delay_program.o
                               0x437c (size before relaxing)
 .debug_str     0x0003fc98      0x997 ./src/Flash.o
                               0x5f5b (size before relaxing)
 .debug_str     0x0004062f     0x1971 ./src/GPIO.o
                               0x4dc5 (size before relaxing)
 .debug_str     0x00041fa0     0x1a21 ./src/HUART_program.o
                               0x64d8 (size before relaxing)
 .debug_str     0x000439c1      0x4d6 ./src/NVIC_program.o
                               0x4409 (size before relaxing)
 .debug_str     0x00043e97      0x22f ./src/RCC_program.o
                               0x4558 (size before relaxing)
 .debug_str     0x000440c6      0x1fa ./src/UART_program.o
                               0x39d2 (size before relaxing)
 .debug_str     0x000442c0      0x44a ./src/WIFI_program.o
                               0x8452 (size before relaxing)
 .debug_str     0x0004470a       0x48 ./src/main.o
                               0x88b4 (size before relaxing)

.debug_loc      0x00000000     0x4b92
 *(.debug_loc)
 .debug_loc     0x00000000       0x15 ./system/src/newlib/_exit.o
 .debug_loc     0x00000015       0x97 ./system/src/newlib/_sbrk.o
 .debug_loc     0x000000ac      0x2a6 ./system/src/newlib/_startup.o
 .debug_loc     0x00000352       0x6f ./system/src/newlib/_syscalls.o
 .debug_loc     0x000003c1      0x118 ./system/src/diag/Trace.o
 .debug_loc     0x000004d9      0x1a1 ./system/src/diag/trace_impl.o
 .debug_loc     0x0000067a      0x35c ./system/src/cortexm/exception_handlers.o
 .debug_loc     0x000009d6       0xff ./system/src/cmsis/system_stm32f10x.o
 .debug_loc     0x00000ad5     0x1070 ./src/Bootloader.o
 .debug_loc     0x00001b45       0xa3 ./src/CRC.o
 .debug_loc     0x00001be8       0x66 ./src/Debug.o
 .debug_loc     0x00001c4e       0x8e ./src/Delay_program.o
 .debug_loc     0x00001cdc      0x915 ./src/Flash.o
 .debug_loc     0x000025f1      0x23a ./src/GPIO.o
 .debug_loc     0x0000282b      0x428 ./src/HUART_program.o
 .debug_loc     0x00002c53      0xd9d ./src/NVIC_program.o
 .debug_loc     0x000039f0      0x45c ./src/RCC_program.o
 .debug_loc     0x00003e4c      0x834 ./src/UART_program.o
 .debug_loc     0x00004680      0x512 ./src/WIFI_program.o

.debug_macinfo
 *(.debug_macinfo)

.debug_weaknames
 *(.debug_weaknames)

.debug_funcnames
 *(.debug_funcnames)

.debug_typenames
 *(.debug_typenames)

.debug_varnames
 *(.debug_varnames)
OUTPUT(Bootloader_STM32f103c8t6_FOTA.elf elf32-littlearm)

.debug_ranges   0x00000000      0x640
 .debug_ranges  0x00000000       0x18 ./system/src/newlib/_exit.o
 .debug_ranges  0x00000018       0x10 ./system/src/newlib/_sbrk.o
 .debug_ranges  0x00000028       0x48 ./system/src/newlib/_startup.o
 .debug_ranges  0x00000070       0x20 ./system/src/newlib/_syscalls.o
 .debug_ranges  0x00000090       0x28 ./system/src/diag/Trace.o
 .debug_ranges  0x000000b8       0x38 ./system/src/diag/trace_impl.o
 .debug_ranges  0x000000f0       0x18 ./system/src/cortexm/_initialize_hardware.o
 .debug_ranges  0x00000108       0x98 ./system/src/cortexm/exception_handlers.o
 .debug_ranges  0x000001a0       0x28 ./system/src/cmsis/system_stm32f10x.o
 .debug_ranges  0x000001c8       0x10 ./system/src/cmsis/vectors_stm32f10x.o
 .debug_ranges  0x000001d8       0xd0 ./src/Bootloader.o
 .debug_ranges  0x000002a8       0x38 ./src/CRC.o
 .debug_ranges  0x000002e0       0x20 ./src/Debug.o
 .debug_ranges  0x00000300       0x20 ./src/Delay_program.o
 .debug_ranges  0x00000320       0xa8 ./src/Flash.o
 .debug_ranges  0x000003c8       0x38 ./src/GPIO.o
 .debug_ranges  0x00000400       0x60 ./src/HUART_program.o
 .debug_ranges  0x00000460       0x90 ./src/NVIC_program.o
 .debug_ranges  0x000004f0       0x68 ./src/RCC_program.o
 .debug_ranges  0x00000558       0x70 ./src/UART_program.o
 .debug_ranges  0x000005c8       0x68 ./src/WIFI_program.o
 .debug_ranges  0x00000630       0x10 ./src/main.o

.debug_macro    0x00000000     0x414e
 .debug_macro   0x00000000      0x1ae ./system/src/newlib/_exit.o
 .debug_macro   0x000001ae       0x34 ./system/src/newlib/_exit.o
 .debug_macro   0x000001e2      0x10e ./system/src/newlib/_exit.o
 .debug_macro   0x000002f0       0x8d ./system/src/newlib/_exit.o
 .debug_macro   0x0000037d       0x43 ./system/src/newlib/_exit.o
 .debug_macro   0x000003c0      0x339 ./system/src/newlib/_exit.o
 .debug_macro   0x000006f9       0x35 ./system/src/newlib/_exit.o
 .debug_macro   0x0000072e      0x163 ./system/src/newlib/_sbrk.o
 .debug_macro   0x00000891      0x174 ./system/src/newlib/_sbrk.o
 .debug_macro   0x00000a05       0x10 ./system/src/newlib/_sbrk.o
 .debug_macro   0x00000a15      0x23b ./system/src/newlib/_sbrk.o
 .debug_macro   0x00000c50      0x15f ./system/src/newlib/_startup.o
 .debug_macro   0x00000daf      0x220 ./system/src/newlib/_syscalls.o
 .debug_macro   0x00000fcf       0x1c ./system/src/newlib/_syscalls.o
 .debug_macro   0x00000feb       0x10 ./system/src/newlib/_syscalls.o
 .debug_macro   0x00000ffb       0x10 ./system/src/newlib/_syscalls.o
 .debug_macro   0x0000100b       0x10 ./system/src/newlib/_syscalls.o
 .debug_macro   0x0000101b       0x35 ./system/src/newlib/_syscalls.o
 .debug_macro   0x00001050      0x122 ./system/src/newlib/_syscalls.o
 .debug_macro   0x00001172       0x88 ./system/src/newlib/_syscalls.o
 .debug_macro   0x000011fa       0x7c ./system/src/newlib/_syscalls.o
 .debug_macro   0x00001276       0x17 ./system/src/newlib/_syscalls.o
 .debug_macro   0x0000128d      0x118 ./system/src/newlib/_syscalls.o
 .debug_macro   0x000013a5      0x189 ./system/src/newlib/_syscalls.o
 .debug_macro   0x0000152e       0x16 ./system/src/newlib/_syscalls.o
 .debug_macro   0x00001544      0x1f5 ./system/src/diag/Trace.o
 .debug_macro   0x00001739       0x16 ./system/src/diag/Trace.o
 .debug_macro   0x0000174f       0x97 ./system/src/diag/Trace.o
 .debug_macro   0x000017e6       0xfd ./system/src/diag/Trace.o
 .debug_macro   0x000018e3       0x10 ./system/src/diag/Trace.o
 .debug_macro   0x000018f3       0x16 ./system/src/diag/Trace.o
 .debug_macro   0x00001909      0x16f ./system/src/diag/Trace.o
 .debug_macro   0x00001a78       0x4c ./system/src/diag/Trace.o
 .debug_macro   0x00001ac4       0x16 ./system/src/diag/Trace.o
 .debug_macro   0x00001ada      0x1e5 ./system/src/diag/trace_impl.o
 .debug_macro   0x00001cbf       0x10 ./system/src/diag/trace_impl.o
 .debug_macro   0x00001ccf       0xcf ./system/src/diag/trace_impl.o
 .debug_macro   0x00001d9e       0x20 ./system/src/diag/trace_impl.o
 .debug_macro   0x00001dbe       0xbe ./system/src/diag/trace_impl.o
 .debug_macro   0x00001e7c       0x22 ./system/src/diag/trace_impl.o
 .debug_macro   0x00001e9e       0x8a ./system/src/cortexm/_initialize_hardware.o
 .debug_macro   0x00001f28      0x23d ./system/src/cortexm/exception_handlers.o
 .debug_macro   0x00002165       0x3b ./system/src/cortexm/exception_handlers.o
 .debug_macro   0x000021a0       0x10 ./system/src/cortexm/exception_handlers.o
 .debug_macro   0x000021b0       0x8d ./system/src/cmsis/system_stm32f10x.o
 .debug_macro   0x0000223d       0x34 ./system/src/cmsis/vectors_stm32f10x.o
 .debug_macro   0x00002271      0x2be ./src/Bootloader.o
 .debug_macro   0x0000252f       0x2e ./src/Bootloader.o
 .debug_macro   0x0000255d      0x13c ./src/Bootloader.o
 .debug_macro   0x00002699       0x3a ./src/Bootloader.o
 .debug_macro   0x000026d3      0x41a ./src/Bootloader.o
 .debug_macro   0x00002aed       0x34 ./src/Bootloader.o
 .debug_macro   0x00002b21       0x3c ./src/CRC.o
 .debug_macro   0x00002b5d      0x21d ./src/Debug.o
 .debug_macro   0x00002d7a       0x1c ./src/Debug.o
 .debug_macro   0x00002d96       0x37 ./src/Delay_program.o
 .debug_macro   0x00002dcd      0x363 ./src/Delay_program.o
 .debug_macro   0x00003130      0x191 ./src/Flash.o
 .debug_macro   0x000032c1      0x538 ./src/GPIO.o
 .debug_macro   0x000037f9       0x5b ./src/HUART_program.o
 .debug_macro   0x00003854      0x320 ./src/HUART_program.o
 .debug_macro   0x00003b74      0x118 ./src/HUART_program.o
 .debug_macro   0x00003c8c       0xad ./src/NVIC_program.o
 .debug_macro   0x00003d39       0x29 ./src/RCC_program.o
 .debug_macro   0x00003d62       0x39 ./src/UART_program.o
 .debug_macro   0x00003d9b      0x1f5 ./src/WIFI_program.o
 .debug_macro   0x00003f90      0x1be ./src/main.o
