Archive member included to satisfy reference by file (symbol)

d:/iti/sdk/assaf/imt_sdk_win_64/winarm/armgcc/bin/../lib/gcc/arm-none-eabi/7.2.1/thumb/v7-m\libgcc.a(_arm_addsubdf3.o)
                              ./src/Delay_program.o (__aeabi_dsub)
d:/iti/sdk/assaf/imt_sdk_win_64/winarm/armgcc/bin/../lib/gcc/arm-none-eabi/7.2.1/thumb/v7-m\libgcc.a(_arm_muldivdf3.o)
                              ./src/Delay_program.o (__aeabi_dmul)
d:/iti/sdk/assaf/imt_sdk_win_64/winarm/armgcc/bin/../lib/gcc/arm-none-eabi/7.2.1/thumb/v7-m\libgcc.a(_arm_fixunsdfsi.o)
                              ./src/Delay_program.o (__aeabi_d2uiz)
d:/iti/sdk/assaf/imt_sdk_win_64/winarm/armgcc/bin/../lib/gcc/arm-none-eabi/7.2.1/thumb/v7-m\libgcc.a(_arm_addsubsf3.o)
                              ./src/HUART_program.o (__aeabi_fsub)
d:/iti/sdk/assaf/imt_sdk_win_64/winarm/armgcc/bin/../lib/gcc/arm-none-eabi/7.2.1/thumb/v7-m\libgcc.a(_arm_muldivsf3.o)
                              ./src/Delay_program.o (__aeabi_fmul)
d:/iti/sdk/assaf/imt_sdk_win_64/winarm/armgcc/bin/../lib/gcc/arm-none-eabi/7.2.1/thumb/v7-m\libgcc.a(_arm_fixunssfsi.o)
                              ./src/Delay_program.o (__aeabi_f2uiz)
d:/iti/sdk/assaf/imt_sdk_win_64/winarm/armgcc/bin/../lib/gcc/arm-none-eabi/7.2.1/../../../../arm-none-eabi/lib/thumb/v7-m\libg_nano.a(lib_a-errno.o)
                              ./system/src/newlib/_sbrk.o (__errno)
d:/iti/sdk/assaf/imt_sdk_win_64/winarm/armgcc/bin/../lib/gcc/arm-none-eabi/7.2.1/../../../../arm-none-eabi/lib/thumb/v7-m\libg_nano.a(lib_a-impure.o)
                              d:/iti/sdk/assaf/imt_sdk_win_64/winarm/armgcc/bin/../lib/gcc/arm-none-eabi/7.2.1/../../../../arm-none-eabi/lib/thumb/v7-m\libg_nano.a(lib_a-errno.o) (_impure_ptr)
d:/iti/sdk/assaf/imt_sdk_win_64/winarm/armgcc/bin/../lib/gcc/arm-none-eabi/7.2.1/../../../../arm-none-eabi/lib/thumb/v7-m\libg_nano.a(lib_a-memcpy-stub.o)
                              ./src/WIFI_program.o (memcpy)
d:/iti/sdk/assaf/imt_sdk_win_64/winarm/armgcc/bin/../lib/gcc/arm-none-eabi/7.2.1/../../../../arm-none-eabi/lib/thumb/v7-m\libg_nano.a(lib_a-memset.o)
                              ./src/Bootloader.o (memset)
d:/iti/sdk/assaf/imt_sdk_win_64/winarm/armgcc/bin/../lib/gcc/arm-none-eabi/7.2.1/../../../../arm-none-eabi/lib/thumb/v7-m\libg_nano.a(lib_a-sprintf.o)
                              ./src/WIFI_program.o (sprintf)
d:/iti/sdk/assaf/imt_sdk_win_64/winarm/armgcc/bin/../lib/gcc/arm-none-eabi/7.2.1/../../../../arm-none-eabi/lib/thumb/v7-m\libg_nano.a(lib_a-strcat.o)
                              ./src/WIFI_program.o (strcat)
d:/iti/sdk/assaf/imt_sdk_win_64/winarm/armgcc/bin/../lib/gcc/arm-none-eabi/7.2.1/../../../../arm-none-eabi/lib/thumb/v7-m\libg_nano.a(lib_a-strlen.o)
                              ./system/src/diag/Trace.o (strlen)
d:/iti/sdk/assaf/imt_sdk_win_64/winarm/armgcc/bin/../lib/gcc/arm-none-eabi/7.2.1/../../../../arm-none-eabi/lib/thumb/v7-m\libg_nano.a(lib_a-vsnprintf.o)
                              ./system/src/diag/Trace.o (vsnprintf)
d:/iti/sdk/assaf/imt_sdk_win_64/winarm/armgcc/bin/../lib/gcc/arm-none-eabi/7.2.1/../../../../arm-none-eabi/lib/thumb/v7-m\libg_nano.a(lib_a-nano-svfprintf.o)
                              d:/iti/sdk/assaf/imt_sdk_win_64/winarm/armgcc/bin/../lib/gcc/arm-none-eabi/7.2.1/../../../../arm-none-eabi/lib/thumb/v7-m\libg_nano.a(lib_a-sprintf.o) (_svfprintf_r)
d:/iti/sdk/assaf/imt_sdk_win_64/winarm/armgcc/bin/../lib/gcc/arm-none-eabi/7.2.1/../../../../arm-none-eabi/lib/thumb/v7-m\libg_nano.a(lib_a-nano-vfprintf_i.o)
                              d:/iti/sdk/assaf/imt_sdk_win_64/winarm/armgcc/bin/../lib/gcc/arm-none-eabi/7.2.1/../../../../arm-none-eabi/lib/thumb/v7-m\libg_nano.a(lib_a-nano-svfprintf.o) (_printf_i)
d:/iti/sdk/assaf/imt_sdk_win_64/winarm/armgcc/bin/../lib/gcc/arm-none-eabi/7.2.1/../../../../arm-none-eabi/lib/thumb/v7-m\libg_nano.a(lib_a-memchr-stub.o)
                              d:/iti/sdk/assaf/imt_sdk_win_64/winarm/armgcc/bin/../lib/gcc/arm-none-eabi/7.2.1/../../../../arm-none-eabi/lib/thumb/v7-m\libg_nano.a(lib_a-nano-svfprintf.o) (memchr)
d:/iti/sdk/assaf/imt_sdk_win_64/winarm/armgcc/bin/../lib/gcc/arm-none-eabi/7.2.1/../../../../arm-none-eabi/lib/thumb/v7-m\libg_nano.a(lib_a-memmove.o)
                              d:/iti/sdk/assaf/imt_sdk_win_64/winarm/armgcc/bin/../lib/gcc/arm-none-eabi/7.2.1/../../../../arm-none-eabi/lib/thumb/v7-m\libg_nano.a(lib_a-nano-svfprintf.o) (memmove)
d:/iti/sdk/assaf/imt_sdk_win_64/winarm/armgcc/bin/../lib/gcc/arm-none-eabi/7.2.1/../../../../arm-none-eabi/lib/thumb/v7-m\libg_nano.a(lib_a-nano-freer.o)
                              d:/iti/sdk/assaf/imt_sdk_win_64/winarm/armgcc/bin/../lib/gcc/arm-none-eabi/7.2.1/../../../../arm-none-eabi/lib/thumb/v7-m\libg_nano.a(lib_a-nano-svfprintf.o) (_free_r)
d:/iti/sdk/assaf/imt_sdk_win_64/winarm/armgcc/bin/../lib/gcc/arm-none-eabi/7.2.1/../../../../arm-none-eabi/lib/thumb/v7-m\libg_nano.a(lib_a-nano-mallocr.o)
[...]
Memory Configuration

Name             Origin             Length             Attributes
RAM              0x20000000         0x00005000         xrw
CCMRAM           0x00000000         0x00000000         xrw
FLASH            0x08000000         0x00020000         xr
FLASHB1          0x00000000         0x00000000         xr
EXTMEMB0         0x00000000         0x00000000         xr
EXTMEMB1         0x00000000         0x00000000         xr
EXTMEMB2         0x00000000         0x00000000         xr
EXTMEMB3         0x00000000         0x00000000         xr
MEMORY_ARRAY     0x00000000         0x00000000         xrw
*default*        0x00000000         0xffffffff

Linker script and memory map

LOAD ./system/src/stm32f1-stdperiph/misc.o
LOAD ./system/src/stm32f1-stdperiph/stm32f10x_rcc.o
LOAD ./system/src/newlib/_cxx.o
LOAD ./system/src/newlib/_exit.o
LOAD ./system/src/newlib/_sbrk.o
LOAD ./system/src/newlib/_startup.o
LOAD ./system/src/newlib/_syscalls.o
LOAD ./system/src/newlib/assert.o
LOAD ./system/src/diag/Trace.o
LOAD ./system/src/diag/trace_impl.o
LOAD ./system/src/cortexm/_initialize_hardware.o
LOAD ./system/src/cortexm/_reset_hardware.o
LOAD ./system/src/cortexm/exception_handlers.o
LOAD ./system/src/cmsis/system_stm32f10x.o
LOAD ./system/src/cmsis/vectors_stm32f10x.o
LOAD ./src/Bootloader.o
LOAD ./src/CRC.o
LOAD ./src/Debug.o
LOAD ./src/Delay_program.o
LOAD ./src/Flash.o
LOAD ./src/GPIO.o
LOAD ./src/HUART_program.o
LOAD ./src/NVIC_program.o
LOAD ./src/RCC_program.o
LOAD ./src/UART_program.o
LOAD ./src/WIFI_program.o
LOAD ./src/main.o
LOAD d:/iti/sdk/assaf/imt_sdk_win_64/winarm/armgcc/bin/../lib/gcc/arm-none-eabi/7.2.1/../../../../arm-none-eabi/lib/thumb/v7-m\libstdc++_nano.a
LOAD d:/iti/sdk/assaf/imt_sdk_win_64/winarm/armgcc/bin/../lib/gcc/arm-none-eabi/7.2.1/../../../../arm-none-eabi/lib/thumb/v7-m\libm.a
START GROUP
LOAD d:/iti/sdk/assaf/imt_sdk_win_64/winarm/armgcc/bin/../lib/gcc/arm-none-eabi/7.2.1/thumb/v7-m\libgcc.a
LOAD d:/iti/sdk/assaf/imt_sdk_win_64/winarm/armgcc/bin/../lib/gcc/arm-none-eabi/7.2.1/../../../../arm-none-eabi/lib/thumb/v7-m\libg_nano.a
LOAD d:/iti/sdk/assaf/imt_sdk_win_64/winarm/armgcc/bin/../lib/gcc/arm-none-eabi/7.2.1/../../../../arm-none-eabi/lib/thumb/v7-m\libc_nano.a
END GROUP
START GROUP
LOAD d:/iti/sdk/assaf/imt_sdk_win_64/winarm/armgcc/bin/../lib/gcc/arm-none-eabi/7.2.1/thumb/v7-m\libgcc.a
LOAD d:/iti/sdk/assaf/imt_sdk_win_64/winarm/armgcc/bin/../lib/gcc/arm-none-eabi/7.2.1/../../../../arm-none-eabi/lib/thumb/v7-m\libc_nano.a
END GROUP
                0x20005000                __stack = (ORIGIN (RAM) + LENGTH (RAM))
                0x20005000                _estack = __stack
                0x00000400                __Main_Stack_Size = 0x400
                [!provide]                PROVIDE (_Main_Stack_Size, __Main_Stack_Size)
                0x20004c00                __Main_Stack_Limit = (__stack - __Main_Stack_Size)
                [!provide]                PROVIDE (_Main_Stack_Limit, __Main_Stack_Limit)
                0x00000100                _Minimum_Stack_Size = 0x100
                0x20001654                PROVIDE (_Heap_Begin, _end_noinit)
                0x20004c00                PROVIDE (_Heap_Limit, (__stack - __Main_Stack_Size))

.isr_vector     0x08000000      0x350
 FILL mask 0xff
                0x08000000                __vectors_start = ABSOLUTE (.)
                0x08000000                __vectors_start__ = ABSOLUTE (.)
 *(.isr_vector)
 .isr_vector    0x08000000      0x10c ./system/src/cmsis/vectors_stm32f10x.o
                0x08000000                __isr_vectors
 *(.cfmconfig)
 *(.after_vectors .after_vectors.*)
 .after_vectors
                0x0800010c      0x114 ./system/src/newlib/_startup.o
                0x0800010c                _start
 .after_vectors
                0x08000220      0x12c ./system/src/cortexm/exception_handlers.o
                0x08000220                Reset_Handler
                0x08000226                NMI_Handler
                0x0800022a                HardFault_Handler
                0x0800023e                HardFault_Handler_C
                0x0800029c                MemManage_Handler
                0x080002a0                BusFault_Handler
                0x080002b4                BusFault_Handler_C
                0x080002e8                UsageFault_Handler
                0x080002fc                UsageFault_Handler_C
                0x08000330                SVC_Handler
                0x08000334                DebugMon_Handler
                0x08000338                PendSV_Handler
                0x0800033c                SysTick_Handler
 .after_vectors
                0x0800034c        0x4 ./system/src/cmsis/vectors_stm32f10x.o
                0x0800034c                EXTI2_IRQHandler
                0x0800034c                TIM8_TRG_COM_IRQHandler
                0x0800034c                TIM8_CC_IRQHandler
                0x0800034c                TIM1_CC_IRQHandler
                0x0800034c                TIM6_IRQHandler
                0x0800034c                PVD_IRQHandler
                0x0800034c                SDIO_IRQHandler
                0x0800034c                CAN2_RX1_IRQHandler
                0x0800034c                EXTI3_IRQHandler
                0x0800034c                TIM8_TRG_COM_TIM14_IRQHandler
                0x0800034c                TIM1_UP_TIM10_IRQHandler
                0x0800034c                TIM8_UP_TIM13_IRQHandler
                0x0800034c                EXTI0_IRQHandler
                0x0800034c                I2C2_EV_IRQHandler
                0x0800034c                CAN1_RX0_IRQHandler
                0x0800034c                TIM1_UP_TIM16_IRQHandler
                0x0800034c                CAN2_SCE_IRQHandler
                0x0800034c                ADC1_2_IRQHandler
                0x0800034c                SPI1_IRQHandler
                0x0800034c                TAMPER_IRQHandler
                0x0800034c                TIM6_DAC_IRQHandler
                0x0800034c                TIM1_BRK_TIM9_IRQHandler
                0x0800034c                CAN2_RX0_IRQHandler
                0x0800034c                TIM8_UP_IRQHandler
                0x0800034c                DMA2_Channel2_IRQHandler
                0x0800034c                DMA1_Channel4_IRQHandler
                0x0800034c                RTC_IRQHandler
                0x0800034c                DMA1_Channel7_IRQHandler
                0x0800034c                CAN1_RX1_IRQHandler
                0x0800034c                UART5_IRQHandler
                0x0800034c                ADC3_IRQHandler
                0x0800034c                TIM4_IRQHandler
                0x0800034c                DMA2_Channel1_IRQHandler
                0x0800034c                I2C1_EV_IRQHandler
                0x0800034c                DMA1_Channel6_IRQHandler
                0x0800034c                UART4_IRQHandler
                0x0800034c                DMA2_Channel4_IRQHandler
                0x0800034c                TIM3_IRQHandler
                0x0800034c                RCC_IRQHandler
                0x0800034c                TIM8_BRK_TIM12_IRQHandler
                0x0800034c                TIM1_TRG_COM_IRQHandler
                0x0800034c                DMA1_Channel1_IRQHandler
                0x0800034c                Default_Handler
                0x0800034c                CEC_IRQHandler
                0x0800034c                EXTI15_10_IRQHandler
                0x0800034c                TIM14_IRQHandler
                0x0800034c                TIM13_IRQHandler
                0x0800034c                TIM12_IRQHandler
                0x0800034c                TIM7_IRQHandler
                0x0800034c                CAN2_TX_IRQHandler
                0x0800034c                TIM5_IRQHandler
                0x0800034c                EXTI9_5_IRQHandler
                0x0800034c                ETH_WKUP_IRQHandler
                0x0800034c                SPI2_IRQHandler
                0x0800034c                CAN1_TX_IRQHandler
                0x0800034c                DMA2_Channel5_IRQHandler
                0x0800034c                DMA1_Channel5_IRQHandler
                0x0800034c                EXTI4_IRQHandler
                0x0800034c                USB_LP_CAN1_RX0_IRQHandler
                0x0800034c                TIM1_TRG_COM_TIM17_IRQHandler
                0x0800034c                USB_HP_CAN1_TX_IRQHandler
                0x0800034c                DMA1_Channel3_IRQHandler
                0x0800034c                FSMC_IRQHandler
                0x0800034c                ETH_IRQHandler
                0x0800034c                TIM1_UP_IRQHandler
                0x0800034c                WWDG_IRQHandler
                0x0800034c                TIM2_IRQHandler
                0x0800034c                OTG_FS_WKUP_IRQHandler
                0x0800034c                TIM1_TRG_COM_TIM11_IRQHandler
                0x0800034c                TIM1_BRK_IRQHandler
                0x0800034c                EXTI1_IRQHandler
                0x0800034c                RTCAlarm_IRQHandler
                0x0800034c                DMA2_Channel4_5_IRQHandler
                0x0800034c                I2C2_ER_IRQHandler
                0x0800034c                DMA1_Channel2_IRQHandler
                0x0800034c                TIM8_BRK_IRQHandler
                0x0800034c                CAN1_SCE_IRQHandler
                0x0800034c                FLASH_IRQHandler
                0x0800034c                OTG_FS_IRQHandler
                0x0800034c                SPI3_IRQHandler
                0x0800034c                I2C1_ER_IRQHandler
                0x0800034c                USBWakeUp_IRQHandler
                0x0800034c                DMA2_Channel3_IRQHandler
                0x0800034c                TIM1_BRK_TIM15_IRQHandler

.inits          0x08000350       0x28
                0x08000350                __data_regions_array_start = .
                0x08000350        0x4 LONG 0x8004bd0 LOADADDR (.data)
                0x08000354        0x4 LONG 0x20000000 ADDR (.data)
                0x08000358        0x4 LONG 0x200000d4 (ADDR (.data) + SIZEOF (.data))
                0x0800035c        0x4 LONG 0x8004bd0 LOADADDR (.data_CCMRAM)
                0x08000360        0x4 LONG 0x0 ADDR (.data_CCMRAM)
                0x08000364        0x4 LONG 0x0 (ADDR (.data_CCMRAM) + SIZEOF (.data_CCMRAM))
                0x08000368                __data_regions_array_end = .
                0x08000368                __bss_regions_array_start = .
                0x08000368        0x4 LONG 0x200000d4 ADDR (.bss)
                0x0800036c        0x4 LONG 0x20001654 (ADDR (.bss) + SIZEOF (.bss))
                0x08000370        0x4 LONG 0x0 ADDR (.bss_CCMRAM)
                0x08000374        0x4 LONG 0x0 (ADDR (.bss_CCMRAM) + SIZEOF (.bss_CCMRAM))
                0x08000378                __bss_regions_array_end = .
 *(.init)
 *(.fini)
                0x08000378                . = ALIGN (0x4)
                0x08000378                PROVIDE (__preinit_array_start, .)
 *(.preinit_array_sysinit .preinit_array_sysinit.*)
 *(.preinit_array_platform .preinit_array_platform.*)
 *(.preinit_array .preinit_array.*)
                0x08000378                PROVIDE (__preinit_array_end, .)
                0x08000378                . = ALIGN (0x4)
                0x08000378                PROVIDE (__init_array_start, .)
 *(SORT_BY_NAME(.init_array.*))
 *(.init_array)
                0x08000378                PROVIDE (__init_array_end, .)
                0x08000378                . = ALIGN (0x4)
                0x08000378                PROVIDE (__fini_array_start, .)
 *(SORT_BY_NAME(.fini_array.*))
 *(.fini_array)
                0x08000378                PROVIDE (__fini_array_end, .)

.flashtext
 *(.flashtext .flashtext.*)

.text           0x08000378     0x4857
 *(.text .text.*)
 .text._exit    0x08000378        0x2 ./system/src/newlib/_exit.o
                0x08000378                _exit
 *fill*         0x0800037a        0x2 
 .text._sbrk    0x0800037c       0x44 ./system/src/newlib/_sbrk.o
                0x0800037c                _sbrk
 .text.__initialize_args
                0x080003c0       0x10 ./system/src/newlib/_syscalls.o
                0x080003c0                __initialize_args
 .text.trace_printf
                0x080003d0       0x30 ./system/src/diag/Trace.o
                0x080003d0                trace_printf
 .text._trace_write_semihosting_debug
                0x08000400       0x60 ./system/src/diag/trace_impl.o
 .text.trace_write
                0x08000460        0x8 ./system/src/diag/trace_impl.o
                0x08000460                trace_write
 .text.__initialize_hardware_early
                0x08000468       0x18 ./system/src/cortexm/_initialize_hardware.o
                0x08000468                __initialize_hardware_early
 .text.__initialize_hardware
                0x08000480        0x8 ./system/src/cortexm/_initialize_hardware.o
                0x08000480                __initialize_hardware
 .text.dumpExceptionStack
                0x08000488       0xf4 ./system/src/cortexm/exception_handlers.o
                0x08000488                dumpExceptionStack
 .text.isSemihosting
                0x0800057c       0x20 ./system/src/cortexm/exception_handlers.o
                0x0800057c                isSemihosting
 .text.SetSysClockTo72
                0x0800059c       0xc4 ./system/src/cmsis/system_stm32f10x.o
 .text.SetSysClock
                0x08000660        0x8 ./system/src/cmsis/system_stm32f10x.o
 .text.SystemInit
                0x08000668       0x50 ./system/src/cmsis/system_stm32f10x.o
                0x08000668                SystemInit
 .text.SystemCoreClockUpdate
                0x080006b8       0x94 ./system/src/cmsis/system_stm32f10x.o
                0x080006b8                SystemCoreClockUpdate
 .text.bootloader_voidJumpToUserApp
                0x0800074c       0x3c ./src/Bootloader.o
                0x0800074c                bootloader_voidJumpToUserApp
 .text.bootloader_send_ack
                0x08000788       0x28 ./src/Bootloader.o
                0x08000788                bootloader_send_ack
 .text.bootloader_verify_crc
                0x080007b0       0x36 ./src/Bootloader.o
                0x080007b0                bootloader_verify_crc
 .text.verify_address
                0x080007e6       0x20 ./src/Bootloader.o
                0x080007e6                verify_address
 .text.char2hex
                0x08000806       0x2c ./src/Bootloader.o
                0x08000806                char2hex
 .text.hex2char
                0x08000832       0x68 ./src/Bootloader.o
                0x08000832                hex2char
 *fill*         0x0800089a        0x2 
 .text.bootloader_send_nack
                0x0800089c       0x1c ./src/Bootloader.o
                0x0800089c                bootloader_send_nack
 .text.bootloader_handle_flash_mass_erase_cmd
                0x080008b8       0x68 ./src/Bootloader.o
                0x080008b8                bootloader_handle_flash_mass_erase_cmd
 .text.bootloader_handle_mem_read_cmd
                0x08000920       0x48 ./src/Bootloader.o
                0x08000920                bootloader_handle_mem_read_cmd
 .text.bootloader_handle_en_read_protect_cmd
                0x08000968       0x68 ./src/Bootloader.o
                0x08000968                bootloader_handle_en_read_protect_cmd
 .text.bootloader_handle_dis_read_protect_cmd
                0x080009d0       0x68 ./src/Bootloader.o
                0x080009d0                bootloader_handle_dis_read_protect_cmd
 .text.bootloader_handle_en_write_protect_cmd
                0x08000a38       0x78 ./src/Bootloader.o
                0x08000a38                bootloader_handle_en_write_protect_cmd
 .text.bootloader_handle_dis_write_protect_cmd
                0x08000ab0       0x78 ./src/Bootloader.o
                0x08000ab0                bootloader_handle_dis_write_protect_cmd
 .text.bootloader_handle_system_reset_cmd
                0x08000b28       0x64 ./src/Bootloader.o
                0x08000b28                bootloader_handle_system_reset_cmd
 .text.bootloader_handle_existing_apps_cmd
                0x08000b8c       0x68 ./src/Bootloader.o
                0x08000b8c                bootloader_handle_existing_apps_cmd
 .text.bootloader_handle_getver_cmd
                0x08000bf4       0x78 ./src/Bootloader.o
                0x08000bf4                bootloader_handle_getver_cmd
 .text.bootloader_handle_gethelp_cmd
                0x08000c6c       0xb0 ./src/Bootloader.o
                0x08000c6c                bootloader_handle_gethelp_cmd
 .text.bootloader_handle_getcid_cmd
                0x08000d1c       0x9c ./src/Bootloader.o
                0x08000d1c                bootloader_handle_getcid_cmd
 .text.bootloader_handle_goto_address_cmd
                0x08000db8       0xd0 ./src/Bootloader.o
                0x08000db8                bootloader_handle_goto_address_cmd
 .text.bootloader_handle_flash_erase_cmd
                0x08000e88       0x9c ./src/Bootloader.o
                0x08000e88                bootloader_handle_flash_erase_cmd
 .text.bootloader_handle_mem_write_cmd
                0x08000f24      0x100 ./src/Bootloader.o
                0x08000f24                bootloader_handle_mem_write_cmd
 .text.bootloader_handle_getrdp_cmd
                0x08001024       0x70 ./src/Bootloader.o
                0x08001024                bootloader_handle_getrdp_cmd
 .text.bootloader_handle_read_sectors_status_cmd
                0x08001094       0xac ./src/Bootloader.o
                0x08001094                bootloader_handle_read_sectors_status_cmd
 .text.bootloader_voidUARTReadData
                0x08001140      0x150 ./src/Bootloader.o
                0x08001140                bootloader_voidUARTReadData
 .text.CRC_ResetDR
                0x08001290        0xc ./src/CRC.o
                0x08001290                CRC_ResetDR
 .text.CRC_CalcBlockCRC
                0x0800129c       0x2c ./src/CRC.o
                0x0800129c                CRC_CalcBlockCRC
 .text.printmsg1
                0x080012c8       0x54 ./src/Debug.o
                0x080012c8                printmsg1
 .text.delay_setCPUclockFactor
                0x0800131c       0x54 ./src/Delay_program.o
                0x0800131c                delay_setCPUclockFactor
 .text.delay_ms
                0x08001370       0x84 ./src/Delay_program.o
                0x08001370                delay_ms
 .text.FLASH_Unlock
                0x080013f4       0x34 ./src/Flash.o
                0x080013f4                FLASH_Unlock
 .text.FLASH_WriteProgram
                0x08001428       0x80 ./src/Flash.o
                0x08001428                FLASH_WriteProgram
 .text.FLASH_MultiplePageErase
                0x080014a8       0x7c ./src/Flash.o
                0x080014a8                FLASH_MultiplePageErase
 .text.FLASH_MassErase
                0x08001524       0x50 ./src/Flash.o
                0x08001524                FLASH_MassErase
 .text.FLASH_OPT_Unlock
                0x08001574       0x38 ./src/Flash.o
                0x08001574                FLASH_OPT_Unlock
 .text.FLASH_OPT_GetRDPStatus
                0x080015ac       0x10 ./src/Flash.o
                0x080015ac                FLASH_OPT_GetRDPStatus
 .text.FLASH_OPT_EraseOPT
                0x080015bc       0x74 ./src/Flash.o
                0x080015bc                FLASH_OPT_EraseOPT
 .text.FLASH_OPT_GetWRPStatus
                0x08001630        0xc ./src/Flash.o
                0x08001630                FLASH_OPT_GetWRPStatus
 .text.FLASH_SystemReset
                0x0800163c       0x18 ./src/Flash.o
                0x0800163c                FLASH_SystemReset
 .text.FLASH_savePage
                0x08001654       0x78 ./src/Flash.o
                0x08001654                FLASH_savePage
 .text.FLASH_updatePage
                0x080016cc       0x90 ./src/Flash.o
                0x080016cc                FLASH_updatePage
 .text.FLASH_reloadPage
                0x0800175c       0x6c ./src/Flash.o
                0x0800175c                FLASH_reloadPage
 .text.FLASH_OPT_ReadProtection_Enable
                0x080017c8       0x64 ./src/Flash.o
                0x080017c8                FLASH_OPT_ReadProtection_Enable
 .text.FLASH_OPT_ReadProtection_Disable
                0x0800182c       0x64 ./src/Flash.o
                0x0800182c                FLASH_OPT_ReadProtection_Disable
 .text.FLASH_OPT_WriteProtection_Enable
                0x08001890      0x108 ./src/Flash.o
                0x08001890                FLASH_OPT_WriteProtection_Enable
 .text.FLASH_OPT_WriteProtection_Disable
                0x08001998      0x140 ./src/Flash.o
                0x08001998                FLASH_OPT_WriteProtection_Disable
 .text.GPIO_Init
                0x08001ad8       0x88 ./src/GPIO.o
                0x08001ad8                GPIO_Init
 .text.GPIO_Pin_Write
                0x08001b60       0x3a ./src/GPIO.o
                0x08001b60                GPIO_Pin_Write
 .text.GPIO_Pin_Read
                0x08001b9a       0x32 ./src/GPIO.o
                0x08001b9a                GPIO_Pin_Read
 .text.HUART_u16BaudrateCalculator
                0x08001bcc       0xfc ./src/HUART_program.o
                0x08001bcc                HUART_u16BaudrateCalculator
 .text.HUART_u8Init
                0x08001cc8       0x78 ./src/HUART_program.o
                0x08001cc8                HUART_u8Init
 .text.HUART_u8SetRXCallBack
                0x08001d40        0xe ./src/HUART_program.o
                0x08001d40                HUART_u8SetRXCallBack
 .text.HUART_u8SendAsync
                0x08001d4e       0x2e ./src/HUART_program.o
                0x08001d4e                HUART_u8SendAsync
 .text.HUART_u8ReceiveAsync
                0x08001d7c       0x2c ./src/HUART_program.o
                0x08001d7c                HUART_u8ReceiveAsync
 .text.HUART_u8SendSync
                0x08001da8       0x30 ./src/HUART_program.o
                0x08001da8                HUART_u8SendSync
 .text.NVIC_u8EnableInterrupt
                0x08001dd8       0x5c ./src/NVIC_program.o
                0x08001dd8                NVIC_u8EnableInterrupt
 .text.RCC_u8GetSWSStatus
                0x08001e34       0x34 ./src/RCC_program.o
                0x08001e34                RCC_u8GetSWSStatus
 .text.RCC_voidEnablePeripheralClock
                0x08001e68       0x4c ./src/RCC_program.o
                0x08001e68                RCC_voidEnablePeripheralClock
 .text.RCC_voidChangeBusPrescalar
                0x08001eb4       0x38 ./src/RCC_program.o
                0x08001eb4                RCC_voidChangeBusPrescalar
 .text.RCC_u16GetPrescalarValue
                0x08001eec      0x108 ./src/RCC_program.o
                0x08001eec                RCC_u16GetPrescalarValue
 .text.RCC_f32GetPLLMultiplierValue
                0x08001ff4      0x144 ./src/RCC_program.o
                0x08001ff4                RCC_f32GetPLLMultiplierValue
 .text.UART_u8Configure
                0x08002138       0x46 ./src/UART_program.o
                0x08002138                UART_u8Configure
 *fill*         0x0800217e        0x2 
 .text.UART_voidSendSync
                0x08002180       0x64 ./src/UART_program.o
                0x08002180                UART_voidSendSync
 .text.UART_u8EnableInterrupt
                0x080021e4       0x18 ./src/UART_program.o
                0x080021e4                UART_u8EnableInterrupt
 .text.UART_voidSendAsync
                0x080021fc       0x50 ./src/UART_program.o
                0x080021fc                UART_voidSendAsync
 .text.UART_u8ReceiveAsync
                0x0800224c       0x50 ./src/UART_program.o
                0x0800224c                UART_u8ReceiveAsync
 .text.UART_u8SetRXCallBack
                0x0800229c       0x40 ./src/UART_program.o
                0x0800229c                UART_u8SetRXCallBack
 .text.UART_voidTerminateReceiving
                0x080022dc       0x48 ./src/UART_program.o
                0x080022dc                UART_voidTerminateReceiving
 .text.UART_voidTerminateSending
                0x08002324       0x50 ./src/UART_program.o
                0x08002324                UART_voidTerminateSending
 .text.USART1_IRQHandler
                0x08002374       0xc0 ./src/UART_program.o
                0x08002374                USART1_IRQHandler
 .text.USART2_IRQHandler
                0x08002434       0xc0 ./src/UART_program.o
                0x08002434                USART2_IRQHandler
 .text.USART3_IRQHandler
                0x080024f4       0xc0 ./src/UART_program.o
                0x080024f4                USART3_IRQHandler
 .text.callBackRX
                0x080025b4      0x15c ./src/WIFI_program.o
                0x080025b4                callBackRX
 .text.WIFI_voidHandleRequest
                0x08002710       0x5c ./src/WIFI_program.o
 .text.WIFI_u8Init
                0x0800276c       0x90 ./src/WIFI_program.o
                0x0800276c                WIFI_u8Init
 .text.WIFI_u8SendCommand
                0x080027fc       0x30 ./src/WIFI_program.o
                0x080027fc                WIFI_u8SendCommand
 .text.WIFI_u8SendCommandToServer
                0x0800282c      0x134 ./src/WIFI_program.o
                0x0800282c                WIFI_u8SendCommandToServer
 .text.WIFI_u8ReceiveCommand
                0x08002960       0xf0 ./src/WIFI_program.o
                0x08002960                WIFI_u8ReceiveCommand
 .text.main     0x08002a50       0xd0 ./src/main.o
                0x08002a50                main
 .text          0x08002b20      0x378 d:/iti/sdk/assaf/imt_sdk_win_64/winarm/armgcc/bin/../lib/gcc/arm-none-eabi/7.2.1/thumb/v7-m\libgcc.a(_arm_addsubdf3.o)
                0x08002b20                __aeabi_drsub
                0x08002b28                __aeabi_dsub
                0x08002b28                __subdf3
                0x08002b2c                __aeabi_dadd
                0x08002b2c                __adddf3
                0x08002da4                __floatunsidf
                0x08002da4                __aeabi_ui2d
                0x08002dc4                __floatsidf
                0x08002dc4                __aeabi_i2d
                0x08002de8                __aeabi_f2d
                0x08002de8                __extendsfdf2
                0x08002e2c                __floatundidf
                0x08002e2c                __aeabi_ul2d
                0x08002e3c                __floatdidf
                0x08002e3c                __aeabi_l2d
 .text          0x08002e98      0x424 d:/iti/sdk/assaf/imt_sdk_win_64/winarm/armgcc/bin/../lib/gcc/arm-none-eabi/7.2.1/thumb/v7-m\libgcc.a(_arm_muldivdf3.o)
                0x08002e98                __aeabi_dmul
                0x08002e98                __muldf3
                0x080030ec                __divdf3
                0x080030ec                __aeabi_ddiv
 .text          0x080032bc       0x40 d:/iti/sdk/assaf/imt_sdk_win_64/winarm/armgcc/bin/../lib/gcc/arm-none-eabi/7.2.1/thumb/v7-m\libgcc.a(_arm_fixunsdfsi.o)
                0x080032bc                __aeabi_d2uiz
                0x080032bc                __fixunsdfsi
 .text          0x080032fc      0x21c d:/iti/sdk/assaf/imt_sdk_win_64/winarm/armgcc/bin/../lib/gcc/arm-none-eabi/7.2.1/thumb/v7-m\libgcc.a(_arm_addsubsf3.o)
                0x080032fc                __aeabi_frsub
                0x08003304                __subsf3
                0x08003304                __aeabi_fsub
                0x08003308                __aeabi_fadd
                0x08003308                __addsf3
                0x08003468                __aeabi_ui2f
                0x08003468                __floatunsisf
                0x08003470                __aeabi_i2f
                0x08003470                __floatsisf
                0x0800348c                __aeabi_ul2f
                0x0800348c                __floatundisf
                0x0800349c                __aeabi_l2f
                0x0800349c                __floatdisf
 .text          0x08003518      0x2a0 d:/iti/sdk/assaf/imt_sdk_win_64/winarm/armgcc/bin/../lib/gcc/arm-none-eabi/7.2.1/thumb/v7-m\libgcc.a(_arm_muldivsf3.o)
                0x08003518                __mulsf3
                0x08003518                __aeabi_fmul
                0x08003680                __aeabi_fdiv
                0x08003680                __divsf3
 .text          0x080037b8       0x40 d:/iti/sdk/assaf/imt_sdk_win_64/winarm/armgcc/bin/../lib/gcc/arm-none-eabi/7.2.1/thumb/v7-m\libgcc.a(_arm_fixunssfsi.o)
                0x080037b8                __fixunssfsi
                0x080037b8                __aeabi_f2uiz
 .text.__errno  0x080037f8        0xc d:/iti/sdk/assaf/imt_sdk_win_64/winarm/armgcc/bin/../lib/gcc/arm-none-eabi/7.2.1/../../../../arm-none-eabi/lib/thumb/v7-m\libg_nano.a(lib_a-errno.o)
                0x080037f8                __errno
 .text.memcpy   0x08003804       0x16 d:/iti/sdk/assaf/imt_sdk_win_64/winarm/armgcc/bin/../lib/gcc/arm-none-eabi/7.2.1/../../../../arm-none-eabi/lib/thumb/v7-m\libg_nano.a(lib_a-memcpy-stub.o)
                0x08003804                memcpy
 .text.memset   0x0800381a       0x10 d:/iti/sdk/assaf/imt_sdk_win_64/winarm/armgcc/bin/../lib/gcc/arm-none-eabi/7.2.1/../../../../arm-none-eabi/lib/thumb/v7-m\libg_nano.a(lib_a-memset.o)
                0x0800381a                memset
 *fill*         0x0800382a        0x2 
 .text.sprintf  0x0800382c       0x40 d:/iti/sdk/assaf/imt_sdk_win_64/winarm/armgcc/bin/../lib/gcc/arm-none-eabi/7.2.1/../../../../arm-none-eabi/lib/thumb/v7-m\libg_nano.a(lib_a-sprintf.o)
                0x0800382c                siprintf
                0x0800382c                sprintf
 .text.strcat   0x0800386c       0x1e d:/iti/sdk/assaf/imt_sdk_win_64/winarm/armgcc/bin/../lib/gcc/arm-none-eabi/7.2.1/../../../../arm-none-eabi/lib/thumb/v7-m\libg_nano.a(lib_a-strcat.o)
                0x0800386c                strcat
 .text          0x0800388a       0x10 d:/iti/sdk/assaf/imt_sdk_win_64/winarm/armgcc/bin/../lib/gcc/arm-none-eabi/7.2.1/../../../../arm-none-eabi/lib/thumb/v7-m\libg_nano.a(lib_a-strlen.o)
                0x0800388a                strlen
 .text._vsnprintf_r
                0x0800389a       0x58 d:/iti/sdk/assaf/imt_sdk_win_64/winarm/armgcc/bin/../lib/gcc/arm-none-eabi/7.2.1/../../../../arm-none-eabi/lib/thumb/v7-m\libg_nano.a(lib_a-vsnprintf.o)
                0x0800389a                _vsniprintf_r
                0x0800389a                _vsnprintf_r
 *fill*         0x080038f2        0x2 
 .text.vsnprintf
                0x080038f4       0x1c d:/iti/sdk/assaf/imt_sdk_win_64/winarm/armgcc/bin/../lib/gcc/arm-none-eabi/7.2.1/../../../../arm-none-eabi/lib/thumb/v7-m\libg_nano.a(lib_a-vsnprintf.o)
                0x080038f4                vsniprintf
                0x080038f4                vsnprintf
 .text.__ssputs_r
                0x08003910       0xb4 d:/iti/sdk/assaf/imt_sdk_win_64/winarm/armgcc/bin/../lib/gcc/arm-none-eabi/7.2.1/../../../../arm-none-eabi/lib/thumb/v7-m\libg_nano.a(lib_a-nano-svfprintf.o)
                0x08003910                __ssputs_r
 .text._svfprintf_r
                0x080039c4      0x1ec d:/iti/sdk/assaf/imt_sdk_win_64/winarm/armgcc/bin/../lib/gcc/arm-none-eabi/7.2.1/../../../../arm-none-eabi/lib/thumb/v7-m\libg_nano.a(lib_a-nano-svfprintf.o)
                0x080039c4                _svfiprintf_r
                0x080039c4                _svfprintf_r
 .text._printf_common
                0x08003bb0       0xec d:/iti/sdk/assaf/imt_sdk_win_64/winarm/armgcc/bin/../lib/gcc/arm-none-eabi/7.2.1/../../../../arm-none-eabi/lib/thumb/v7-m\libg_nano.a(lib_a-nano-vfprintf_i.o)
                0x08003bb0                _printf_common
 .text._printf_i
                0x08003c9c      0x224 d:/iti/sdk/assaf/imt_sdk_win_64/winarm/armgcc/bin/../lib/gcc/arm-none-eabi/7.2.1/../../../../arm-none-eabi/lib/thumb/v7-m\libg_nano.a(lib_a-nano-vfprintf_i.o)
                0x08003c9c                _printf_i
 .text.memchr   0x08003ec0       0x1c d:/iti/sdk/assaf/imt_sdk_win_64/winarm/armgcc/bin/../lib/gcc/arm-none-eabi/7.2.1/../../../../arm-none-eabi/lib/thumb/v7-m\libg_nano.a(lib_a-memchr-stub.o)
                0x08003ec0                memchr
 .text.memmove  0x08003edc       0x32 d:/iti/sdk/assaf/imt_sdk_win_64/winarm/armgcc/bin/../lib/gcc/arm-none-eabi/7.2.1/../../../../arm-none-eabi/lib/thumb/v7-m\libg_nano.a(lib_a-memmove.o)
                0x08003edc                memmove
 *fill*         0x08003f0e        0x2 
 .text._free_r  0x08003f10       0x98 d:/iti/sdk/assaf/imt_sdk_win_64/winarm/armgcc/bin/../lib/gcc/arm-none-eabi/7.2.1/../../../../arm-none-eabi/lib/thumb/v7-m\libg_nano.a(lib_a-nano-freer.o)
                0x08003f10                _free_r
 .text._malloc_r
                0x08003fa8       0xb4 d:/iti/sdk/assaf/imt_sdk_win_64/winarm/armgcc/bin/../lib/gcc/arm-none-eabi/7.2.1/../../../../arm-none-eabi/lib/thumb/v7-m\libg_nano.a(lib_a-nano-mallocr.o)
                0x08003fa8                _malloc_r
 .text._realloc_r
                0x0800405c       0x4c d:/iti/sdk/assaf/imt_sdk_win_64/winarm/armgcc/bin/../lib/gcc/arm-none-eabi/7.2.1/../../../../arm-none-eabi/lib/thumb/v7-m\libg_nano.a(lib_a-nano-reallocr.o)
                0x0800405c                _realloc_r
 .text._sbrk_r  0x080040a8       0x20 d:/iti/sdk/assaf/imt_sdk_win_64/winarm/armgcc/bin/../lib/gcc/arm-none-eabi/7.2.1/../../../../arm-none-eabi/lib/thumb/v7-m\libg_nano.a(lib_a-sbrkr.o)
                0x080040a8                _sbrk_r
 .text.__malloc_lock
                0x080040c8        0x2 d:/iti/sdk/assaf/imt_sdk_win_64/winarm/armgcc/bin/../lib/gcc/arm-none-eabi/7.2.1/../../../../arm-none-eabi/lib/thumb/v7-m\libg_nano.a(lib_a-mlock.o)
                0x080040c8                __malloc_lock
 .text.__malloc_unlock
                0x080040ca        0x2 d:/iti/sdk/assaf/imt_sdk_win_64/winarm/armgcc/bin/../lib/gcc/arm-none-eabi/7.2.1/../../../../arm-none-eabi/lib/thumb/v7-m\libg_nano.a(lib_a-mlock.o)
                0x080040ca                __malloc_unlock
 .text._malloc_usable_size_r
                0x080040cc       0x10 d:/iti/sdk/assaf/imt_sdk_win_64/winarm/armgcc/bin/../lib/gcc/arm-none-eabi/7.2.1/../../../../arm-none-eabi/lib/thumb/v7-m\libg_nano.a(lib_a-nano-msizer.o)
                0x080040cc                _malloc_usable_size_r
 *(.rodata .rodata.* .constdata .constdata.*)
 .rodata.dumpExceptionStack.str1.4
                0x080040dc      0x11a ./system/src/cortexm/exception_handlers.o
 *fill*         0x080041f6        0x2 
 .rodata.str1.4
                0x080041f8       0x2a ./system/src/cortexm/exception_handlers.o
 *fill*         0x08004222        0x2 
 .rodata.bootloader_handle_dis_read_protect_cmd.str1.4
                0x08004224       0x38 ./src/Bootloader.o
 .rodata.bootloader_handle_dis_write_protect_cmd.str1.4
                0x0800425c       0x39 ./src/Bootloader.o
 *fill*         0x08004295        0x3 
 .rodata.bootloader_handle_en_read_protect_cmd.str1.4
                0x08004298       0x37 ./src/Bootloader.o
 *fill*         0x080042cf        0x1 
 .rodata.bootloader_handle_en_write_protect_cmd.str1.4
                0x080042d0       0x38 ./src/Bootloader.o
 .rodata.bootloader_handle_flash_erase_cmd.str1.4
                0x08004308       0x33 ./src/Bootloader.o
 *fill*         0x0800433b        0x1 
 .rodata.bootloader_handle_flash_mass_erase_cmd.str1.4
                0x0800433c       0xb6 ./src/Bootloader.o
 *fill*         0x080043f2        0x2 
 .rodata.bootloader_handle_getcid_cmd.str1.4
                0x080043f4       0x27 ./src/Bootloader.o
 *fill*         0x0800441b        0x1 
 .rodata.bootloader_handle_gethelp_cmd.str1.4
                0x0800441c       0x2f ./src/Bootloader.o
                                 0x37 (size before relaxing)
 *fill*         0x0800444b        0x1 
 .rodata.bootloader_handle_getrdp_cmd.str1.4
                0x0800444c       0x2e ./src/Bootloader.o
 *fill*         0x0800447a        0x2 
 .rodata.bootloader_handle_getver_cmd.str1.4
                0x0800447c       0x4f ./src/Bootloader.o
 *fill*         0x080044cb        0x1 
 .rodata.bootloader_handle_goto_address_cmd.str1.4
                0x080044cc       0xa9 ./src/Bootloader.o
 *fill*         0x08004575        0x3 
 .rodata.bootloader_handle_mem_read_cmd.str1.4
                0x08004578       0x30 ./src/Bootloader.o
 .rodata.bootloader_handle_mem_write_cmd.str1.4
                0x080045a8       0x9c ./src/Bootloader.o
 .rodata.bootloader_handle_read_sectors_status_cmd.str1.4
                0x08004644       0x3b ./src/Bootloader.o
 *fill*         0x0800467f        0x1 
 .rodata.bootloader_handle_system_reset_cmd.str1.4
                0x08004680       0x34 ./src/Bootloader.o
 .rodata.bootloader_send_ack.str1.4
                0x080046b4       0x31 ./src/Bootloader.o
 *fill*         0x080046e5        0x3 
 .rodata.bootloader_voidJumpToUserApp.str1.4
                0x080046e8       0x61 ./src/Bootloader.o
 *fill*         0x08004749        0x3 
 .rodata.bootloader_voidUARTReadData.str1.4
                0x0800474c       0x72 ./src/Bootloader.o
 *fill*         0x080047be        0x2 
 .rodata.HUART_USART1
                0x080047c0       0x20 ./src/HUART_program.o
                0x080047c0                HUART_USART1
 .rodata.HUART_USART2
                0x080047e0       0x20 ./src/HUART_program.o
                0x080047e0                HUART_USART2
 .rodata        0x08004800      0x200 ./src/WIFI_program.o
 .rodata.WIFI_u8CountData.str1.4
                0x08004a00       0xc3 ./src/WIFI_program.o
 *fill*         0x08004ac3        0x1 
 .rodata.WIFI_u8Init.str1.4
                0x08004ac4        0x9 ./src/WIFI_program.o
 *fill*         0x08004acd        0x3 
 .rodata.WIFI_u8ReceiveCommand.str1.4
                0x08004ad0       0x8e ./src/WIFI_program.o
 *fill*         0x08004b5e        0x2 
 .rodata.WIFI_u8SendCommandToServer.str1.4
                0x08004b60       0x34 ./src/WIFI_program.o
 .rodata.main.str1.4
                0x08004b94        0x8 ./src/main.o
                                  0x6 (size before relaxing)
 .rodata._svfprintf_r.str1.1
                0x08004b9c       0x11 d:/iti/sdk/assaf/imt_sdk_win_64/winarm/armgcc/bin/../lib/gcc/arm-none-eabi/7.2.1/../../../../arm-none-eabi/lib/thumb/v7-m\libg_nano.a(lib_a-nano-svfprintf.o)
 .rodata._printf_i.str1.1
                0x08004bad       0x22 d:/iti/sdk/assaf/imt_sdk_win_64/winarm/armgcc/bin/../lib/gcc/arm-none-eabi/7.2.1/../../../../arm-none-eabi/lib/thumb/v7-m\libg_nano.a(lib_a-nano-vfprintf_i.o)
 *(vtable)
 *(.eh_frame*)
 *(.glue_7)
 .glue_7        0x08004bcf        0x0 linker stubs
 *(.glue_7t)
 .glue_7t       0x08004bcf        0x0 linker stubs

.vfp11_veneer   0x08004bd0        0x0
 .vfp11_veneer  0x08004bd0        0x0 linker stubs

.v4_bx          0x08004bd0        0x0
 .v4_bx         0x08004bd0        0x0 linker stubs

.iplt           0x08004bd0        0x0
 .iplt          0x08004bd0        0x0 ./system/src/newlib/_exit.o

.rel.dyn        0x08004bd0        0x0
 .rel.iplt      0x08004bd0        0x0 ./system/src/newlib/_exit.o

.ARM.extab
 *(.ARM.extab* .gnu.linkonce.armextab.*)
                0x08004bd0                . = ALIGN (0x4)
                0x08004bd0                __exidx_start = .

.ARM.exidx
 *(.ARM.exidx* .gnu.linkonce.armexidx.*)
                0x08004bd0                __exidx_end = .
                0x08004bd0                . = ALIGN (0x4)
                0x08004bd0                _etext = .
                0x08004bd0                __etext = .

.data_CCMRAM    0x00000000        0x0 load address 0x08004bd0
 FILL mask 0xff
 *(.data.CCMRAM .data.CCMRAM.*)
                0x00000000                . = ALIGN (0x4)
                0x08004bd0                _sidata = LOADADDR (.data)

.data           0x20000000       0xd4 load address 0x08004bd0
 FILL mask 0xff
                0x20000000                _sdata = .
                0x20000000                __data_start__ = .
 *(.data_begin .data_begin.*)
 .data_begin    0x20000000        0x4 ./system/src/newlib/_startup.o
 *(.data .data.*)
 .data.argv.4310
                0x20000004        0x8 ./system/src/newlib/_syscalls.o
 .data.AHBPrescTable
                0x2000000c       0x10 ./system/src/cmsis/system_stm32f10x.o
                0x2000000c                AHBPrescTable
 .data.SystemCoreClock
                0x2000001c        0x4 ./system/src/cmsis/system_stm32f10x.o
                0x2000001c                SystemCoreClock
 .data.supported_commands
                0x20000020       0x10 ./src/Bootloader.o
                0x20000020                supported_commands
 .data.CPU_CLOCK
                0x20000030        0x4 ./src/Delay_program.o
 .data.rxBufferUART1
                0x20000034        0x8 ./src/UART_program.o
 .data.rxBufferUART2
                0x2000003c        0x8 ./src/UART_program.o
 .data.rxBufferUART3
                0x20000044        0x8 ./src/UART_program.o
 .data.txBufferUART1
                0x2000004c        0x8 ./src/UART_program.o
 .data.txBufferUART2
                0x20000054        0x8 ./src/UART_program.o
 .data.txBufferUART3
                0x2000005c        0x8 ./src/UART_program.o
 .data.static_u32RequiredIndex
                0x20000064        0x4 ./src/WIFI_program.o
 .data.static_u8ReceiveFlag
                0x20000068        0x1 ./src/WIFI_program.o
 *fill*         0x20000069        0x3 ff
 .data._impure_ptr
                0x2000006c        0x4 d:/iti/sdk/assaf/imt_sdk_win_64/winarm/armgcc/bin/../lib/gcc/arm-none-eabi/7.2.1/../../../../arm-none-eabi/lib/thumb/v7-m\libg_nano.a(lib_a-impure.o)
                0x2000006c                _impure_ptr
 .data.impure_data
                0x20000070       0x60 d:/iti/sdk/assaf/imt_sdk_win_64/winarm/armgcc/bin/../lib/gcc/arm-none-eabi/7.2.1/../../../../arm-none-eabi/lib/thumb/v7-m\libg_nano.a(lib_a-impure.o)
 *(.data_end .data_end.*)
 .data_end      0x200000d0        0x4 ./system/src/newlib/_startup.o
                0x200000d4                . = ALIGN (0x4)
                0x200000d4                _edata = .
                0x200000d4                __data_end__ = .

.igot.plt       0x200000d4        0x0 load address 0x08004ca4
 .igot.plt      0x200000d4        0x0 ./system/src/newlib/_exit.o

.bss_CCMRAM     0x00000000        0x0
 *(.bss.CCMRAM .bss.CCMRAM.*)

.bss            0x200000d4     0x1580
                0x200000d4                __bss_start__ = .
                0x200000d4                _sbss = .
 *(.bss_begin .bss_begin.*)
 .bss_begin     0x200000d4        0x4 ./system/src/newlib/_startup.o
 *(.bss .bss.*)
 .bss.current_heap_end.3961
                0x200000d8        0x4 ./system/src/newlib/_sbrk.o
 .bss.name.4309
                0x200000dc        0x1 ./system/src/newlib/_syscalls.o
 *fill*         0x200000dd        0x3 
 .bss.buf.5205  0x200000e0       0x80 ./system/src/diag/Trace.o
 .bss.FLASH_src_buffer_1K
                0x20000160      0x400 ./src/Bootloader.o
                0x20000160                FLASH_src_buffer_1K
 .bss.Global_u8ResponseArray
                0x20000560      0x100 ./src/Bootloader.o
                0x20000560                Global_u8ResponseArray
 .bss.bl_rx_buffer
                0x20000660      0x898 ./src/Bootloader.o
                0x20000660                bl_rx_buffer
 .bss.i         0x20000ef8        0x1 ./src/Bootloader.o
                0x20000ef8                i
 *fill*         0x20000ef9        0x3 
 .bss.buf.5384  0x20000efc       0xc8 ./src/Debug.o
 .bss.RXCallbackFunctionUART1
                0x20000fc4        0x4 ./src/UART_program.o
 .bss.RXCallbackFunctionUART2
                0x20000fc8        0x4 ./src/UART_program.o
 .bss.RXCallbackFunctionUART3
                0x20000fcc        0x4 ./src/UART_program.o
 .bss.TXCallbackFunctionUART1
                0x20000fd0        0x4 ./src/UART_program.o
 .bss.TXCallbackFunctionUART2
                0x20000fd4        0x4 ./src/UART_program.o
 .bss.TXCallbackFunctionUART3
                0x20000fd8        0x4 ./src/UART_program.o
 .bss.Global_u8DataReceivedArray
                0x20000fdc      0x200 ./src/WIFI_program.o
 .bss.Static_OUTPUT_PERIPHERAL
                0x200011dc       0x20 ./src/WIFI_program.o
 .bss.Static_UART_PERIPHERAL
                0x200011fc       0x20 ./src/WIFI_program.o
 .bss.static_u32DataArrayIterator
                0x2000121c        0x4 ./src/WIFI_program.o
 .bss.static_u32DataToBeSavedIterator
                0x20001220        0x4 ./src/WIFI_program.o
 .bss.static_u8DataToArray
                0x20001224        0x1 ./src/WIFI_program.o
 .bss.static_u8IteratorFlag
                0x20001225        0x1 ./src/WIFI_program.o
 .bss.static_u8PreviousChar
                0x20001226        0x1 ./src/WIFI_program.o
 .bss.static_u8Response
                0x20001227        0x1 ./src/WIFI_program.o
 .bss.static_u8StartSavingData
                0x20001228        0x1 ./src/WIFI_program.o
 *fill*         0x20001229        0x3 
 .bss.__malloc_free_list
                0x2000122c        0x4 d:/iti/sdk/assaf/imt_sdk_win_64/winarm/armgcc/bin/../lib/gcc/arm-none-eabi/7.2.1/../../../../arm-none-eabi/lib/thumb/v7-m\libg_nano.a(lib_a-nano-mallocr.o)
                0x2000122c                __malloc_free_list
 .bss.__malloc_sbrk_start
                0x20001230        0x4 d:/iti/sdk/assaf/imt_sdk_win_64/winarm/armgcc/bin/../lib/gcc/arm-none-eabi/7.2.1/../../../../arm-none-eabi/lib/thumb/v7-m\libg_nano.a(lib_a-nano-mallocr.o)
                0x20001230                __malloc_sbrk_start
 *(COMMON)
 COMMON         0x20001234        0x4 ./system/src/newlib/_syscalls.o
                0x20001234                errno
 COMMON         0x20001238        0x8 ./src/Bootloader.o
                0x20001238                OnBoard_Led
 COMMON         0x20001240      0x410 ./src/Flash.o
                0x20001240                OPTSaveBuffer
                0x20001250                FlashSaveBuffer
 *(.bss_end .bss_end.*)
 .bss_end       0x20001650        0x4 ./system/src/newlib/_startup.o
                0x20001654                . = ALIGN (0x4)
                0x20001654                __bss_end__ = .
                0x20001654                _ebss = .

.noinit_CCMRAM
 *(.noinit.CCMRAM .noinit.CCMRAM.*)

.noinit         0x20001654        0x0
                0x20001654                _noinit = .
 *(.noinit .noinit.*)
                0x20001654                . = ALIGN (0x4)
                0x20001654                _end_noinit = .
                [!provide]                PROVIDE (end, _end_noinit)
                [!provide]                PROVIDE (_end, _end_noinit)
                [!provide]                PROVIDE (__end, _end_noinit)
                [!provide]                PROVIDE (__end__, _end_noinit)

._check_stack   0x20001654      0x100
                0x20001754                . = (. + _Minimum_Stack_Size)
 *fill*         0x20001654      0x100 

.b1text
 *(.b1text)
 *(.b1rodata)
 *(.b1rodata.*)

.eb0text
 *(.eb0text)
 *(.eb0rodata)
 *(.eb0rodata.*)

.eb1text
 *(.eb1text)
 *(.eb1rodata)
 *(.eb1rodata.*)

.eb2text
 *(.eb2text)
 *(.eb2rodata)
 *(.eb2rodata.*)

.eb3text
 *(.eb3text)
 *(.eb3rodata)
 *(.eb3rodata.*)

.stab
 *(.stab)

.stabstr
 *(.stabstr)

.stab.excl
 *(.stab.excl)

.stab.exclstr
 *(.stab.exclstr)

.stab.index
 *(.stab.index)

.stab.indexstr
 *(.stab.indexstr)

.comment        0x00000000       0x7e
 *(.comment)
 .comment       0x00000000       0x7e ./system/src/newlib/_exit.o
                                 0x7f (size before relaxing)
 .comment       0x0000007e       0x7f ./system/src/newlib/_sbrk.o
 .comment       0x0000007e       0x7f ./system/src/newlib/_startup.o
 .comment       0x0000007e       0x7f ./system/src/newlib/_syscalls.o
 .comment       0x0000007e       0x7f ./system/src/diag/Trace.o
 .comment       0x0000007e       0x7f ./system/src/diag/trace_impl.o
 .comment       0x0000007e       0x7f ./system/src/cortexm/_initialize_hardware.o
 .comment       0x0000007e       0x7f ./system/src/cortexm/exception_handlers.o
 .comment       0x0000007e       0x7f ./system/src/cmsis/system_stm32f10x.o
 .comment       0x0000007e       0x7f ./system/src/cmsis/vectors_stm32f10x.o
 .comment       0x0000007e       0x7f ./src/Bootloader.o
 .comment       0x0000007e       0x7f ./src/CRC.o
 .comment       0x0000007e       0x7f ./src/Debug.o
 .comment       0x0000007e       0x7f ./src/Delay_program.o
 .comment       0x0000007e       0x7f ./src/Flash.o
 .comment       0x0000007e       0x7f ./src/GPIO.o
 .comment       0x0000007e       0x7f ./src/HUART_program.o
 .comment       0x0000007e       0x7f ./src/NVIC_program.o
 .comment       0x0000007e       0x7f ./src/RCC_program.o
 .comment       0x0000007e       0x7f ./src/UART_program.o
 .comment       0x0000007e       0x7f ./src/WIFI_program.o
 .comment       0x0000007e       0x7f ./src/main.o

.ARM.attributes
                0x00000000       0x31
 .ARM.attributes
                0x00000000       0x33 ./system/src/newlib/_exit.o
 .ARM.attributes
                0x00000033       0x33 ./system/src/newlib/_sbrk.o
 .ARM.attributes
                0x00000066       0x33 ./system/src/newlib/_startup.o
 .ARM.attributes
                0x00000099       0x33 ./system/src/newlib/_syscalls.o
 .ARM.attributes
                0x000000cc       0x33 ./system/src/diag/Trace.o
 .ARM.attributes
                0x000000ff       0x33 ./system/src/diag/trace_impl.o
 .ARM.attributes
                0x00000132       0x33 ./system/src/cortexm/_initialize_hardware.o
 .ARM.attributes
                0x00000165       0x33 ./system/src/cortexm/exception_handlers.o
 .ARM.attributes
                0x00000198       0x33 ./system/src/cmsis/system_stm32f10x.o
 .ARM.attributes
                0x000001cb       0x33 ./system/src/cmsis/vectors_stm32f10x.o
 .ARM.attributes
                0x000001fe       0x33 ./src/Bootloader.o
 .ARM.attributes
                0x00000231       0x33 ./src/CRC.o
 .ARM.attributes
                0x00000264       0x33 ./src/Debug.o
 .ARM.attributes
                0x00000297       0x33 ./src/Delay_program.o
 .ARM.attributes
                0x000002ca       0x33 ./src/Flash.o
 .ARM.attributes
                0x000002fd       0x33 ./src/GPIO.o
 .ARM.attributes
                0x00000330       0x33 ./src/HUART_program.o
 .ARM.attributes
                0x00000363       0x33 ./src/NVIC_program.o
 .ARM.attributes
                0x00000396       0x33 ./src/RCC_program.o
 .ARM.attributes
                0x000003c9       0x33 ./src/UART_program.o
 .ARM.attributes
                0x000003fc       0x33 ./src/WIFI_program.o
 .ARM.attributes
                0x0000042f       0x33 ./src/main.o
 .ARM.attributes
                0x00000462       0x1d d:/iti/sdk/assaf/imt_sdk_win_64/winarm/armgcc/bin/../lib/gcc/arm-none-eabi/7.2.1/thumb/v7-m\libgcc.a(_arm_addsubdf3.o)
 .ARM.attributes
                0x0000047f       0x1d d:/iti/sdk/assaf/imt_sdk_win_64/winarm/armgcc/bin/../lib/gcc/arm-none-eabi/7.2.1/thumb/v7-m\libgcc.a(_arm_muldivdf3.o)
 .ARM.attributes
                0x0000049c       0x1d d:/iti/sdk/assaf/imt_sdk_win_64/winarm/armgcc/bin/../lib/gcc/arm-none-eabi/7.2.1/thumb/v7-m\libgcc.a(_arm_fixunsdfsi.o)
 .ARM.attributes
                0x000004b9       0x1d d:/iti/sdk/assaf/imt_sdk_win_64/winarm/armgcc/bin/../lib/gcc/arm-none-eabi/7.2.1/thumb/v7-m\libgcc.a(_arm_addsubsf3.o)
 .ARM.attributes
                0x000004d6       0x1d d:/iti/sdk/assaf/imt_sdk_win_64/winarm/armgcc/bin/../lib/gcc/arm-none-eabi/7.2.1/thumb/v7-m\libgcc.a(_arm_muldivsf3.o)
 .ARM.attributes
                0x000004f3       0x1d d:/iti/sdk/assaf/imt_sdk_win_64/winarm/armgcc/bin/../lib/gcc/arm-none-eabi/7.2.1/thumb/v7-m\libgcc.a(_arm_fixunssfsi.o)
 .ARM.attributes
                0x00000510       0x2d d:/iti/sdk/assaf/imt_sdk_win_64/winarm/armgcc/bin/../lib/gcc/arm-none-eabi/7.2.1/../../../../arm-none-eabi/lib/thumb/v7-m\libg_nano.a(lib_a-errno.o)
 .ARM.attributes
                0x0000053d       0x2d d:/iti/sdk/assaf/imt_sdk_win_64/winarm/armgcc/bin/../lib/gcc/arm-none-eabi/7.2.1/../../../../arm-none-eabi/lib/thumb/v7-m\libg_nano.a(lib_a-impure.o)
 .ARM.attributes
                0x0000056a       0x2d d:/iti/sdk/assaf/imt_sdk_win_64/winarm/armgcc/bin/../lib/gcc/arm-none-eabi/7.2.1/../../../../arm-none-eabi/lib/thumb/v7-m\libg_nano.a(lib_a-memcpy-stub.o)
 .ARM.attributes
                0x00000597       0x2d d:/iti/sdk/assaf/imt_sdk_win_64/winarm/armgcc/bin/../lib/gcc/arm-none-eabi/7.2.1/../../../../arm-none-eabi/lib/thumb/v7-m\libg_nano.a(lib_a-memset.o)
 .ARM.attributes
                0x000005c4       0x2d d:/iti/sdk/assaf/imt_sdk_win_64/winarm/armgcc/bin/../lib/gcc/arm-none-eabi/7.2.1/../../../../arm-none-eabi/lib/thumb/v7-m\libg_nano.a(lib_a-sprintf.o)
 .ARM.attributes
                0x000005f1       0x2d d:/iti/sdk/assaf/imt_sdk_win_64/winarm/armgcc/bin/../lib/gcc/arm-none-eabi/7.2.1/../../../../arm-none-eabi/lib/thumb/v7-m\libg_nano.a(lib_a-strcat.o)
 .ARM.attributes
                0x0000061e       0x17 d:/iti/sdk/assaf/imt_sdk_win_64/winarm/armgcc/bin/../lib/gcc/arm-none-eabi/7.2.1/../../../../arm-none-eabi/lib/thumb/v7-m\libg_nano.a(lib_a-strlen.o)
 .ARM.attributes
                0x00000635       0x2d d:/iti/sdk/assaf/imt_sdk_win_64/winarm/armgcc/bin/../lib/gcc/arm-none-eabi/7.2.1/../../../../arm-none-eabi/lib/thumb/v7-m\libg_nano.a(lib_a-vsnprintf.o)
 .ARM.attributes
                0x00000662       0x2d d:/iti/sdk/assaf/imt_sdk_win_64/winarm/armgcc/bin/../lib/gcc/arm-none-eabi/7.2.1/../../../../arm-none-eabi/lib/thumb/v7-m\libg_nano.a(lib_a-nano-svfprintf.o)
 .ARM.attributes
                0x0000068f       0x2d d:/iti/sdk/assaf/imt_sdk_win_64/winarm/armgcc/bin/../lib/gcc/arm-none-eabi/7.2.1/../../../../arm-none-eabi/lib/thumb/v7-m\libg_nano.a(lib_a-nano-vfprintf_i.o)
 .ARM.attributes
                0x000006bc       0x2d d:/iti/sdk/assaf/imt_sdk_win_64/winarm/armgcc/bin/../lib/gcc/arm-none-eabi/7.2.1/../../../../arm-none-eabi/lib/thumb/v7-m\libg_nano.a(lib_a-memchr-stub.o)
 .ARM.attributes
                0x000006e9       0x2d d:/iti/sdk/assaf/imt_sdk_win_64/winarm/armgcc/bin/../lib/gcc/arm-none-eabi/7.2.1/../../../../arm-none-eabi/lib/thumb/v7-m\libg_nano.a(lib_a-memmove.o)
 .ARM.attributes
                0x00000716       0x2d d:/iti/sdk/assaf/imt_sdk_win_64/winarm/armgcc/bin/../lib/gcc/arm-none-eabi/7.2.1/../../../../arm-none-eabi/lib/thumb/v7-m\libg_nano.a(lib_a-nano-freer.o)
 .ARM.attributes
                0x00000743       0x2d d:/iti/sdk/assaf/imt_sdk_win_64/winarm/armgcc/bin/../lib/gcc/arm-none-eabi/7.2.1/../../../../arm-none-eabi/lib/thumb/v7-m\libg_nano.a(lib_a-nano-mallocr.o)
 .ARM.attributes
                0x00000770       0x2d d:/iti/sdk/assaf/imt_sdk_win_64/winarm/armgcc/bin/../lib/gcc/arm-none-eabi/7.2.1/../../../../arm-none-eabi/lib/thumb/v7-m\libg_nano.a(lib_a-nano-reallocr.o)
 .ARM.attributes
                0x0000079d       0x2d d:/iti/sdk/assaf/imt_sdk_win_64/winarm/armgcc/bin/../lib/gcc/arm-none-eabi/7.2.1/../../../../arm-none-eabi/lib/thumb/v7-m\libg_nano.a(lib_a-sbrkr.o)
 .ARM.attributes
                0x000007ca       0x2d d:/iti/sdk/assaf/imt_sdk_win_64/winarm/armgcc/bin/../lib/gcc/arm-none-eabi/7.2.1/../../../../arm-none-eabi/lib/thumb/v7-m\libg_nano.a(lib_a-mlock.o)
 .ARM.attributes
                0x000007f7       0x2d d:/iti/sdk/assaf/imt_sdk_win_64/winarm/armgcc/bin/../lib/gcc/arm-none-eabi/7.2.1/../../../../arm-none-eabi/lib/thumb/v7-m\libg_nano.a(lib_a-nano-msizer.o)

.debug
 *(.debug)

.line
 *(.line)

.debug_srcinfo
 *(.debug_srcinfo)

.debug_sfnames
 *(.debug_sfnames)

.debug_aranges  0x00000000      0x750
 *(.debug_aranges)
 .debug_aranges
                0x00000000       0x28 ./system/src/newlib/_exit.o
 .debug_aranges
                0x00000028       0x20 ./system/src/newlib/_sbrk.o
 .debug_aranges
                0x00000048       0x40 ./system/src/newlib/_startup.o
 .debug_aranges
                0x00000088       0x30 ./system/src/newlib/_syscalls.o
 .debug_aranges
                0x000000b8       0x38 ./system/src/diag/Trace.o
 .debug_aranges
                0x000000f0       0x30 ./system/src/diag/trace_impl.o
 .debug_aranges
                0x00000120       0x28 ./system/src/cortexm/_initialize_hardware.o
 .debug_aranges
                0x00000148       0x90 ./system/src/cortexm/exception_handlers.o
 .debug_aranges
                0x000001d8       0x38 ./system/src/cmsis/system_stm32f10x.o
 .debug_aranges
                0x00000210       0x20 ./system/src/cmsis/vectors_stm32f10x.o
 .debug_aranges
                0x00000230       0xe0 ./src/Bootloader.o
 .debug_aranges
                0x00000310       0x48 ./src/CRC.o
 .debug_aranges
                0x00000358       0x30 ./src/Debug.o
 .debug_aranges
                0x00000388       0x30 ./src/Delay_program.o
 .debug_aranges
                0x000003b8       0xb8 ./src/Flash.o
 .debug_aranges
                0x00000470       0x48 ./src/GPIO.o
 .debug_aranges
                0x000004b8       0x70 ./src/HUART_program.o
 .debug_aranges
                0x00000528       0xa0 ./src/NVIC_program.o
 .debug_aranges
                0x000005c8       0x78 ./src/RCC_program.o
 .debug_aranges
                0x00000640       0x80 ./src/UART_program.o
 .debug_aranges
                0x000006c0       0x70 ./src/WIFI_program.o
 .debug_aranges
                0x00000730       0x20 ./src/main.o

.debug_pubnames
 *(.debug_pubnames)

.debug_info     0x00000000     0xbd10
 *(.debug_info .gnu.linkonce.wi.*)
 .debug_info    0x00000000      0x956 ./system/src/newlib/_exit.o
 .debug_info    0x00000956      0x942 ./system/src/newlib/_sbrk.o
 .debug_info    0x00001298      0x42e ./system/src/newlib/_startup.o
 .debug_info    0x000016c6      0xa19 ./system/src/newlib/_syscalls.o
 .debug_info    0x000020df      0xb2a ./system/src/diag/Trace.o
 .debug_info    0x00002c09      0x363 ./system/src/diag/trace_impl.o
 .debug_info    0x00002f6c      0x2b5 ./system/src/cortexm/_initialize_hardware.o
 .debug_info    0x00003221     0x1140 ./system/src/cortexm/exception_handlers.o
 .debug_info    0x00004361      0x494 ./system/src/cmsis/system_stm32f10x.o
 .debug_info    0x000047f5       0xca ./system/src/cmsis/vectors_stm32f10x.o
 .debug_info    0x000048bf     0x2903 ./src/Bootloader.o
 .debug_info    0x000071c2      0x1a9 ./src/CRC.o
 .debug_info    0x0000736b      0xc19 ./src/Debug.o
 .debug_info    0x00007f84      0x1b0 ./src/Delay_program.o
 .debug_info    0x00008134      0x92c ./src/Flash.o
 .debug_info    0x00008a60      0x375 ./src/GPIO.o
 .debug_info    0x00008dd5      0x7af ./src/HUART_program.o
 .debug_info    0x00009584      0x37c ./src/NVIC_program.o
 .debug_info    0x00009900      0x33a ./src/RCC_program.o
 .debug_info    0x00009c3a      0x6ef ./src/UART_program.o
 .debug_info    0x0000a329     0x161c ./src/WIFI_program.o
 .debug_info    0x0000b945      0x3cb ./src/main.o

.debug_abbrev   0x00000000     0x2690
 *(.debug_abbrev)
 .debug_abbrev  0x00000000      0x1f3 ./system/src/newlib/_exit.o
 .debug_abbrev  0x000001f3      0x1fc ./system/src/newlib/_sbrk.o
 .debug_abbrev  0x000003ef      0x1b3 ./system/src/newlib/_startup.o
 .debug_abbrev  0x000005a2      0x234 ./system/src/newlib/_syscalls.o
 .debug_abbrev  0x000007d6      0x276 ./system/src/diag/Trace.o
 .debug_abbrev  0x00000a4c      0x1e2 ./system/src/diag/trace_impl.o
 .debug_abbrev  0x00000c2e       0xea ./system/src/cortexm/_initialize_hardware.o
 .debug_abbrev  0x00000d18      0x32b ./system/src/cortexm/exception_handlers.o
 .debug_abbrev  0x00001043      0x177 ./system/src/cmsis/system_stm32f10x.o
 .debug_abbrev  0x000011ba       0x9d ./system/src/cmsis/vectors_stm32f10x.o
 .debug_abbrev  0x00001257      0x341 ./src/Bootloader.o
 .debug_abbrev  0x00001598      0x105 ./src/CRC.o
 .debug_abbrev  0x0000169d      0x240 ./src/Debug.o
 .debug_abbrev  0x000018dd       0xb1 ./src/Delay_program.o
 .debug_abbrev  0x0000198e      0x1aa ./src/Flash.o
 .debug_abbrev  0x00001b38      0x14c ./src/GPIO.o
 .debug_abbrev  0x00001c84      0x1cb ./src/HUART_program.o
 .debug_abbrev  0x00001e4f       0xfe ./src/NVIC_program.o
 .debug_abbrev  0x00001f4d      0x188 ./src/RCC_program.o
 .debug_abbrev  0x000020d5      0x1a2 ./src/UART_program.o
 .debug_abbrev  0x00002277      0x304 ./src/WIFI_program.o
 .debug_abbrev  0x0000257b      0x115 ./src/main.o

.debug_line     0x00000000     0x4863
 *(.debug_line)
 .debug_line    0x00000000      0x32f ./system/src/newlib/_exit.o
 .debug_line    0x0000032f      0x2e3 ./system/src/newlib/_sbrk.o
 .debug_line    0x00000612      0x39d ./system/src/newlib/_startup.o
 .debug_line    0x000009af      0x3f1 ./system/src/newlib/_syscalls.o
 .debug_line    0x00000da0      0x3ab ./system/src/diag/Trace.o
 .debug_line    0x0000114b      0x5ef ./system/src/diag/trace_impl.o
 .debug_line    0x0000173a      0x343 ./system/src/cortexm/_initialize_hardware.o
 .debug_line    0x00001a7d      0x6b1 ./system/src/cortexm/exception_handlers.o
 .debug_line    0x0000212e      0x3b6 ./system/src/cmsis/system_stm32f10x.o
 .debug_line    0x000024e4       0xf8 ./system/src/cmsis/vectors_stm32f10x.o
 .debug_line    0x000025dc      0x667 ./src/Bootloader.o
 .debug_line    0x00002c43       0xc8 ./src/CRC.o
 .debug_line    0x00002d0b      0x3a7 ./src/Debug.o
 .debug_line    0x000030b2       0xdb ./src/Delay_program.o
 .debug_line    0x0000318d      0x429 ./src/Flash.o
 .debug_line    0x000035b6      0x111 ./src/GPIO.o
 .debug_line    0x000036c7      0x1f5 ./src/HUART_program.o
 .debug_line    0x000038bc      0x21c ./src/NVIC_program.o
 .debug_line    0x00003ad8      0x221 ./src/RCC_program.o
 .debug_line    0x00003cf9      0x283 ./src/UART_program.o
 .debug_line    0x00003f7c      0x56f ./src/WIFI_program.o
 .debug_line    0x000044eb      0x378 ./src/main.o

.debug_frame    0x00000000     0x182c
 *(.debug_frame)
 .debug_frame   0x00000000       0x38 ./system/src/newlib/_exit.o
 .debug_frame   0x00000038       0x28 ./system/src/newlib/_sbrk.o
 .debug_frame   0x00000060       0x7c ./system/src/newlib/_startup.o
 .debug_frame   0x000000dc       0x50 ./system/src/newlib/_syscalls.o
 .debug_frame   0x0000012c       0x94 ./system/src/diag/Trace.o
 .debug_frame   0x000001c0       0x64 ./system/src/diag/trace_impl.o
 .debug_frame   0x00000224       0x40 ./system/src/cortexm/_initialize_hardware.o
 .debug_frame   0x00000264      0x158 ./system/src/cortexm/exception_handlers.o
 .debug_frame   0x000003bc       0x6c ./system/src/cmsis/system_stm32f10x.o
 .debug_frame   0x00000428       0x20 ./system/src/cmsis/vectors_stm32f10x.o
 .debug_frame   0x00000448      0x354 ./src/Bootloader.o
 .debug_frame   0x0000079c       0x7c ./src/CRC.o
 .debug_frame   0x00000818       0xc4 ./src/Debug.o
 .debug_frame   0x000008dc       0x70 ./src/Delay_program.o
 .debug_frame   0x0000094c      0x1ec ./src/Flash.o
 .debug_frame   0x00000b38       0xb8 ./src/GPIO.o
 .debug_frame   0x00000bf0      0x190 ./src/HUART_program.o
 .debug_frame   0x00000d80      0x120 ./src/NVIC_program.o
 .debug_frame   0x00000ea0       0xfc ./src/RCC_program.o
 .debug_frame   0x00000f9c      0x154 ./src/UART_program.o
 .debug_frame   0x000010f0      0x1a8 ./src/WIFI_program.o
 .debug_frame   0x00001298       0x28 ./src/main.o
 .debug_frame   0x000012c0       0xac d:/iti/sdk/assaf/imt_sdk_win_64/winarm/armgcc/bin/../lib/gcc/arm-none-eabi/7.2.1/thumb/v7-m\libgcc.a(_arm_addsubdf3.o)
 .debug_frame   0x0000136c       0x50 d:/iti/sdk/assaf/imt_sdk_win_64/winarm/armgcc/bin/../lib/gcc/arm-none-eabi/7.2.1/thumb/v7-m\libgcc.a(_arm_muldivdf3.o)
 .debug_frame   0x000013bc       0x24 d:/iti/sdk/assaf/imt_sdk_win_64/winarm/armgcc/bin/../lib/gcc/arm-none-eabi/7.2.1/thumb/v7-m\libgcc.a(_arm_fixunsdfsi.o)
 .debug_frame   0x000013e0       0x4c d:/iti/sdk/assaf/imt_sdk_win_64/winarm/armgcc/bin/../lib/gcc/arm-none-eabi/7.2.1/thumb/v7-m\libgcc.a(_arm_addsubsf3.o)
 .debug_frame   0x0000142c       0x38 d:/iti/sdk/assaf/imt_sdk_win_64/winarm/armgcc/bin/../lib/gcc/arm-none-eabi/7.2.1/thumb/v7-m\libgcc.a(_arm_muldivsf3.o)
 .debug_frame   0x00001464       0x24 d:/iti/sdk/assaf/imt_sdk_win_64/winarm/armgcc/bin/../lib/gcc/arm-none-eabi/7.2.1/thumb/v7-m\libgcc.a(_arm_fixunssfsi.o)
 .debug_frame   0x00001488       0x20 d:/iti/sdk/assaf/imt_sdk_win_64/winarm/armgcc/bin/../lib/gcc/arm-none-eabi/7.2.1/../../../../arm-none-eabi/lib/thumb/v7-m\libg_nano.a(lib_a-errno.o)
 .debug_frame   0x000014a8       0x28 d:/iti/sdk/assaf/imt_sdk_win_64/winarm/armgcc/bin/../lib/gcc/arm-none-eabi/7.2.1/../../../../arm-none-eabi/lib/thumb/v7-m\libg_nano.a(lib_a-memcpy-stub.o)
 .debug_frame   0x000014d0       0x20 d:/iti/sdk/assaf/imt_sdk_win_64/winarm/armgcc/bin/../lib/gcc/arm-none-eabi/7.2.1/../../../../arm-none-eabi/lib/thumb/v7-m\libg_nano.a(lib_a-memset.o)
 .debug_frame   0x000014f0       0x6c d:/iti/sdk/assaf/imt_sdk_win_64/winarm/armgcc/bin/../lib/gcc/arm-none-eabi/7.2.1/../../../../arm-none-eabi/lib/thumb/v7-m\libg_nano.a(lib_a-sprintf.o)
 .debug_frame   0x0000155c       0x28 d:/iti/sdk/assaf/imt_sdk_win_64/winarm/armgcc/bin/../lib/gcc/arm-none-eabi/7.2.1/../../../../arm-none-eabi/lib/thumb/v7-m\libg_nano.a(lib_a-strcat.o)
 .debug_frame   0x00001584       0x4c d:/iti/sdk/assaf/imt_sdk_win_64/winarm/armgcc/bin/../lib/gcc/arm-none-eabi/7.2.1/../../../../arm-none-eabi/lib/thumb/v7-m\libg_nano.a(lib_a-vsnprintf.o)
 .debug_frame   0x000015d0       0x90 d:/iti/sdk/assaf/imt_sdk_win_64/winarm/armgcc/bin/../lib/gcc/arm-none-eabi/7.2.1/../../../../arm-none-eabi/lib/thumb/v7-m\libg_nano.a(lib_a-nano-svfprintf.o)
 .debug_frame   0x00001660       0x60 d:/iti/sdk/assaf/imt_sdk_win_64/winarm/armgcc/bin/../lib/gcc/arm-none-eabi/7.2.1/../../../../arm-none-eabi/lib/thumb/v7-m\libg_nano.a(lib_a-nano-vfprintf_i.o)
 .debug_frame   0x000016c0       0x28 d:/iti/sdk/assaf/imt_sdk_win_64/winarm/armgcc/bin/../lib/gcc/arm-none-eabi/7.2.1/../../../../arm-none-eabi/lib/thumb/v7-m\libg_nano.a(lib_a-memchr-stub.o)
 .debug_frame   0x000016e8       0x28 d:/iti/sdk/assaf/imt_sdk_win_64/winarm/armgcc/bin/../lib/gcc/arm-none-eabi/7.2.1/../../../../arm-none-eabi/lib/thumb/v7-m\libg_nano.a(lib_a-memmove.o)
 .debug_frame   0x00001710       0x38 d:/iti/sdk/assaf/imt_sdk_win_64/winarm/armgcc/bin/../lib/gcc/arm-none-eabi/7.2.1/../../../../arm-none-eabi/lib/thumb/v7-m\libg_nano.a(lib_a-nano-freer.o)
 .debug_frame   0x00001748       0x2c d:/iti/sdk/assaf/imt_sdk_win_64/winarm/armgcc/bin/../lib/gcc/arm-none-eabi/7.2.1/../../../../arm-none-eabi/lib/thumb/v7-m\libg_nano.a(lib_a-nano-mallocr.o)
 .debug_frame   0x00001774       0x3c d:/iti/sdk/assaf/imt_sdk_win_64/winarm/armgcc/bin/../lib/gcc/arm-none-eabi/7.2.1/../../../../arm-none-eabi/lib/thumb/v7-m\libg_nano.a(lib_a-nano-reallocr.o)
 .debug_frame   0x000017b0       0x2c d:/iti/sdk/assaf/imt_sdk_win_64/winarm/armgcc/bin/../lib/gcc/arm-none-eabi/7.2.1/../../../../arm-none-eabi/lib/thumb/v7-m\libg_nano.a(lib_a-sbrkr.o)
 .debug_frame   0x000017dc       0x30 d:/iti/sdk/assaf/imt_sdk_win_64/winarm/armgcc/bin/../lib/gcc/arm-none-eabi/7.2.1/../../../../arm-none-eabi/lib/thumb/v7-m\libg_nano.a(lib_a-mlock.o)
 .debug_frame   0x0000180c       0x20 d:/iti/sdk/assaf/imt_sdk_win_64/winarm/armgcc/bin/../lib/gcc/arm-none-eabi/7.2.1/../../../../arm-none-eabi/lib/thumb/v7-m\libg_nano.a(lib_a-nano-msizer.o)

.debug_str      0x00000000    0x5c5cf
 *(.debug_str)
 .debug_str     0x00000000     0x7d2c ./system/src/newlib/_exit.o
                               0x7f05 (size before relaxing)
 .debug_str     0x00007d2c      0x4f5 ./system/src/newlib/_sbrk.o
                               0x72b7 (size before relaxing)
 .debug_str     0x00008221      0xbbd ./system/src/newlib/_startup.o
                               0x69f2 (size before relaxing)
 .debug_str     0x00008dde      0xe8b ./system/src/newlib/_syscalls.o
                               0x8192 (size before relaxing)
 .debug_str     0x00009c69      0x826 ./system/src/diag/Trace.o
                               0x867d (size before relaxing)
 .debug_str     0x0000a48f    0x47ff5 ./system/src/diag/trace_impl.o
                              0x4f79f (size before relaxing)
 .debug_str     0x00052484       0xc4 ./system/src/cortexm/_initialize_hardware.o
                              0x4b590 (size before relaxing)
 .debug_str     0x00052548      0x1a6 ./system/src/cortexm/exception_handlers.o
                              0x509c4 (size before relaxing)
 .debug_str     0x000526ee      0x114 ./system/src/cmsis/system_stm32f10x.o
                              0x4b62a (size before relaxing)
 .debug_str     0x00052802       0x57 ./system/src/cmsis/vectors_stm32f10x.o
                               0x3893 (size before relaxing)
 .debug_str     0x00052859     0x3cbf ./src/Bootloader.o
                               0x9dff (size before relaxing)
 .debug_str     0x00056518      0x112 ./src/CRC.o
                               0x2f83 (size before relaxing)
 .debug_str     0x0005662a       0x34 ./src/Debug.o
                               0x7e9b (size before relaxing)
 .debug_str     0x0005665e     0x146c ./src/Delay_program.o
                               0x42bf (size before relaxing)
 .debug_str     0x00057aca      0x9bd ./src/Flash.o
                               0x5e93 (size before relaxing)
 .debug_str     0x00058487     0x1971 ./src/GPIO.o
                               0x4d08 (size before relaxing)
 .debug_str     0x00059df8     0x1a21 ./src/HUART_program.o
                               0x641b (size before relaxing)
 .debug_str     0x0005b819      0x4d6 ./src/NVIC_program.o
                               0x434c (size before relaxing)
 .debug_str     0x0005bcef      0x22f ./src/RCC_program.o
                               0x449b (size before relaxing)
 .debug_str     0x0005bf1e      0x1fa ./src/UART_program.o
                               0x3915 (size before relaxing)
 .debug_str     0x0005c118      0x463 ./src/WIFI_program.o
                               0x8416 (size before relaxing)
 .debug_str     0x0005c57b       0x54 ./src/main.o
                               0x8c40 (size before relaxing)

.debug_loc      0x00000000     0x33ec
 *(.debug_loc)
 .debug_loc     0x00000000       0x85 ./system/src/newlib/_sbrk.o
 .debug_loc     0x00000085      0x1a9 ./system/src/newlib/_startup.o
 .debug_loc     0x0000022e       0x63 ./system/src/newlib/_syscalls.o
 .debug_loc     0x00000291       0xf6 ./system/src/diag/Trace.o
 .debug_loc     0x00000387      0x121 ./system/src/diag/trace_impl.o
 .debug_loc     0x000004a8      0x291 ./system/src/cortexm/exception_handlers.o
 .debug_loc     0x00000739       0xdf ./system/src/cmsis/system_stm32f10x.o
 .debug_loc     0x00000818      0xa11 ./src/Bootloader.o
 .debug_loc     0x00001229       0x8f ./src/CRC.o
 .debug_loc     0x000012b8       0x5a ./src/Debug.o
 .debug_loc     0x00001312       0x58 ./src/Delay_program.o
 .debug_loc     0x0000136a      0x70d ./src/Flash.o
 .debug_loc     0x00001a77      0x1d9 ./src/GPIO.o
 .debug_loc     0x00001c50      0x3a4 ./src/HUART_program.o
 .debug_loc     0x00001ff4      0x59d ./src/NVIC_program.o
 .debug_loc     0x00002591      0x3c3 ./src/RCC_program.o
 .debug_loc     0x00002954      0x6ec ./src/UART_program.o
 .debug_loc     0x00003040      0x3ac ./src/WIFI_program.o

.debug_macinfo
 *(.debug_macinfo)

.debug_weaknames
 *(.debug_weaknames)

.debug_funcnames
 *(.debug_funcnames)

.debug_typenames
 *(.debug_typenames)

.debug_varnames
 *(.debug_varnames)
OUTPUT(Bootloader_STM32f103c8t6_FOTA.elf elf32-littlearm)

.debug_ranges   0x00000000      0x668
 .debug_ranges  0x00000000       0x18 ./system/src/newlib/_exit.o
 .debug_ranges  0x00000018       0x10 ./system/src/newlib/_sbrk.o
 .debug_ranges  0x00000028       0x78 ./system/src/newlib/_startup.o
 .debug_ranges  0x000000a0       0x20 ./system/src/newlib/_syscalls.o
 .debug_ranges  0x000000c0       0x28 ./system/src/diag/Trace.o
 .debug_ranges  0x000000e8       0x50 ./system/src/diag/trace_impl.o
 .debug_ranges  0x00000138       0x18 ./system/src/cortexm/_initialize_hardware.o
 .debug_ranges  0x00000150       0x80 ./system/src/cortexm/exception_handlers.o
 .debug_ranges  0x000001d0       0x28 ./system/src/cmsis/system_stm32f10x.o
 .debug_ranges  0x000001f8       0x10 ./system/src/cmsis/vectors_stm32f10x.o
 .debug_ranges  0x00000208       0xd0 ./src/Bootloader.o
 .debug_ranges  0x000002d8       0x38 ./src/CRC.o
 .debug_ranges  0x00000310       0x20 ./src/Debug.o
 .debug_ranges  0x00000330       0x20 ./src/Delay_program.o
 .debug_ranges  0x00000350       0xa8 ./src/Flash.o
 .debug_ranges  0x000003f8       0x38 ./src/GPIO.o
 .debug_ranges  0x00000430       0x60 ./src/HUART_program.o
 .debug_ranges  0x00000490       0x90 ./src/NVIC_program.o
 .debug_ranges  0x00000520       0x68 ./src/RCC_program.o
 .debug_ranges  0x00000588       0x70 ./src/UART_program.o
 .debug_ranges  0x000005f8       0x60 ./src/WIFI_program.o
 .debug_ranges  0x00000658       0x10 ./src/main.o

.debug_macro    0x00000000     0x44ab
 .debug_macro   0x00000000      0x1b4 ./system/src/newlib/_exit.o
 .debug_macro   0x000001b4       0x9c ./system/src/newlib/_exit.o
 .debug_macro   0x00000250      0x10e ./system/src/newlib/_exit.o
 .debug_macro   0x0000035e       0x8d ./system/src/newlib/_exit.o
 .debug_macro   0x000003eb       0x43 ./system/src/newlib/_exit.o
 .debug_macro   0x0000042e      0x330 ./system/src/newlib/_exit.o
 .debug_macro   0x0000075e       0x35 ./system/src/newlib/_exit.o
 .debug_macro   0x00000793      0x169 ./system/src/newlib/_sbrk.o
 .debug_macro   0x000008fc      0x174 ./system/src/newlib/_sbrk.o
 .debug_macro   0x00000a70       0x10 ./system/src/newlib/_sbrk.o
 .debug_macro   0x00000a80      0x23b ./system/src/newlib/_sbrk.o
 .debug_macro   0x00000cbb      0x173 ./system/src/newlib/_startup.o
 .debug_macro   0x00000e2e      0x217 ./system/src/newlib/_syscalls.o
 .debug_macro   0x00001045       0x1c ./system/src/newlib/_syscalls.o
 .debug_macro   0x00001061       0x10 ./system/src/newlib/_syscalls.o
 .debug_macro   0x00001071       0x10 ./system/src/newlib/_syscalls.o
 .debug_macro   0x00001081       0x10 ./system/src/newlib/_syscalls.o
 .debug_macro   0x00001091       0x35 ./system/src/newlib/_syscalls.o
 .debug_macro   0x000010c6      0x122 ./system/src/newlib/_syscalls.o
 .debug_macro   0x000011e8       0x88 ./system/src/newlib/_syscalls.o
 .debug_macro   0x00001270       0x2b ./system/src/newlib/_syscalls.o
 .debug_macro   0x0000129b      0x118 ./system/src/newlib/_syscalls.o
 .debug_macro   0x000013b3      0x189 ./system/src/newlib/_syscalls.o
 .debug_macro   0x0000153c       0x16 ./system/src/newlib/_syscalls.o
 .debug_macro   0x00001552      0x1fb ./system/src/diag/Trace.o
 .debug_macro   0x0000174d       0x16 ./system/src/diag/Trace.o
 .debug_macro   0x00001763       0x97 ./system/src/diag/Trace.o
 .debug_macro   0x000017fa       0xfd ./system/src/diag/Trace.o
 .debug_macro   0x000018f7       0x10 ./system/src/diag/Trace.o
 .debug_macro   0x00001907       0x16 ./system/src/diag/Trace.o
 .debug_macro   0x0000191d      0x16f ./system/src/diag/Trace.o
 .debug_macro   0x00001a8c       0x4c ./system/src/diag/Trace.o
 .debug_macro   0x00001ad8       0x16 ./system/src/diag/Trace.o
 .debug_macro   0x00001aee      0x2c8 ./system/src/diag/trace_impl.o
 .debug_macro   0x00001db6       0x10 ./system/src/diag/trace_impl.o
 .debug_macro   0x00001dc6       0xcf ./system/src/diag/trace_impl.o
 .debug_macro   0x00001e95       0xbe ./system/src/diag/trace_impl.o
 .debug_macro   0x00001f53       0x22 ./system/src/diag/trace_impl.o
 .debug_macro   0x00001f75      0x159 ./system/src/cortexm/_initialize_hardware.o
 .debug_macro   0x000020ce      0x312 ./system/src/cortexm/exception_handlers.o
 .debug_macro   0x000023e0       0x3b ./system/src/cortexm/exception_handlers.o
 .debug_macro   0x0000241b       0x10 ./system/src/cortexm/exception_handlers.o
 .debug_macro   0x0000242b      0x15c ./system/src/cmsis/system_stm32f10x.o
 .debug_macro   0x00002587       0x34 ./system/src/cmsis/vectors_stm32f10x.o
 .debug_macro   0x000025bb      0x2b1 ./src/Bootloader.o
 .debug_macro   0x0000286c       0x2e ./src/Bootloader.o
 .debug_macro   0x0000289a      0x13c ./src/Bootloader.o
 .debug_macro   0x000029d6       0x3a ./src/Bootloader.o
 .debug_macro   0x00002a10      0x41a ./src/Bootloader.o
 .debug_macro   0x00002e2a       0x34 ./src/Bootloader.o
 .debug_macro   0x00002e5e       0x3c ./src/CRC.o
 .debug_macro   0x00002e9a      0x223 ./src/Debug.o
 .debug_macro   0x000030bd       0x1c ./src/Debug.o
 .debug_macro   0x000030d9       0x37 ./src/Delay_program.o
 .debug_macro   0x00003110      0x363 ./src/Delay_program.o
 .debug_macro   0x00003473      0x191 ./src/Flash.o
 .debug_macro   0x00003604      0x538 ./src/GPIO.o
 .debug_macro   0x00003b3c       0x5b ./src/HUART_program.o
 .debug_macro   0x00003b97      0x320 ./src/HUART_program.o
 .debug_macro   0x00003eb7      0x118 ./src/HUART_program.o
 .debug_macro   0x00003fcf       0xad ./src/NVIC_program.o
 .debug_macro   0x0000407c       0x29 ./src/RCC_program.o
 .debug_macro   0x000040a5       0x39 ./src/UART_program.o
 .debug_macro   0x000040de      0x1fb ./src/WIFI_program.o
 .debug_macro   0x000042d9      0x1d2 ./src/main.o
