Archive member included to satisfy reference by file (symbol)

d:/iti/sdk/assaf/imt_sdk_win_64/winarm/armgcc/bin/../lib/gcc/arm-none-eabi/7.2.1/thumb/v7-m\libgcc.a(_arm_addsubdf3.o)
                              ./src/Delay_program.o (__aeabi_dsub)
d:/iti/sdk/assaf/imt_sdk_win_64/winarm/armgcc/bin/../lib/gcc/arm-none-eabi/7.2.1/thumb/v7-m\libgcc.a(_arm_muldivdf3.o)
                              ./src/Delay_program.o (__aeabi_dmul)
d:/iti/sdk/assaf/imt_sdk_win_64/winarm/armgcc/bin/../lib/gcc/arm-none-eabi/7.2.1/thumb/v7-m\libgcc.a(_arm_fixunsdfsi.o)
                              ./src/Delay_program.o (__aeabi_d2uiz)
d:/iti/sdk/assaf/imt_sdk_win_64/winarm/armgcc/bin/../lib/gcc/arm-none-eabi/7.2.1/thumb/v7-m\libgcc.a(_arm_addsubsf3.o)
                              ./src/HUART_program.o (__aeabi_fsub)
d:/iti/sdk/assaf/imt_sdk_win_64/winarm/armgcc/bin/../lib/gcc/arm-none-eabi/7.2.1/thumb/v7-m\libgcc.a(_arm_muldivsf3.o)
                              ./src/Bootloader.o (__aeabi_fmul)
d:/iti/sdk/assaf/imt_sdk_win_64/winarm/armgcc/bin/../lib/gcc/arm-none-eabi/7.2.1/thumb/v7-m\libgcc.a(_arm_fixunssfsi.o)
                              ./src/Delay_program.o (__aeabi_f2uiz)
d:/iti/sdk/assaf/imt_sdk_win_64/winarm/armgcc/bin/../lib/gcc/arm-none-eabi/7.2.1/../../../../arm-none-eabi/lib/thumb/v7-m\libg_nano.a(lib_a-errno.o)
                              ./system/src/newlib/_sbrk.o (__errno)
d:/iti/sdk/assaf/imt_sdk_win_64/winarm/armgcc/bin/../lib/gcc/arm-none-eabi/7.2.1/../../../../arm-none-eabi/lib/thumb/v7-m\libg_nano.a(lib_a-impure.o)
                              d:/iti/sdk/assaf/imt_sdk_win_64/winarm/armgcc/bin/../lib/gcc/arm-none-eabi/7.2.1/../../../../arm-none-eabi/lib/thumb/v7-m\libg_nano.a(lib_a-errno.o) (_impure_ptr)
d:/iti/sdk/assaf/imt_sdk_win_64/winarm/armgcc/bin/../lib/gcc/arm-none-eabi/7.2.1/../../../../arm-none-eabi/lib/thumb/v7-m\libg_nano.a(lib_a-memcpy-stub.o)
                              ./src/WIFI_program.o (memcpy)
d:/iti/sdk/assaf/imt_sdk_win_64/winarm/armgcc/bin/../lib/gcc/arm-none-eabi/7.2.1/../../../../arm-none-eabi/lib/thumb/v7-m\libg_nano.a(lib_a-memset.o)
                              ./src/Bootloader.o (memset)
d:/iti/sdk/assaf/imt_sdk_win_64/winarm/armgcc/bin/../lib/gcc/arm-none-eabi/7.2.1/../../../../arm-none-eabi/lib/thumb/v7-m\libg_nano.a(lib_a-sprintf.o)
                              ./src/WIFI_program.o (sprintf)
d:/iti/sdk/assaf/imt_sdk_win_64/winarm/armgcc/bin/../lib/gcc/arm-none-eabi/7.2.1/../../../../arm-none-eabi/lib/thumb/v7-m\libg_nano.a(lib_a-strcat.o)
                              ./src/WIFI_program.o (strcat)
d:/iti/sdk/assaf/imt_sdk_win_64/winarm/armgcc/bin/../lib/gcc/arm-none-eabi/7.2.1/../../../../arm-none-eabi/lib/thumb/v7-m\libg_nano.a(lib_a-strlen.o)
                              ./system/src/diag/Trace.o (strlen)
d:/iti/sdk/assaf/imt_sdk_win_64/winarm/armgcc/bin/../lib/gcc/arm-none-eabi/7.2.1/../../../../arm-none-eabi/lib/thumb/v7-m\libg_nano.a(lib_a-vsnprintf.o)
                              ./system/src/diag/Trace.o (vsnprintf)
d:/iti/sdk/assaf/imt_sdk_win_64/winarm/armgcc/bin/../lib/gcc/arm-none-eabi/7.2.1/../../../../arm-none-eabi/lib/thumb/v7-m\libg_nano.a(lib_a-nano-svfprintf.o)
                              d:/iti/sdk/assaf/imt_sdk_win_64/winarm/armgcc/bin/../lib/gcc/arm-none-eabi/7.2.1/../../../../arm-none-eabi/lib/thumb/v7-m\libg_nano.a(lib_a-sprintf.o) (_svfprintf_r)
d:/iti/sdk/assaf/imt_sdk_win_64/winarm/armgcc/bin/../lib/gcc/arm-none-eabi/7.2.1/../../../../arm-none-eabi/lib/thumb/v7-m\libg_nano.a(lib_a-nano-vfprintf_i.o)
                              d:/iti/sdk/assaf/imt_sdk_win_64/winarm/armgcc/bin/../lib/gcc/arm-none-eabi/7.2.1/../../../../arm-none-eabi/lib/thumb/v7-m\libg_nano.a(lib_a-nano-svfprintf.o) (_printf_i)
d:/iti/sdk/assaf/imt_sdk_win_64/winarm/armgcc/bin/../lib/gcc/arm-none-eabi/7.2.1/../../../../arm-none-eabi/lib/thumb/v7-m\libg_nano.a(lib_a-memchr-stub.o)
                              d:/iti/sdk/assaf/imt_sdk_win_64/winarm/armgcc/bin/../lib/gcc/arm-none-eabi/7.2.1/../../../../arm-none-eabi/lib/thumb/v7-m\libg_nano.a(lib_a-nano-svfprintf.o) (memchr)
d:/iti/sdk/assaf/imt_sdk_win_64/winarm/armgcc/bin/../lib/gcc/arm-none-eabi/7.2.1/../../../../arm-none-eabi/lib/thumb/v7-m\libg_nano.a(lib_a-memmove.o)
                              d:/iti/sdk/assaf/imt_sdk_win_64/winarm/armgcc/bin/../lib/gcc/arm-none-eabi/7.2.1/../../../../arm-none-eabi/lib/thumb/v7-m\libg_nano.a(lib_a-nano-svfprintf.o) (memmove)
d:/iti/sdk/assaf/imt_sdk_win_64/winarm/armgcc/bin/../lib/gcc/arm-none-eabi/7.2.1/../../../../arm-none-eabi/lib/thumb/v7-m\libg_nano.a(lib_a-nano-freer.o)
                              d:/iti/sdk/assaf/imt_sdk_win_64/winarm/armgcc/bin/../lib/gcc/arm-none-eabi/7.2.1/../../../../arm-none-eabi/lib/thumb/v7-m\libg_nano.a(lib_a-nano-svfprintf.o) (_free_r)
d:/iti/sdk/assaf/imt_sdk_win_64/winarm/armgcc/bin/../lib/gcc/arm-none-eabi/7.2.1/../../../../arm-none-eabi/lib/thumb/v7-m\libg_nano.a(lib_a-nano-mallocr.o)
[...]
Memory Configuration

Name             Origin             Length             Attributes
RAM              0x20000000         0x00005000         xrw
CCMRAM           0x00000000         0x00000000         xrw
FLASH            0x08000000         0x00020000         xr
FLASHB1          0x00000000         0x00000000         xr
EXTMEMB0         0x00000000         0x00000000         xr
EXTMEMB1         0x00000000         0x00000000         xr
EXTMEMB2         0x00000000         0x00000000         xr
EXTMEMB3         0x00000000         0x00000000         xr
MEMORY_ARRAY     0x00000000         0x00000000         xrw
*default*        0x00000000         0xffffffff

Linker script and memory map

LOAD ./system/src/stm32f1-stdperiph/misc.o
LOAD ./system/src/newlib/_cxx.o
LOAD ./system/src/newlib/_exit.o
LOAD ./system/src/newlib/_sbrk.o
LOAD ./system/src/newlib/_startup.o
LOAD ./system/src/newlib/_syscalls.o
LOAD ./system/src/newlib/assert.o
LOAD ./system/src/diag/Trace.o
LOAD ./system/src/diag/trace_impl.o
LOAD ./system/src/cortexm/_initialize_hardware.o
LOAD ./system/src/cortexm/_reset_hardware.o
LOAD ./system/src/cortexm/exception_handlers.o
LOAD ./system/src/cmsis/system_stm32f10x.o
LOAD ./system/src/cmsis/vectors_stm32f10x.o
LOAD ./src/Bootloader.o
LOAD ./src/CRC.o
LOAD ./src/Debug.o
LOAD ./src/Delay_program.o
LOAD ./src/Flash.o
LOAD ./src/GPIO.o
LOAD ./src/HUART_program.o
LOAD ./src/NVIC_program.o
LOAD ./src/RCC_program.o
LOAD ./src/UART_program.o
LOAD ./src/WIFI_program.o
LOAD ./src/main.o
LOAD d:/iti/sdk/assaf/imt_sdk_win_64/winarm/armgcc/bin/../lib/gcc/arm-none-eabi/7.2.1/../../../../arm-none-eabi/lib/thumb/v7-m\libstdc++_nano.a
LOAD d:/iti/sdk/assaf/imt_sdk_win_64/winarm/armgcc/bin/../lib/gcc/arm-none-eabi/7.2.1/../../../../arm-none-eabi/lib/thumb/v7-m\libm.a
START GROUP
LOAD d:/iti/sdk/assaf/imt_sdk_win_64/winarm/armgcc/bin/../lib/gcc/arm-none-eabi/7.2.1/thumb/v7-m\libgcc.a
LOAD d:/iti/sdk/assaf/imt_sdk_win_64/winarm/armgcc/bin/../lib/gcc/arm-none-eabi/7.2.1/../../../../arm-none-eabi/lib/thumb/v7-m\libg_nano.a
LOAD d:/iti/sdk/assaf/imt_sdk_win_64/winarm/armgcc/bin/../lib/gcc/arm-none-eabi/7.2.1/../../../../arm-none-eabi/lib/thumb/v7-m\libc_nano.a
END GROUP
START GROUP
LOAD d:/iti/sdk/assaf/imt_sdk_win_64/winarm/armgcc/bin/../lib/gcc/arm-none-eabi/7.2.1/thumb/v7-m\libgcc.a
LOAD d:/iti/sdk/assaf/imt_sdk_win_64/winarm/armgcc/bin/../lib/gcc/arm-none-eabi/7.2.1/../../../../arm-none-eabi/lib/thumb/v7-m\libc_nano.a
END GROUP
                0x20005000                __stack = (ORIGIN (RAM) + LENGTH (RAM))
                0x20005000                _estack = __stack
                0x00000400                __Main_Stack_Size = 0x400
                [!provide]                PROVIDE (_Main_Stack_Size, __Main_Stack_Size)
                0x20004c00                __Main_Stack_Limit = (__stack - __Main_Stack_Size)
                [!provide]                PROVIDE (_Main_Stack_Limit, __Main_Stack_Limit)
                0x00000100                _Minimum_Stack_Size = 0x100
                0x2000185c                PROVIDE (_Heap_Begin, _end_noinit)
                0x20004c00                PROVIDE (_Heap_Limit, (__stack - __Main_Stack_Size))

.isr_vector     0x08000000      0x350
 FILL mask 0xff
                0x08000000                __vectors_start = ABSOLUTE (.)
                0x08000000                __vectors_start__ = ABSOLUTE (.)
 *(.isr_vector)
 .isr_vector    0x08000000      0x10c ./system/src/cmsis/vectors_stm32f10x.o
                0x08000000                __isr_vectors
 *(.cfmconfig)
 *(.after_vectors .after_vectors.*)
 .after_vectors
                0x0800010c      0x114 ./system/src/newlib/_startup.o
                0x0800010c                _start
 .after_vectors
                0x08000220      0x12c ./system/src/cortexm/exception_handlers.o
                0x08000220                Reset_Handler
                0x08000226                NMI_Handler
                0x0800022a                HardFault_Handler
                0x0800023e                HardFault_Handler_C
                0x0800029c                MemManage_Handler
                0x080002a0                BusFault_Handler
                0x080002b4                BusFault_Handler_C
                0x080002e8                UsageFault_Handler
                0x080002fc                UsageFault_Handler_C
                0x08000330                SVC_Handler
                0x08000334                DebugMon_Handler
                0x08000338                PendSV_Handler
                0x0800033c                SysTick_Handler
 .after_vectors
                0x0800034c        0x4 ./system/src/cmsis/vectors_stm32f10x.o
                0x0800034c                EXTI2_IRQHandler
                0x0800034c                TIM8_TRG_COM_IRQHandler
                0x0800034c                TIM8_CC_IRQHandler
                0x0800034c                TIM1_CC_IRQHandler
                0x0800034c                TIM6_IRQHandler
                0x0800034c                PVD_IRQHandler
                0x0800034c                SDIO_IRQHandler
                0x0800034c                CAN2_RX1_IRQHandler
                0x0800034c                EXTI3_IRQHandler
                0x0800034c                TIM8_TRG_COM_TIM14_IRQHandler
                0x0800034c                TIM1_UP_TIM10_IRQHandler
                0x0800034c                TIM8_UP_TIM13_IRQHandler
                0x0800034c                EXTI0_IRQHandler
                0x0800034c                I2C2_EV_IRQHandler
                0x0800034c                CAN1_RX0_IRQHandler
                0x0800034c                TIM1_UP_TIM16_IRQHandler
                0x0800034c                CAN2_SCE_IRQHandler
                0x0800034c                ADC1_2_IRQHandler
                0x0800034c                SPI1_IRQHandler
                0x0800034c                TAMPER_IRQHandler
                0x0800034c                TIM6_DAC_IRQHandler
                0x0800034c                TIM1_BRK_TIM9_IRQHandler
                0x0800034c                CAN2_RX0_IRQHandler
                0x0800034c                TIM8_UP_IRQHandler
                0x0800034c                DMA2_Channel2_IRQHandler
                0x0800034c                DMA1_Channel4_IRQHandler
                0x0800034c                RTC_IRQHandler
                0x0800034c                DMA1_Channel7_IRQHandler
                0x0800034c                CAN1_RX1_IRQHandler
                0x0800034c                UART5_IRQHandler
                0x0800034c                ADC3_IRQHandler
                0x0800034c                TIM4_IRQHandler
                0x0800034c                DMA2_Channel1_IRQHandler
                0x0800034c                I2C1_EV_IRQHandler
                0x0800034c                DMA1_Channel6_IRQHandler
                0x0800034c                UART4_IRQHandler
                0x0800034c                DMA2_Channel4_IRQHandler
                0x0800034c                TIM3_IRQHandler
                0x0800034c                RCC_IRQHandler
                0x0800034c                TIM8_BRK_TIM12_IRQHandler
                0x0800034c                TIM1_TRG_COM_IRQHandler
                0x0800034c                DMA1_Channel1_IRQHandler
                0x0800034c                Default_Handler
                0x0800034c                CEC_IRQHandler
                0x0800034c                EXTI15_10_IRQHandler
                0x0800034c                TIM14_IRQHandler
                0x0800034c                TIM13_IRQHandler
                0x0800034c                TIM12_IRQHandler
                0x0800034c                TIM7_IRQHandler
                0x0800034c                CAN2_TX_IRQHandler
                0x0800034c                TIM5_IRQHandler
                0x0800034c                EXTI9_5_IRQHandler
                0x0800034c                ETH_WKUP_IRQHandler
                0x0800034c                SPI2_IRQHandler
                0x0800034c                CAN1_TX_IRQHandler
                0x0800034c                DMA2_Channel5_IRQHandler
                0x0800034c                DMA1_Channel5_IRQHandler
                0x0800034c                EXTI4_IRQHandler
                0x0800034c                USB_LP_CAN1_RX0_IRQHandler
                0x0800034c                TIM1_TRG_COM_TIM17_IRQHandler
                0x0800034c                USB_HP_CAN1_TX_IRQHandler
                0x0800034c                DMA1_Channel3_IRQHandler
                0x0800034c                FSMC_IRQHandler
                0x0800034c                ETH_IRQHandler
                0x0800034c                TIM1_UP_IRQHandler
                0x0800034c                WWDG_IRQHandler
                0x0800034c                TIM2_IRQHandler
                0x0800034c                OTG_FS_WKUP_IRQHandler
                0x0800034c                TIM1_TRG_COM_TIM11_IRQHandler
                0x0800034c                TIM1_BRK_IRQHandler
                0x0800034c                EXTI1_IRQHandler
                0x0800034c                RTCAlarm_IRQHandler
                0x0800034c                DMA2_Channel4_5_IRQHandler
                0x0800034c                I2C2_ER_IRQHandler
                0x0800034c                DMA1_Channel2_IRQHandler
                0x0800034c                TIM8_BRK_IRQHandler
                0x0800034c                CAN1_SCE_IRQHandler
                0x0800034c                FLASH_IRQHandler
                0x0800034c                OTG_FS_IRQHandler
                0x0800034c                SPI3_IRQHandler
                0x0800034c                I2C1_ER_IRQHandler
                0x0800034c                USBWakeUp_IRQHandler
                0x0800034c                DMA2_Channel3_IRQHandler
                0x0800034c                TIM1_BRK_TIM15_IRQHandler

.inits          0x08000350       0x28
                0x08000350                __data_regions_array_start = .
                0x08000350        0x4 LONG 0x8005520 LOADADDR (.data)
                0x08000354        0x4 LONG 0x20000000 ADDR (.data)
                0x08000358        0x4 LONG 0x200000d8 (ADDR (.data) + SIZEOF (.data))
                0x0800035c        0x4 LONG 0x8005520 LOADADDR (.data_CCMRAM)
                0x08000360        0x4 LONG 0x0 ADDR (.data_CCMRAM)
                0x08000364        0x4 LONG 0x0 (ADDR (.data_CCMRAM) + SIZEOF (.data_CCMRAM))
                0x08000368                __data_regions_array_end = .
                0x08000368                __bss_regions_array_start = .
                0x08000368        0x4 LONG 0x200000d8 ADDR (.bss)
                0x0800036c        0x4 LONG 0x2000185c (ADDR (.bss) + SIZEOF (.bss))
                0x08000370        0x4 LONG 0x0 ADDR (.bss_CCMRAM)
                0x08000374        0x4 LONG 0x0 (ADDR (.bss_CCMRAM) + SIZEOF (.bss_CCMRAM))
                0x08000378                __bss_regions_array_end = .
 *(.init)
 *(.fini)
                0x08000378                . = ALIGN (0x4)
                0x08000378                PROVIDE (__preinit_array_start, .)
 *(.preinit_array_sysinit .preinit_array_sysinit.*)
 *(.preinit_array_platform .preinit_array_platform.*)
 *(.preinit_array .preinit_array.*)
                0x08000378                PROVIDE (__preinit_array_end, .)
                0x08000378                . = ALIGN (0x4)
                0x08000378                PROVIDE (__init_array_start, .)
 *(SORT_BY_NAME(.init_array.*))
 *(.init_array)
                0x08000378                PROVIDE (__init_array_end, .)
                0x08000378                . = ALIGN (0x4)
                0x08000378                PROVIDE (__fini_array_start, .)
 *(SORT_BY_NAME(.fini_array.*))
 *(.fini_array)
                0x08000378                PROVIDE (__fini_array_end, .)

.flashtext
 *(.flashtext .flashtext.*)

.text           0x08000378     0x51a7
 *(.text .text.*)
 .text._exit    0x08000378        0x2 ./system/src/newlib/_exit.o
                0x08000378                _exit
 *fill*         0x0800037a        0x2 
 .text._sbrk    0x0800037c       0x44 ./system/src/newlib/_sbrk.o
                0x0800037c                _sbrk
 .text.__initialize_args
                0x080003c0       0x10 ./system/src/newlib/_syscalls.o
                0x080003c0                __initialize_args
 .text.trace_printf
                0x080003d0       0x30 ./system/src/diag/Trace.o
                0x080003d0                trace_printf
 .text._trace_write_semihosting_debug
                0x08000400       0x60 ./system/src/diag/trace_impl.o
 .text.trace_write
                0x08000460        0x8 ./system/src/diag/trace_impl.o
                0x08000460                trace_write
 .text.__initialize_hardware_early
                0x08000468       0x18 ./system/src/cortexm/_initialize_hardware.o
                0x08000468                __initialize_hardware_early
 .text.__initialize_hardware
                0x08000480        0x8 ./system/src/cortexm/_initialize_hardware.o
                0x08000480                __initialize_hardware
 .text.dumpExceptionStack
                0x08000488       0xf4 ./system/src/cortexm/exception_handlers.o
                0x08000488                dumpExceptionStack
 .text.isSemihosting
                0x0800057c       0x20 ./system/src/cortexm/exception_handlers.o
                0x0800057c                isSemihosting
 .text.SetSysClockTo72
                0x0800059c       0xc4 ./system/src/cmsis/system_stm32f10x.o
 .text.SetSysClock
                0x08000660        0x8 ./system/src/cmsis/system_stm32f10x.o
 .text.SystemInit
                0x08000668       0x50 ./system/src/cmsis/system_stm32f10x.o
                0x08000668                SystemInit
 .text.SystemCoreClockUpdate
                0x080006b8       0x94 ./system/src/cmsis/system_stm32f10x.o
                0x080006b8                SystemCoreClockUpdate
 .text.bootloader_voidJumpToUserApp
                0x0800074c       0x3c ./src/Bootloader.o
                0x0800074c                bootloader_voidJumpToUserApp
 .text.bootloader_send_ack
                0x08000788       0x28 ./src/Bootloader.o
                0x08000788                bootloader_send_ack
 .text.bootloader_verify_crc
                0x080007b0       0x36 ./src/Bootloader.o
                0x080007b0                bootloader_verify_crc
 .text.verify_address
                0x080007e6       0x20 ./src/Bootloader.o
                0x080007e6                verify_address
 .text.char2hex
                0x08000806       0x44 ./src/Bootloader.o
                0x08000806                char2hex
 .text.hex2char
                0x0800084a       0x6c ./src/Bootloader.o
                0x0800084a                hex2char
 *fill*         0x080008b6        0x2 
 .text.bootloader_send_nack
                0x080008b8       0x1c ./src/Bootloader.o
                0x080008b8                bootloader_send_nack
 .text.bootloader_handle_mem_read_cmd
                0x080008d4       0x48 ./src/Bootloader.o
                0x080008d4                bootloader_handle_mem_read_cmd
 .text.bootloader_handle_getver_cmd
                0x0800091c       0x78 ./src/Bootloader.o
                0x0800091c                bootloader_handle_getver_cmd
 .text.bootloader_handle_gethelp_cmd
                0x08000994       0xb0 ./src/Bootloader.o
                0x08000994                bootloader_handle_gethelp_cmd
 .text.bootloader_handle_getcid_cmd
                0x08000a44       0x9c ./src/Bootloader.o
                0x08000a44                bootloader_handle_getcid_cmd
 .text.bootloader_handle_goto_address_cmd
                0x08000ae0       0xdc ./src/Bootloader.o
                0x08000ae0                bootloader_handle_goto_address_cmd
 .text.bootloader_handle_flash_erase_cmd
                0x08000bbc       0xa0 ./src/Bootloader.o
                0x08000bbc                bootloader_handle_flash_erase_cmd
 .text.bootloader_handle_flash_mass_erase_cmd
                0x08000c5c       0x78 ./src/Bootloader.o
                0x08000c5c                bootloader_handle_flash_mass_erase_cmd
 .text.bootloader_handle_mem_write_cmd
                0x08000cd4      0x1b4 ./src/Bootloader.o
                0x08000cd4                bootloader_handle_mem_write_cmd
 .text.bootloader_handle_en_read_protect_cmd
                0x08000e88       0x78 ./src/Bootloader.o
                0x08000e88                bootloader_handle_en_read_protect_cmd
 .text.bootloader_handle_dis_read_protect_cmd
                0x08000f00       0x78 ./src/Bootloader.o
                0x08000f00                bootloader_handle_dis_read_protect_cmd
 .text.bootloader_handle_en_write_protect_cmd
                0x08000f78       0x94 ./src/Bootloader.o
                0x08000f78                bootloader_handle_en_write_protect_cmd
 .text.bootloader_handle_dis_write_protect_cmd
                0x0800100c       0x94 ./src/Bootloader.o
                0x0800100c                bootloader_handle_dis_write_protect_cmd
 .text.bootloader_handle_getrdp_cmd
                0x080010a0       0x70 ./src/Bootloader.o
                0x080010a0                bootloader_handle_getrdp_cmd
 .text.bootloader_handle_read_sectors_status_cmd
                0x08001110       0xa0 ./src/Bootloader.o
                0x08001110                bootloader_handle_read_sectors_status_cmd
 .text.bootloader_handle_system_reset_cmd
                0x080011b0       0x74 ./src/Bootloader.o
                0x080011b0                bootloader_handle_system_reset_cmd
 .text.bootloader_handle_existing_apps_cmd
                0x08001224      0x164 ./src/Bootloader.o
                0x08001224                bootloader_handle_existing_apps_cmd
 .text.bootloader_handle_save_app_info_cmd
                0x08001388      0x1c0 ./src/Bootloader.o
                0x08001388                bootloader_handle_save_app_info_cmd
 .text.bootloader_voidUARTReadData
                0x08001548      0x1cc ./src/Bootloader.o
                0x08001548                bootloader_voidUARTReadData
 .text.CRC_ResetDR
                0x08001714        0xc ./src/CRC.o
                0x08001714                CRC_ResetDR
 .text.CRC_CalcBlockCRC
                0x08001720       0x2c ./src/CRC.o
                0x08001720                CRC_CalcBlockCRC
 .text.printmsg1
                0x0800174c       0x54 ./src/Debug.o
                0x0800174c                printmsg1
 .text.delay_setCPUclockFactor
                0x080017a0       0x54 ./src/Delay_program.o
                0x080017a0                delay_setCPUclockFactor
 *fill*         0x080017f4        0x4 
 .text.delay_ms
                0x080017f8       0x84 ./src/Delay_program.o
                0x080017f8                delay_ms
 .text.FLASH_Lock
                0x0800187c       0x20 ./src/Flash.o
                0x0800187c                FLASH_Lock
 .text.FLASH_Unlock
                0x0800189c       0x34 ./src/Flash.o
                0x0800189c                FLASH_Unlock
 .text.FLASH_WriteProgram
                0x080018d0       0x80 ./src/Flash.o
                0x080018d0                FLASH_WriteProgram
 .text.FLASH_PageErase
                0x08001950       0x6c ./src/Flash.o
                0x08001950                FLASH_PageErase
 .text.FLASH_MultiplePageErase
                0x080019bc       0x7c ./src/Flash.o
                0x080019bc                FLASH_MultiplePageErase
 .text.FLASH_MassErase
                0x08001a38       0x50 ./src/Flash.o
                0x08001a38                FLASH_MassErase
 .text.FLASH_OPT_Unlock
                0x08001a88       0x38 ./src/Flash.o
                0x08001a88                FLASH_OPT_Unlock
 .text.FLASH_OPT_GetRDPStatus
                0x08001ac0       0x10 ./src/Flash.o
                0x08001ac0                FLASH_OPT_GetRDPStatus
 .text.FLASH_OPT_EraseOPT
                0x08001ad0       0x74 ./src/Flash.o
                0x08001ad0                FLASH_OPT_EraseOPT
 .text.FLASH_OPT_GetWRPStatus
                0x08001b44        0xc ./src/Flash.o
                0x08001b44                FLASH_OPT_GetWRPStatus
 .text.FLASH_SystemReset
                0x08001b50       0x18 ./src/Flash.o
                0x08001b50                FLASH_SystemReset
 .text.FLASH_savePage
                0x08001b68       0x78 ./src/Flash.o
                0x08001b68                FLASH_savePage
 .text.FLASH_updatePage
                0x08001be0       0x90 ./src/Flash.o
                0x08001be0                FLASH_updatePage
 .text.FLASH_reloadPage
                0x08001c70       0x6c ./src/Flash.o
                0x08001c70                FLASH_reloadPage
 .text.FLASH_OPT_ReadProtection_Enable
                0x08001cdc       0x64 ./src/Flash.o
                0x08001cdc                FLASH_OPT_ReadProtection_Enable
 .text.FLASH_OPT_ReadProtection_Disable
                0x08001d40       0x64 ./src/Flash.o
                0x08001d40                FLASH_OPT_ReadProtection_Disable
 .text.FLASH_OPT_WriteProtection_Enable
                0x08001da4      0x108 ./src/Flash.o
                0x08001da4                FLASH_OPT_WriteProtection_Enable
 .text.FLASH_OPT_WriteProtection_Disable
                0x08001eac      0x140 ./src/Flash.o
                0x08001eac                FLASH_OPT_WriteProtection_Disable
 .text.GPIO_Init
                0x08001fec       0x88 ./src/GPIO.o
                0x08001fec                GPIO_Init
 .text.GPIO_Pin_Write
                0x08002074       0x3a ./src/GPIO.o
                0x08002074                GPIO_Pin_Write
 .text.GPIO_Pin_Read
                0x080020ae       0x32 ./src/GPIO.o
                0x080020ae                GPIO_Pin_Read
 .text.HUART_u16BaudrateCalculator
                0x080020e0       0xfc ./src/HUART_program.o
                0x080020e0                HUART_u16BaudrateCalculator
 .text.HUART_u8Init
                0x080021dc       0x78 ./src/HUART_program.o
                0x080021dc                HUART_u8Init
 .text.HUART_u8SetRXCallBack
                0x08002254        0xe ./src/HUART_program.o
                0x08002254                HUART_u8SetRXCallBack
 .text.HUART_u8SendAsync
                0x08002262       0x2e ./src/HUART_program.o
                0x08002262                HUART_u8SendAsync
 .text.HUART_u8ReceiveAsync
                0x08002290       0x2c ./src/HUART_program.o
                0x08002290                HUART_u8ReceiveAsync
 .text.HUART_u8SendSync
                0x080022bc       0x30 ./src/HUART_program.o
                0x080022bc                HUART_u8SendSync
 .text.NVIC_u8EnableInterrupt
                0x080022ec       0x5c ./src/NVIC_program.o
                0x080022ec                NVIC_u8EnableInterrupt
 .text.RCC_u8GetSWSStatus
                0x08002348       0x34 ./src/RCC_program.o
                0x08002348                RCC_u8GetSWSStatus
 .text.RCC_voidEnablePeripheralClock
                0x0800237c       0x4c ./src/RCC_program.o
                0x0800237c                RCC_voidEnablePeripheralClock
 .text.RCC_voidChangeBusPrescalar
                0x080023c8       0x38 ./src/RCC_program.o
                0x080023c8                RCC_voidChangeBusPrescalar
 .text.RCC_u16GetPrescalarValue
                0x08002400      0x108 ./src/RCC_program.o
                0x08002400                RCC_u16GetPrescalarValue
 .text.RCC_f32GetPLLMultiplierValue
                0x08002508      0x144 ./src/RCC_program.o
                0x08002508                RCC_f32GetPLLMultiplierValue
 .text.UART_u8Configure
                0x0800264c       0x46 ./src/UART_program.o
                0x0800264c                UART_u8Configure
 *fill*         0x08002692        0x2 
 .text.UART_voidSendSync
                0x08002694       0x64 ./src/UART_program.o
                0x08002694                UART_voidSendSync
 .text.UART_u8EnableInterrupt
                0x080026f8       0x18 ./src/UART_program.o
                0x080026f8                UART_u8EnableInterrupt
 .text.UART_voidSendAsync
                0x08002710       0x50 ./src/UART_program.o
                0x08002710                UART_voidSendAsync
 .text.UART_u8ReceiveAsync
                0x08002760       0x50 ./src/UART_program.o
                0x08002760                UART_u8ReceiveAsync
 .text.UART_u8SetRXCallBack
                0x080027b0       0x40 ./src/UART_program.o
                0x080027b0                UART_u8SetRXCallBack
 .text.UART_voidTerminateReceiving
                0x080027f0       0x48 ./src/UART_program.o
                0x080027f0                UART_voidTerminateReceiving
 .text.UART_voidTerminateSending
                0x08002838       0x50 ./src/UART_program.o
                0x08002838                UART_voidTerminateSending
 .text.USART1_IRQHandler
                0x08002888       0xc0 ./src/UART_program.o
                0x08002888                USART1_IRQHandler
 .text.USART2_IRQHandler
                0x08002948       0xc0 ./src/UART_program.o
                0x08002948                USART2_IRQHandler
 .text.USART3_IRQHandler
                0x08002a08       0xc0 ./src/UART_program.o
                0x08002a08                USART3_IRQHandler
 .text.callBackRX
                0x08002ac8      0x19c ./src/WIFI_program.o
                0x08002ac8                callBackRX
 .text.WIFI_voidHandleRequest
                0x08002c64       0x5c ./src/WIFI_program.o
 .text.WIFI_u8Init
                0x08002cc0       0x90 ./src/WIFI_program.o
                0x08002cc0                WIFI_u8Init
 .text.WIFI_u8SendCommand
                0x08002d50       0x30 ./src/WIFI_program.o
                0x08002d50                WIFI_u8SendCommand
 .text.WIFI_u8ConnectToAccessPoint
                0x08002d80      0x128 ./src/WIFI_program.o
                0x08002d80                WIFI_u8ConnectToAccessPoint
 .text.WIFI_u8ReceiveData
                0x08002ea8      0x158 ./src/WIFI_program.o
                0x08002ea8                WIFI_u8ReceiveData
 .text.WIFI_u8SendCommandToServer
                0x08003000      0x134 ./src/WIFI_program.o
                0x08003000                WIFI_u8SendCommandToServer
 .text.WIFI_u8ReceiveCommand
                0x08003134       0xf0 ./src/WIFI_program.o
                0x08003134                WIFI_u8ReceiveCommand
 .text.main     0x08003224       0xb8 ./src/main.o
                0x08003224                main
 .text          0x080032dc      0x378 d:/iti/sdk/assaf/imt_sdk_win_64/winarm/armgcc/bin/../lib/gcc/arm-none-eabi/7.2.1/thumb/v7-m\libgcc.a(_arm_addsubdf3.o)
                0x080032dc                __aeabi_drsub
                0x080032e4                __aeabi_dsub
                0x080032e4                __subdf3
                0x080032e8                __aeabi_dadd
                0x080032e8                __adddf3
                0x08003560                __floatunsidf
                0x08003560                __aeabi_ui2d
                0x08003580                __floatsidf
                0x08003580                __aeabi_i2d
                0x080035a4                __aeabi_f2d
                0x080035a4                __extendsfdf2
                0x080035e8                __floatundidf
                0x080035e8                __aeabi_ul2d
                0x080035f8                __floatdidf
                0x080035f8                __aeabi_l2d
 .text          0x08003654      0x424 d:/iti/sdk/assaf/imt_sdk_win_64/winarm/armgcc/bin/../lib/gcc/arm-none-eabi/7.2.1/thumb/v7-m\libgcc.a(_arm_muldivdf3.o)
                0x08003654                __aeabi_dmul
                0x08003654                __muldf3
                0x080038a8                __divdf3
                0x080038a8                __aeabi_ddiv
 .text          0x08003a78       0x40 d:/iti/sdk/assaf/imt_sdk_win_64/winarm/armgcc/bin/../lib/gcc/arm-none-eabi/7.2.1/thumb/v7-m\libgcc.a(_arm_fixunsdfsi.o)
                0x08003a78                __aeabi_d2uiz
                0x08003a78                __fixunsdfsi
 .text          0x08003ab8      0x21c d:/iti/sdk/assaf/imt_sdk_win_64/winarm/armgcc/bin/../lib/gcc/arm-none-eabi/7.2.1/thumb/v7-m\libgcc.a(_arm_addsubsf3.o)
                0x08003ab8                __aeabi_frsub
                0x08003ac0                __subsf3
                0x08003ac0                __aeabi_fsub
                0x08003ac4                __aeabi_fadd
                0x08003ac4                __addsf3
                0x08003c24                __aeabi_ui2f
                0x08003c24                __floatunsisf
                0x08003c2c                __aeabi_i2f
                0x08003c2c                __floatsisf
                0x08003c48                __aeabi_ul2f
                0x08003c48                __floatundisf
                0x08003c58                __aeabi_l2f
                0x08003c58                __floatdisf
 .text          0x08003cd4      0x2a0 d:/iti/sdk/assaf/imt_sdk_win_64/winarm/armgcc/bin/../lib/gcc/arm-none-eabi/7.2.1/thumb/v7-m\libgcc.a(_arm_muldivsf3.o)
                0x08003cd4                __mulsf3
                0x08003cd4                __aeabi_fmul
                0x08003e3c                __aeabi_fdiv
                0x08003e3c                __divsf3
 .text          0x08003f74       0x40 d:/iti/sdk/assaf/imt_sdk_win_64/winarm/armgcc/bin/../lib/gcc/arm-none-eabi/7.2.1/thumb/v7-m\libgcc.a(_arm_fixunssfsi.o)
                0x08003f74                __fixunssfsi
                0x08003f74                __aeabi_f2uiz
 .text.__errno  0x08003fb4        0xc d:/iti/sdk/assaf/imt_sdk_win_64/winarm/armgcc/bin/../lib/gcc/arm-none-eabi/7.2.1/../../../../arm-none-eabi/lib/thumb/v7-m\libg_nano.a(lib_a-errno.o)
                0x08003fb4                __errno
 .text.memcpy   0x08003fc0       0x16 d:/iti/sdk/assaf/imt_sdk_win_64/winarm/armgcc/bin/../lib/gcc/arm-none-eabi/7.2.1/../../../../arm-none-eabi/lib/thumb/v7-m\libg_nano.a(lib_a-memcpy-stub.o)
                0x08003fc0                memcpy
 .text.memset   0x08003fd6       0x10 d:/iti/sdk/assaf/imt_sdk_win_64/winarm/armgcc/bin/../lib/gcc/arm-none-eabi/7.2.1/../../../../arm-none-eabi/lib/thumb/v7-m\libg_nano.a(lib_a-memset.o)
                0x08003fd6                memset
 *fill*         0x08003fe6        0x2 
 .text.sprintf  0x08003fe8       0x40 d:/iti/sdk/assaf/imt_sdk_win_64/winarm/armgcc/bin/../lib/gcc/arm-none-eabi/7.2.1/../../../../arm-none-eabi/lib/thumb/v7-m\libg_nano.a(lib_a-sprintf.o)
                0x08003fe8                siprintf
                0x08003fe8                sprintf
 .text.strcat   0x08004028       0x1e d:/iti/sdk/assaf/imt_sdk_win_64/winarm/armgcc/bin/../lib/gcc/arm-none-eabi/7.2.1/../../../../arm-none-eabi/lib/thumb/v7-m\libg_nano.a(lib_a-strcat.o)
                0x08004028                strcat
 .text          0x08004046       0x10 d:/iti/sdk/assaf/imt_sdk_win_64/winarm/armgcc/bin/../lib/gcc/arm-none-eabi/7.2.1/../../../../arm-none-eabi/lib/thumb/v7-m\libg_nano.a(lib_a-strlen.o)
                0x08004046                strlen
 .text._vsnprintf_r
                0x08004056       0x58 d:/iti/sdk/assaf/imt_sdk_win_64/winarm/armgcc/bin/../lib/gcc/arm-none-eabi/7.2.1/../../../../arm-none-eabi/lib/thumb/v7-m\libg_nano.a(lib_a-vsnprintf.o)
                0x08004056                _vsniprintf_r
                0x08004056                _vsnprintf_r
 *fill*         0x080040ae        0x2 
 .text.vsnprintf
                0x080040b0       0x1c d:/iti/sdk/assaf/imt_sdk_win_64/winarm/armgcc/bin/../lib/gcc/arm-none-eabi/7.2.1/../../../../arm-none-eabi/lib/thumb/v7-m\libg_nano.a(lib_a-vsnprintf.o)
                0x080040b0                vsniprintf
                0x080040b0                vsnprintf
 .text.__ssputs_r
                0x080040cc       0xb4 d:/iti/sdk/assaf/imt_sdk_win_64/winarm/armgcc/bin/../lib/gcc/arm-none-eabi/7.2.1/../../../../arm-none-eabi/lib/thumb/v7-m\libg_nano.a(lib_a-nano-svfprintf.o)
                0x080040cc                __ssputs_r
 .text._svfprintf_r
                0x08004180      0x1ec d:/iti/sdk/assaf/imt_sdk_win_64/winarm/armgcc/bin/../lib/gcc/arm-none-eabi/7.2.1/../../../../arm-none-eabi/lib/thumb/v7-m\libg_nano.a(lib_a-nano-svfprintf.o)
                0x08004180                _svfiprintf_r
                0x08004180                _svfprintf_r
 .text._printf_common
                0x0800436c       0xec d:/iti/sdk/assaf/imt_sdk_win_64/winarm/armgcc/bin/../lib/gcc/arm-none-eabi/7.2.1/../../../../arm-none-eabi/lib/thumb/v7-m\libg_nano.a(lib_a-nano-vfprintf_i.o)
                0x0800436c                _printf_common
 .text._printf_i
                0x08004458      0x224 d:/iti/sdk/assaf/imt_sdk_win_64/winarm/armgcc/bin/../lib/gcc/arm-none-eabi/7.2.1/../../../../arm-none-eabi/lib/thumb/v7-m\libg_nano.a(lib_a-nano-vfprintf_i.o)
                0x08004458                _printf_i
 .text.memchr   0x0800467c       0x1c d:/iti/sdk/assaf/imt_sdk_win_64/winarm/armgcc/bin/../lib/gcc/arm-none-eabi/7.2.1/../../../../arm-none-eabi/lib/thumb/v7-m\libg_nano.a(lib_a-memchr-stub.o)
                0x0800467c                memchr
 .text.memmove  0x08004698       0x32 d:/iti/sdk/assaf/imt_sdk_win_64/winarm/armgcc/bin/../lib/gcc/arm-none-eabi/7.2.1/../../../../arm-none-eabi/lib/thumb/v7-m\libg_nano.a(lib_a-memmove.o)
                0x08004698                memmove
 *fill*         0x080046ca        0x2 
 .text._free_r  0x080046cc       0x98 d:/iti/sdk/assaf/imt_sdk_win_64/winarm/armgcc/bin/../lib/gcc/arm-none-eabi/7.2.1/../../../../arm-none-eabi/lib/thumb/v7-m\libg_nano.a(lib_a-nano-freer.o)
                0x080046cc                _free_r
 .text._malloc_r
                0x08004764       0xb4 d:/iti/sdk/assaf/imt_sdk_win_64/winarm/armgcc/bin/../lib/gcc/arm-none-eabi/7.2.1/../../../../arm-none-eabi/lib/thumb/v7-m\libg_nano.a(lib_a-nano-mallocr.o)
                0x08004764                _malloc_r
 .text._realloc_r
                0x08004818       0x4c d:/iti/sdk/assaf/imt_sdk_win_64/winarm/armgcc/bin/../lib/gcc/arm-none-eabi/7.2.1/../../../../arm-none-eabi/lib/thumb/v7-m\libg_nano.a(lib_a-nano-reallocr.o)
                0x08004818                _realloc_r
 .text._sbrk_r  0x08004864       0x20 d:/iti/sdk/assaf/imt_sdk_win_64/winarm/armgcc/bin/../lib/gcc/arm-none-eabi/7.2.1/../../../../arm-none-eabi/lib/thumb/v7-m\libg_nano.a(lib_a-sbrkr.o)
                0x08004864                _sbrk_r
 .text.__malloc_lock
                0x08004884        0x2 d:/iti/sdk/assaf/imt_sdk_win_64/winarm/armgcc/bin/../lib/gcc/arm-none-eabi/7.2.1/../../../../arm-none-eabi/lib/thumb/v7-m\libg_nano.a(lib_a-mlock.o)
                0x08004884                __malloc_lock
 .text.__malloc_unlock
                0x08004886        0x2 d:/iti/sdk/assaf/imt_sdk_win_64/winarm/armgcc/bin/../lib/gcc/arm-none-eabi/7.2.1/../../../../arm-none-eabi/lib/thumb/v7-m\libg_nano.a(lib_a-mlock.o)
                0x08004886                __malloc_unlock
 .text._malloc_usable_size_r
                0x08004888       0x10 d:/iti/sdk/assaf/imt_sdk_win_64/winarm/armgcc/bin/../lib/gcc/arm-none-eabi/7.2.1/../../../../arm-none-eabi/lib/thumb/v7-m\libg_nano.a(lib_a-nano-msizer.o)
                0x08004888                _malloc_usable_size_r
 *(.rodata .rodata.* .constdata .constdata.*)
 .rodata.dumpExceptionStack.str1.4
                0x08004898      0x11a ./system/src/cortexm/exception_handlers.o
 *fill*         0x080049b2        0x2 
 .rodata.str1.4
                0x080049b4       0x2a ./system/src/cortexm/exception_handlers.o
 *fill*         0x080049de        0x2 
 .rodata.bootloader_handle_dis_read_protect_cmd.str1.4
                0x080049e0       0x38 ./src/Bootloader.o
 .rodata.bootloader_handle_dis_write_protect_cmd.str1.4
                0x08004a18       0x39 ./src/Bootloader.o
 *fill*         0x08004a51        0x3 
 .rodata.bootloader_handle_en_read_protect_cmd.str1.4
                0x08004a54       0x37 ./src/Bootloader.o
 *fill*         0x08004a8b        0x1 
 .rodata.bootloader_handle_en_write_protect_cmd.str1.4
                0x08004a8c       0x38 ./src/Bootloader.o
 .rodata.bootloader_handle_existing_apps_cmd.str1.4
                0x08004ac4       0x35 ./src/Bootloader.o
 *fill*         0x08004af9        0x3 
 .rodata.bootloader_handle_flash_erase_cmd.str1.4
                0x08004afc       0x67 ./src/Bootloader.o
 *fill*         0x08004b63        0x1 
 .rodata.bootloader_handle_flash_mass_erase_cmd.str1.4
                0x08004b64       0x38 ./src/Bootloader.o
 .rodata.bootloader_handle_getcid_cmd.str1.4
                0x08004b9c       0x27 ./src/Bootloader.o
 *fill*         0x08004bc3        0x1 
 .rodata.bootloader_handle_gethelp_cmd.str1.4
                0x08004bc4       0x2f ./src/Bootloader.o
                                 0x37 (size before relaxing)
 *fill*         0x08004bf3        0x1 
 .rodata.bootloader_handle_getrdp_cmd.str1.4
                0x08004bf4       0x2e ./src/Bootloader.o
 *fill*         0x08004c22        0x2 
 .rodata.bootloader_handle_getver_cmd.str1.4
                0x08004c24       0x4f ./src/Bootloader.o
 *fill*         0x08004c73        0x1 
 .rodata.bootloader_handle_goto_address_cmd.str1.4
                0x08004c74       0xa9 ./src/Bootloader.o
 *fill*         0x08004d1d        0x3 
 .rodata.bootloader_handle_mem_read_cmd.str1.4
                0x08004d20       0x7a ./src/Bootloader.o
 *fill*         0x08004d9a        0x2 
 .rodata.bootloader_handle_mem_write_cmd.str1.4
                0x08004d9c       0xb7 ./src/Bootloader.o
 *fill*         0x08004e53        0x1 
 .rodata.bootloader_handle_read_sectors_status_cmd.str1.4
                0x08004e54       0x3b ./src/Bootloader.o
 *fill*         0x08004e8f        0x1 
 .rodata.bootloader_handle_save_app_info_cmd.str1.4
                0x08004e90       0x8e ./src/Bootloader.o
 *fill*         0x08004f1e        0x2 
 .rodata.bootloader_handle_system_reset_cmd.str1.4
                0x08004f20       0x34 ./src/Bootloader.o
 .rodata.bootloader_send_ack.str1.4
                0x08004f54       0x31 ./src/Bootloader.o
 *fill*         0x08004f85        0x3 
 .rodata.bootloader_voidJumpToUserApp.str1.4
                0x08004f88       0x61 ./src/Bootloader.o
 *fill*         0x08004fe9        0x3 
 .rodata.bootloader_voidUARTReadData.str1.4
                0x08004fec      0x111 ./src/Bootloader.o
 *fill*         0x080050fd        0x3 
 .rodata.HUART_USART1
                0x08005100       0x20 ./src/HUART_program.o
                0x08005100                HUART_USART1
 .rodata.HUART_USART2
                0x08005120       0x20 ./src/HUART_program.o
                0x08005120                HUART_USART2
 .rodata        0x08005140      0x200 ./src/WIFI_program.o
 .rodata.WIFI_u8ConnectToAccessPoint.str1.4
                0x08005340        0xf ./src/WIFI_program.o
 *fill*         0x0800534f        0x1 
 .rodata.WIFI_u8CountData.str1.4
                0x08005350       0xc3 ./src/WIFI_program.o
 *fill*         0x08005413        0x1 
 .rodata.WIFI_u8Init.str1.4
                0x08005414        0x9 ./src/WIFI_program.o
 *fill*         0x0800541d        0x3 
 .rodata.WIFI_u8ReceiveCommand.str1.4
                0x08005420       0x8e ./src/WIFI_program.o
 *fill*         0x080054ae        0x2 
 .rodata.WIFI_u8SendCommandToServer.str1.4
                0x080054b0       0x34 ./src/WIFI_program.o
 .rodata.main.str1.4
                0x080054e4        0x8 ./src/main.o
                                  0x6 (size before relaxing)
 .rodata._svfprintf_r.str1.1
                0x080054ec       0x11 d:/iti/sdk/assaf/imt_sdk_win_64/winarm/armgcc/bin/../lib/gcc/arm-none-eabi/7.2.1/../../../../arm-none-eabi/lib/thumb/v7-m\libg_nano.a(lib_a-nano-svfprintf.o)
 .rodata._printf_i.str1.1
                0x080054fd       0x22 d:/iti/sdk/assaf/imt_sdk_win_64/winarm/armgcc/bin/../lib/gcc/arm-none-eabi/7.2.1/../../../../arm-none-eabi/lib/thumb/v7-m\libg_nano.a(lib_a-nano-vfprintf_i.o)
 *(vtable)
 *(.eh_frame*)
 *(.glue_7)
 .glue_7        0x0800551f        0x0 linker stubs
 *(.glue_7t)
 .glue_7t       0x0800551f        0x0 linker stubs

.vfp11_veneer   0x08005520        0x0
 .vfp11_veneer  0x08005520        0x0 linker stubs

.v4_bx          0x08005520        0x0
 .v4_bx         0x08005520        0x0 linker stubs

.iplt           0x08005520        0x0
 .iplt          0x08005520        0x0 ./system/src/newlib/_exit.o

.rel.dyn        0x08005520        0x0
 .rel.iplt      0x08005520        0x0 ./system/src/newlib/_exit.o

.ARM.extab
 *(.ARM.extab* .gnu.linkonce.armextab.*)
                0x08005520                . = ALIGN (0x4)
                0x08005520                __exidx_start = .

.ARM.exidx
 *(.ARM.exidx* .gnu.linkonce.armexidx.*)
                0x08005520                __exidx_end = .
                0x08005520                . = ALIGN (0x4)
                0x08005520                _etext = .
                0x08005520                __etext = .

.data_CCMRAM    0x00000000        0x0 load address 0x08005520
 FILL mask 0xff
 *(.data.CCMRAM .data.CCMRAM.*)
                0x00000000                . = ALIGN (0x4)
                0x08005520                _sidata = LOADADDR (.data)

.data           0x20000000       0xd8 load address 0x08005520
 FILL mask 0xff
                0x20000000                _sdata = .
                0x20000000                __data_start__ = .
 *(.data_begin .data_begin.*)
 .data_begin    0x20000000        0x4 ./system/src/newlib/_startup.o
 *(.data .data.*)
 .data.argv.4310
                0x20000004        0x8 ./system/src/newlib/_syscalls.o
 .data.AHBPrescTable
                0x2000000c       0x10 ./system/src/cmsis/system_stm32f10x.o
                0x2000000c                AHBPrescTable
 .data.SystemCoreClock
                0x2000001c        0x4 ./system/src/cmsis/system_stm32f10x.o
                0x2000001c                SystemCoreClock
 .data.supported_commands
                0x20000020       0x11 ./src/Bootloader.o
                0x20000020                supported_commands
 *fill*         0x20000031        0x3 ff
 .data.CPU_CLOCK
                0x20000034        0x4 ./src/Delay_program.o
 .data.rxBufferUART1
                0x20000038        0x8 ./src/UART_program.o
 .data.rxBufferUART2
                0x20000040        0x8 ./src/UART_program.o
 .data.rxBufferUART3
                0x20000048        0x8 ./src/UART_program.o
 .data.txBufferUART1
                0x20000050        0x8 ./src/UART_program.o
 .data.txBufferUART2
                0x20000058        0x8 ./src/UART_program.o
 .data.txBufferUART3
                0x20000060        0x8 ./src/UART_program.o
 .data.static_u32RequiredIndex
                0x20000068        0x4 ./src/WIFI_program.o
 .data.static_u8ReceiveFlag
                0x2000006c        0x1 ./src/WIFI_program.o
 *fill*         0x2000006d        0x3 ff
 .data._impure_ptr
                0x20000070        0x4 d:/iti/sdk/assaf/imt_sdk_win_64/winarm/armgcc/bin/../lib/gcc/arm-none-eabi/7.2.1/../../../../arm-none-eabi/lib/thumb/v7-m\libg_nano.a(lib_a-impure.o)
                0x20000070                _impure_ptr
 .data.impure_data
                0x20000074       0x60 d:/iti/sdk/assaf/imt_sdk_win_64/winarm/armgcc/bin/../lib/gcc/arm-none-eabi/7.2.1/../../../../arm-none-eabi/lib/thumb/v7-m\libg_nano.a(lib_a-impure.o)
 *(.data_end .data_end.*)
 .data_end      0x200000d4        0x4 ./system/src/newlib/_startup.o
                0x200000d8                . = ALIGN (0x4)
                0x200000d8                _edata = .
                0x200000d8                __data_end__ = .

.igot.plt       0x200000d8        0x0 load address 0x080055f8
 .igot.plt      0x200000d8        0x0 ./system/src/newlib/_exit.o

.bss_CCMRAM     0x00000000        0x0
 *(.bss.CCMRAM .bss.CCMRAM.*)

.bss            0x200000d8     0x1784
                0x200000d8                __bss_start__ = .
                0x200000d8                _sbss = .
 *(.bss_begin .bss_begin.*)
 .bss_begin     0x200000d8        0x4 ./system/src/newlib/_startup.o
 *(.bss .bss.*)
 .bss.current_heap_end.3961
                0x200000dc        0x4 ./system/src/newlib/_sbrk.o
 .bss.name.4309
                0x200000e0        0x1 ./system/src/newlib/_syscalls.o
 *fill*         0x200000e1        0x3 
 .bss.buf.5205  0x200000e4       0x80 ./system/src/diag/Trace.o
 .bss.Global_u8ResponseArray
                0x20000164      0x100 ./src/Bootloader.o
                0x20000164                Global_u8ResponseArray
 .bss.bl_rx_buffer
                0x20000264      0x898 ./src/Bootloader.o
                0x20000264                bl_rx_buffer
 .bss.i         0x20000afc        0x1 ./src/Bootloader.o
                0x20000afc                i
 *fill*         0x20000afd        0x3 
 .bss.buf.5384  0x20000b00       0xc8 ./src/Debug.o
 .bss.RXCallbackFunctionUART1
                0x20000bc8        0x4 ./src/UART_program.o
 .bss.RXCallbackFunctionUART2
                0x20000bcc        0x4 ./src/UART_program.o
 .bss.RXCallbackFunctionUART3
                0x20000bd0        0x4 ./src/UART_program.o
 .bss.TXCallbackFunctionUART1
                0x20000bd4        0x4 ./src/UART_program.o
 .bss.TXCallbackFunctionUART2
                0x20000bd8        0x4 ./src/UART_program.o
 .bss.TXCallbackFunctionUART3
                0x20000bdc        0x4 ./src/UART_program.o
 .bss.Global_u16IteratorForNumberOfTimesDataAreReceived
                0x20000be0        0x2 ./src/WIFI_program.o
                0x20000be0                Global_u16IteratorForNumberOfTimesDataAreReceived
 .bss.Global_u16NumberOfTimesDataWillBeReceived
                0x20000be2        0x2 ./src/WIFI_program.o
                0x20000be2                Global_u16NumberOfTimesDataWillBeReceived
 .bss.Global_u8DataReceivedArray
                0x20000be4      0x800 ./src/WIFI_program.o
 .bss.Static_OUTPUT_PERIPHERAL
                0x200013e4       0x20 ./src/WIFI_program.o
 .bss.Static_UART_PERIPHERAL
                0x20001404       0x20 ./src/WIFI_program.o
 .bss.static_u32DataArrayIterator
                0x20001424        0x4 ./src/WIFI_program.o
 .bss.static_u32DataToBeSavedIterator
                0x20001428        0x4 ./src/WIFI_program.o
 .bss.static_u8DataToArray
                0x2000142c        0x1 ./src/WIFI_program.o
 .bss.static_u8IteratorFlag
                0x2000142d        0x1 ./src/WIFI_program.o
 .bss.static_u8PreviousChar
                0x2000142e        0x1 ./src/WIFI_program.o
 .bss.static_u8Response
                0x2000142f        0x1 ./src/WIFI_program.o
 .bss.static_u8StartSavingData
                0x20001430        0x1 ./src/WIFI_program.o
 *fill*         0x20001431        0x3 
 .bss.__malloc_free_list
                0x20001434        0x4 d:/iti/sdk/assaf/imt_sdk_win_64/winarm/armgcc/bin/../lib/gcc/arm-none-eabi/7.2.1/../../../../arm-none-eabi/lib/thumb/v7-m\libg_nano.a(lib_a-nano-mallocr.o)
                0x20001434                __malloc_free_list
 .bss.__malloc_sbrk_start
                0x20001438        0x4 d:/iti/sdk/assaf/imt_sdk_win_64/winarm/armgcc/bin/../lib/gcc/arm-none-eabi/7.2.1/../../../../arm-none-eabi/lib/thumb/v7-m\libg_nano.a(lib_a-nano-mallocr.o)
                0x20001438                __malloc_sbrk_start
 *(COMMON)
 COMMON         0x2000143c        0x4 ./system/src/newlib/_syscalls.o
                0x2000143c                errno
 COMMON         0x20001440        0x8 ./src/Bootloader.o
                0x20001440                OnBoard_Led
 COMMON         0x20001448      0x410 ./src/Flash.o
                0x20001448                OPTSaveBuffer
                0x20001458                FlashSaveBuffer
 *(.bss_end .bss_end.*)
 .bss_end       0x20001858        0x4 ./system/src/newlib/_startup.o
                0x2000185c                . = ALIGN (0x4)
                0x2000185c                __bss_end__ = .
                0x2000185c                _ebss = .

.noinit_CCMRAM
 *(.noinit.CCMRAM .noinit.CCMRAM.*)

.noinit         0x2000185c        0x0
                0x2000185c                _noinit = .
 *(.noinit .noinit.*)
                0x2000185c                . = ALIGN (0x4)
                0x2000185c                _end_noinit = .
                [!provide]                PROVIDE (end, _end_noinit)
                [!provide]                PROVIDE (_end, _end_noinit)
                [!provide]                PROVIDE (__end, _end_noinit)
                [!provide]                PROVIDE (__end__, _end_noinit)

._check_stack   0x2000185c      0x100
                0x2000195c                . = (. + _Minimum_Stack_Size)
 *fill*         0x2000185c      0x100 

.b1text
 *(.b1text)
 *(.b1rodata)
 *(.b1rodata.*)

.eb0text
 *(.eb0text)
 *(.eb0rodata)
 *(.eb0rodata.*)

.eb1text
 *(.eb1text)
 *(.eb1rodata)
 *(.eb1rodata.*)

.eb2text
 *(.eb2text)
 *(.eb2rodata)
 *(.eb2rodata.*)

.eb3text
 *(.eb3text)
 *(.eb3rodata)
 *(.eb3rodata.*)

.stab
 *(.stab)

.stabstr
 *(.stabstr)

.stab.excl
 *(.stab.excl)

.stab.exclstr
 *(.stab.exclstr)

.stab.index
 *(.stab.index)

.stab.indexstr
 *(.stab.indexstr)

.comment        0x00000000       0x7e
 *(.comment)
 .comment       0x00000000       0x7e ./system/src/newlib/_exit.o
                                 0x7f (size before relaxing)
 .comment       0x0000007e       0x7f ./system/src/newlib/_sbrk.o
 .comment       0x0000007e       0x7f ./system/src/newlib/_startup.o
 .comment       0x0000007e       0x7f ./system/src/newlib/_syscalls.o
 .comment       0x0000007e       0x7f ./system/src/diag/Trace.o
 .comment       0x0000007e       0x7f ./system/src/diag/trace_impl.o
 .comment       0x0000007e       0x7f ./system/src/cortexm/_initialize_hardware.o
 .comment       0x0000007e       0x7f ./system/src/cortexm/exception_handlers.o
 .comment       0x0000007e       0x7f ./system/src/cmsis/system_stm32f10x.o
 .comment       0x0000007e       0x7f ./system/src/cmsis/vectors_stm32f10x.o
 .comment       0x0000007e       0x7f ./src/Bootloader.o
 .comment       0x0000007e       0x7f ./src/CRC.o
 .comment       0x0000007e       0x7f ./src/Debug.o
 .comment       0x0000007e       0x7f ./src/Delay_program.o
 .comment       0x0000007e       0x7f ./src/Flash.o
 .comment       0x0000007e       0x7f ./src/GPIO.o
 .comment       0x0000007e       0x7f ./src/HUART_program.o
 .comment       0x0000007e       0x7f ./src/NVIC_program.o
 .comment       0x0000007e       0x7f ./src/RCC_program.o
 .comment       0x0000007e       0x7f ./src/UART_program.o
 .comment       0x0000007e       0x7f ./src/WIFI_program.o
 .comment       0x0000007e       0x7f ./src/main.o

.ARM.attributes
                0x00000000       0x31
 .ARM.attributes
                0x00000000       0x33 ./system/src/newlib/_exit.o
 .ARM.attributes
                0x00000033       0x33 ./system/src/newlib/_sbrk.o
 .ARM.attributes
                0x00000066       0x33 ./system/src/newlib/_startup.o
 .ARM.attributes
                0x00000099       0x33 ./system/src/newlib/_syscalls.o
 .ARM.attributes
                0x000000cc       0x33 ./system/src/diag/Trace.o
 .ARM.attributes
                0x000000ff       0x33 ./system/src/diag/trace_impl.o
 .ARM.attributes
                0x00000132       0x33 ./system/src/cortexm/_initialize_hardware.o
 .ARM.attributes
                0x00000165       0x33 ./system/src/cortexm/exception_handlers.o
 .ARM.attributes
                0x00000198       0x33 ./system/src/cmsis/system_stm32f10x.o
 .ARM.attributes
                0x000001cb       0x33 ./system/src/cmsis/vectors_stm32f10x.o
 .ARM.attributes
                0x000001fe       0x33 ./src/Bootloader.o
 .ARM.attributes
                0x00000231       0x33 ./src/CRC.o
 .ARM.attributes
                0x00000264       0x33 ./src/Debug.o
 .ARM.attributes
                0x00000297       0x33 ./src/Delay_program.o
 .ARM.attributes
                0x000002ca       0x33 ./src/Flash.o
 .ARM.attributes
                0x000002fd       0x33 ./src/GPIO.o
 .ARM.attributes
                0x00000330       0x33 ./src/HUART_program.o
 .ARM.attributes
                0x00000363       0x33 ./src/NVIC_program.o
 .ARM.attributes
                0x00000396       0x33 ./src/RCC_program.o
 .ARM.attributes
                0x000003c9       0x33 ./src/UART_program.o
 .ARM.attributes
                0x000003fc       0x33 ./src/WIFI_program.o
 .ARM.attributes
                0x0000042f       0x33 ./src/main.o
 .ARM.attributes
                0x00000462       0x1d d:/iti/sdk/assaf/imt_sdk_win_64/winarm/armgcc/bin/../lib/gcc/arm-none-eabi/7.2.1/thumb/v7-m\libgcc.a(_arm_addsubdf3.o)
 .ARM.attributes
                0x0000047f       0x1d d:/iti/sdk/assaf/imt_sdk_win_64/winarm/armgcc/bin/../lib/gcc/arm-none-eabi/7.2.1/thumb/v7-m\libgcc.a(_arm_muldivdf3.o)
 .ARM.attributes
                0x0000049c       0x1d d:/iti/sdk/assaf/imt_sdk_win_64/winarm/armgcc/bin/../lib/gcc/arm-none-eabi/7.2.1/thumb/v7-m\libgcc.a(_arm_fixunsdfsi.o)
 .ARM.attributes
                0x000004b9       0x1d d:/iti/sdk/assaf/imt_sdk_win_64/winarm/armgcc/bin/../lib/gcc/arm-none-eabi/7.2.1/thumb/v7-m\libgcc.a(_arm_addsubsf3.o)
 .ARM.attributes
                0x000004d6       0x1d d:/iti/sdk/assaf/imt_sdk_win_64/winarm/armgcc/bin/../lib/gcc/arm-none-eabi/7.2.1/thumb/v7-m\libgcc.a(_arm_muldivsf3.o)
 .ARM.attributes
                0x000004f3       0x1d d:/iti/sdk/assaf/imt_sdk_win_64/winarm/armgcc/bin/../lib/gcc/arm-none-eabi/7.2.1/thumb/v7-m\libgcc.a(_arm_fixunssfsi.o)
 .ARM.attributes
                0x00000510       0x2d d:/iti/sdk/assaf/imt_sdk_win_64/winarm/armgcc/bin/../lib/gcc/arm-none-eabi/7.2.1/../../../../arm-none-eabi/lib/thumb/v7-m\libg_nano.a(lib_a-errno.o)
 .ARM.attributes
                0x0000053d       0x2d d:/iti/sdk/assaf/imt_sdk_win_64/winarm/armgcc/bin/../lib/gcc/arm-none-eabi/7.2.1/../../../../arm-none-eabi/lib/thumb/v7-m\libg_nano.a(lib_a-impure.o)
 .ARM.attributes
                0x0000056a       0x2d d:/iti/sdk/assaf/imt_sdk_win_64/winarm/armgcc/bin/../lib/gcc/arm-none-eabi/7.2.1/../../../../arm-none-eabi/lib/thumb/v7-m\libg_nano.a(lib_a-memcpy-stub.o)
 .ARM.attributes
                0x00000597       0x2d d:/iti/sdk/assaf/imt_sdk_win_64/winarm/armgcc/bin/../lib/gcc/arm-none-eabi/7.2.1/../../../../arm-none-eabi/lib/thumb/v7-m\libg_nano.a(lib_a-memset.o)
 .ARM.attributes
                0x000005c4       0x2d d:/iti/sdk/assaf/imt_sdk_win_64/winarm/armgcc/bin/../lib/gcc/arm-none-eabi/7.2.1/../../../../arm-none-eabi/lib/thumb/v7-m\libg_nano.a(lib_a-sprintf.o)
 .ARM.attributes
                0x000005f1       0x2d d:/iti/sdk/assaf/imt_sdk_win_64/winarm/armgcc/bin/../lib/gcc/arm-none-eabi/7.2.1/../../../../arm-none-eabi/lib/thumb/v7-m\libg_nano.a(lib_a-strcat.o)
 .ARM.attributes
                0x0000061e       0x17 d:/iti/sdk/assaf/imt_sdk_win_64/winarm/armgcc/bin/../lib/gcc/arm-none-eabi/7.2.1/../../../../arm-none-eabi/lib/thumb/v7-m\libg_nano.a(lib_a-strlen.o)
 .ARM.attributes
                0x00000635       0x2d d:/iti/sdk/assaf/imt_sdk_win_64/winarm/armgcc/bin/../lib/gcc/arm-none-eabi/7.2.1/../../../../arm-none-eabi/lib/thumb/v7-m\libg_nano.a(lib_a-vsnprintf.o)
 .ARM.attributes
                0x00000662       0x2d d:/iti/sdk/assaf/imt_sdk_win_64/winarm/armgcc/bin/../lib/gcc/arm-none-eabi/7.2.1/../../../../arm-none-eabi/lib/thumb/v7-m\libg_nano.a(lib_a-nano-svfprintf.o)
 .ARM.attributes
                0x0000068f       0x2d d:/iti/sdk/assaf/imt_sdk_win_64/winarm/armgcc/bin/../lib/gcc/arm-none-eabi/7.2.1/../../../../arm-none-eabi/lib/thumb/v7-m\libg_nano.a(lib_a-nano-vfprintf_i.o)
 .ARM.attributes
                0x000006bc       0x2d d:/iti/sdk/assaf/imt_sdk_win_64/winarm/armgcc/bin/../lib/gcc/arm-none-eabi/7.2.1/../../../../arm-none-eabi/lib/thumb/v7-m\libg_nano.a(lib_a-memchr-stub.o)
 .ARM.attributes
                0x000006e9       0x2d d:/iti/sdk/assaf/imt_sdk_win_64/winarm/armgcc/bin/../lib/gcc/arm-none-eabi/7.2.1/../../../../arm-none-eabi/lib/thumb/v7-m\libg_nano.a(lib_a-memmove.o)
 .ARM.attributes
                0x00000716       0x2d d:/iti/sdk/assaf/imt_sdk_win_64/winarm/armgcc/bin/../lib/gcc/arm-none-eabi/7.2.1/../../../../arm-none-eabi/lib/thumb/v7-m\libg_nano.a(lib_a-nano-freer.o)
 .ARM.attributes
                0x00000743       0x2d d:/iti/sdk/assaf/imt_sdk_win_64/winarm/armgcc/bin/../lib/gcc/arm-none-eabi/7.2.1/../../../../arm-none-eabi/lib/thumb/v7-m\libg_nano.a(lib_a-nano-mallocr.o)
 .ARM.attributes
                0x00000770       0x2d d:/iti/sdk/assaf/imt_sdk_win_64/winarm/armgcc/bin/../lib/gcc/arm-none-eabi/7.2.1/../../../../arm-none-eabi/lib/thumb/v7-m\libg_nano.a(lib_a-nano-reallocr.o)
 .ARM.attributes
                0x0000079d       0x2d d:/iti/sdk/assaf/imt_sdk_win_64/winarm/armgcc/bin/../lib/gcc/arm-none-eabi/7.2.1/../../../../arm-none-eabi/lib/thumb/v7-m\libg_nano.a(lib_a-sbrkr.o)
 .ARM.attributes
                0x000007ca       0x2d d:/iti/sdk/assaf/imt_sdk_win_64/winarm/armgcc/bin/../lib/gcc/arm-none-eabi/7.2.1/../../../../arm-none-eabi/lib/thumb/v7-m\libg_nano.a(lib_a-mlock.o)
 .ARM.attributes
                0x000007f7       0x2d d:/iti/sdk/assaf/imt_sdk_win_64/winarm/armgcc/bin/../lib/gcc/arm-none-eabi/7.2.1/../../../../arm-none-eabi/lib/thumb/v7-m\libg_nano.a(lib_a-nano-msizer.o)

.debug
 *(.debug)

.line
 *(.line)

.debug_srcinfo
 *(.debug_srcinfo)

.debug_sfnames
 *(.debug_sfnames)

.debug_aranges  0x00000000      0x758
 *(.debug_aranges)
 .debug_aranges
                0x00000000       0x28 ./system/src/newlib/_exit.o
 .debug_aranges
                0x00000028       0x20 ./system/src/newlib/_sbrk.o
 .debug_aranges
                0x00000048       0x40 ./system/src/newlib/_startup.o
 .debug_aranges
                0x00000088       0x30 ./system/src/newlib/_syscalls.o
 .debug_aranges
                0x000000b8       0x38 ./system/src/diag/Trace.o
 .debug_aranges
                0x000000f0       0x30 ./system/src/diag/trace_impl.o
 .debug_aranges
                0x00000120       0x28 ./system/src/cortexm/_initialize_hardware.o
 .debug_aranges
                0x00000148       0x90 ./system/src/cortexm/exception_handlers.o
 .debug_aranges
                0x000001d8       0x38 ./system/src/cmsis/system_stm32f10x.o
 .debug_aranges
                0x00000210       0x20 ./system/src/cmsis/vectors_stm32f10x.o
 .debug_aranges
                0x00000230       0xe0 ./src/Bootloader.o
 .debug_aranges
                0x00000310       0x48 ./src/CRC.o
 .debug_aranges
                0x00000358       0x30 ./src/Debug.o
 .debug_aranges
                0x00000388       0x30 ./src/Delay_program.o
 .debug_aranges
                0x000003b8       0xb8 ./src/Flash.o
 .debug_aranges
                0x00000470       0x48 ./src/GPIO.o
 .debug_aranges
                0x000004b8       0x70 ./src/HUART_program.o
 .debug_aranges
                0x00000528       0xa0 ./src/NVIC_program.o
 .debug_aranges
                0x000005c8       0x78 ./src/RCC_program.o
 .debug_aranges
                0x00000640       0x80 ./src/UART_program.o
 .debug_aranges
                0x000006c0       0x78 ./src/WIFI_program.o
 .debug_aranges
                0x00000738       0x20 ./src/main.o

.debug_pubnames
 *(.debug_pubnames)

.debug_info     0x00000000     0xc459
 *(.debug_info .gnu.linkonce.wi.*)
 .debug_info    0x00000000      0x956 ./system/src/newlib/_exit.o
 .debug_info    0x00000956      0x942 ./system/src/newlib/_sbrk.o
 .debug_info    0x00001298      0x42e ./system/src/newlib/_startup.o
 .debug_info    0x000016c6      0xa19 ./system/src/newlib/_syscalls.o
 .debug_info    0x000020df      0xb2a ./system/src/diag/Trace.o
 .debug_info    0x00002c09      0x363 ./system/src/diag/trace_impl.o
 .debug_info    0x00002f6c      0x2b5 ./system/src/cortexm/_initialize_hardware.o
 .debug_info    0x00003221     0x1140 ./system/src/cortexm/exception_handlers.o
 .debug_info    0x00004361      0x494 ./system/src/cmsis/system_stm32f10x.o
 .debug_info    0x000047f5       0xca ./system/src/cmsis/vectors_stm32f10x.o
 .debug_info    0x000048bf     0x2e6b ./src/Bootloader.o
 .debug_info    0x0000772a      0x1a9 ./src/CRC.o
 .debug_info    0x000078d3      0xc19 ./src/Debug.o
 .debug_info    0x000084ec      0x1b0 ./src/Delay_program.o
 .debug_info    0x0000869c      0x92c ./src/Flash.o
 .debug_info    0x00008fc8      0x375 ./src/GPIO.o
 .debug_info    0x0000933d      0x7af ./src/HUART_program.o
 .debug_info    0x00009aec      0x37c ./src/NVIC_program.o
 .debug_info    0x00009e68      0x33a ./src/RCC_program.o
 .debug_info    0x0000a1a2      0x6ef ./src/UART_program.o
 .debug_info    0x0000a891     0x1822 ./src/WIFI_program.o
 .debug_info    0x0000c0b3      0x3a6 ./src/main.o

.debug_abbrev   0x00000000     0x26a6
 *(.debug_abbrev)
 .debug_abbrev  0x00000000      0x1f3 ./system/src/newlib/_exit.o
 .debug_abbrev  0x000001f3      0x1fc ./system/src/newlib/_sbrk.o
 .debug_abbrev  0x000003ef      0x1b3 ./system/src/newlib/_startup.o
 .debug_abbrev  0x000005a2      0x234 ./system/src/newlib/_syscalls.o
 .debug_abbrev  0x000007d6      0x276 ./system/src/diag/Trace.o
 .debug_abbrev  0x00000a4c      0x1e2 ./system/src/diag/trace_impl.o
 .debug_abbrev  0x00000c2e       0xea ./system/src/cortexm/_initialize_hardware.o
 .debug_abbrev  0x00000d18      0x32b ./system/src/cortexm/exception_handlers.o
 .debug_abbrev  0x00001043      0x177 ./system/src/cmsis/system_stm32f10x.o
 .debug_abbrev  0x000011ba       0x9d ./system/src/cmsis/vectors_stm32f10x.o
 .debug_abbrev  0x00001257      0x359 ./src/Bootloader.o
 .debug_abbrev  0x000015b0      0x105 ./src/CRC.o
 .debug_abbrev  0x000016b5      0x240 ./src/Debug.o
 .debug_abbrev  0x000018f5       0xb1 ./src/Delay_program.o
 .debug_abbrev  0x000019a6      0x1aa ./src/Flash.o
 .debug_abbrev  0x00001b50      0x14c ./src/GPIO.o
 .debug_abbrev  0x00001c9c      0x1cb ./src/HUART_program.o
 .debug_abbrev  0x00001e67       0xfe ./src/NVIC_program.o
 .debug_abbrev  0x00001f65      0x188 ./src/RCC_program.o
 .debug_abbrev  0x000020ed      0x1a2 ./src/UART_program.o
 .debug_abbrev  0x0000228f      0x313 ./src/WIFI_program.o
 .debug_abbrev  0x000025a2      0x104 ./src/main.o

.debug_line     0x00000000     0x439e
 *(.debug_line)
 .debug_line    0x00000000      0x32f ./system/src/newlib/_exit.o
 .debug_line    0x0000032f      0x2e3 ./system/src/newlib/_sbrk.o
 .debug_line    0x00000612      0x39d ./system/src/newlib/_startup.o
 .debug_line    0x000009af      0x3f1 ./system/src/newlib/_syscalls.o
 .debug_line    0x00000da0      0x3ab ./system/src/diag/Trace.o
 .debug_line    0x0000114b      0x43b ./system/src/diag/trace_impl.o
 .debug_line    0x00001586      0x18f ./system/src/cortexm/_initialize_hardware.o
 .debug_line    0x00001715      0x4fd ./system/src/cortexm/exception_handlers.o
 .debug_line    0x00001c12      0x202 ./system/src/cmsis/system_stm32f10x.o
 .debug_line    0x00001e14       0xf8 ./system/src/cmsis/vectors_stm32f10x.o
 .debug_line    0x00001f0c      0x7d6 ./src/Bootloader.o
 .debug_line    0x000026e2       0xc8 ./src/CRC.o
 .debug_line    0x000027aa      0x3a7 ./src/Debug.o
 .debug_line    0x00002b51       0xdb ./src/Delay_program.o
 .debug_line    0x00002c2c      0x429 ./src/Flash.o
 .debug_line    0x00003055      0x111 ./src/GPIO.o
 .debug_line    0x00003166      0x1f5 ./src/HUART_program.o
 .debug_line    0x0000335b      0x21c ./src/NVIC_program.o
 .debug_line    0x00003577      0x221 ./src/RCC_program.o
 .debug_line    0x00003798      0x283 ./src/UART_program.o
 .debug_line    0x00003a1b      0x60e ./src/WIFI_program.o
 .debug_line    0x00004029      0x375 ./src/main.o

.debug_frame    0x00000000     0x1868
 *(.debug_frame)
 .debug_frame   0x00000000       0x38 ./system/src/newlib/_exit.o
 .debug_frame   0x00000038       0x28 ./system/src/newlib/_sbrk.o
 .debug_frame   0x00000060       0x7c ./system/src/newlib/_startup.o
 .debug_frame   0x000000dc       0x50 ./system/src/newlib/_syscalls.o
 .debug_frame   0x0000012c       0x94 ./system/src/diag/Trace.o
 .debug_frame   0x000001c0       0x64 ./system/src/diag/trace_impl.o
 .debug_frame   0x00000224       0x40 ./system/src/cortexm/_initialize_hardware.o
 .debug_frame   0x00000264      0x158 ./system/src/cortexm/exception_handlers.o
 .debug_frame   0x000003bc       0x6c ./system/src/cmsis/system_stm32f10x.o
 .debug_frame   0x00000428       0x20 ./system/src/cmsis/vectors_stm32f10x.o
 .debug_frame   0x00000448      0x364 ./src/Bootloader.o
 .debug_frame   0x000007ac       0x7c ./src/CRC.o
 .debug_frame   0x00000828       0xc4 ./src/Debug.o
 .debug_frame   0x000008ec       0x70 ./src/Delay_program.o
 .debug_frame   0x0000095c      0x1ec ./src/Flash.o
 .debug_frame   0x00000b48       0xb8 ./src/GPIO.o
 .debug_frame   0x00000c00      0x190 ./src/HUART_program.o
 .debug_frame   0x00000d90      0x120 ./src/NVIC_program.o
 .debug_frame   0x00000eb0       0xfc ./src/RCC_program.o
 .debug_frame   0x00000fac      0x154 ./src/UART_program.o
 .debug_frame   0x00001100      0x1d4 ./src/WIFI_program.o
 .debug_frame   0x000012d4       0x28 ./src/main.o
 .debug_frame   0x000012fc       0xac d:/iti/sdk/assaf/imt_sdk_win_64/winarm/armgcc/bin/../lib/gcc/arm-none-eabi/7.2.1/thumb/v7-m\libgcc.a(_arm_addsubdf3.o)
 .debug_frame   0x000013a8       0x50 d:/iti/sdk/assaf/imt_sdk_win_64/winarm/armgcc/bin/../lib/gcc/arm-none-eabi/7.2.1/thumb/v7-m\libgcc.a(_arm_muldivdf3.o)
 .debug_frame   0x000013f8       0x24 d:/iti/sdk/assaf/imt_sdk_win_64/winarm/armgcc/bin/../lib/gcc/arm-none-eabi/7.2.1/thumb/v7-m\libgcc.a(_arm_fixunsdfsi.o)
 .debug_frame   0x0000141c       0x4c d:/iti/sdk/assaf/imt_sdk_win_64/winarm/armgcc/bin/../lib/gcc/arm-none-eabi/7.2.1/thumb/v7-m\libgcc.a(_arm_addsubsf3.o)
 .debug_frame   0x00001468       0x38 d:/iti/sdk/assaf/imt_sdk_win_64/winarm/armgcc/bin/../lib/gcc/arm-none-eabi/7.2.1/thumb/v7-m\libgcc.a(_arm_muldivsf3.o)
 .debug_frame   0x000014a0       0x24 d:/iti/sdk/assaf/imt_sdk_win_64/winarm/armgcc/bin/../lib/gcc/arm-none-eabi/7.2.1/thumb/v7-m\libgcc.a(_arm_fixunssfsi.o)
 .debug_frame   0x000014c4       0x20 d:/iti/sdk/assaf/imt_sdk_win_64/winarm/armgcc/bin/../lib/gcc/arm-none-eabi/7.2.1/../../../../arm-none-eabi/lib/thumb/v7-m\libg_nano.a(lib_a-errno.o)
 .debug_frame   0x000014e4       0x28 d:/iti/sdk/assaf/imt_sdk_win_64/winarm/armgcc/bin/../lib/gcc/arm-none-eabi/7.2.1/../../../../arm-none-eabi/lib/thumb/v7-m\libg_nano.a(lib_a-memcpy-stub.o)
 .debug_frame   0x0000150c       0x20 d:/iti/sdk/assaf/imt_sdk_win_64/winarm/armgcc/bin/../lib/gcc/arm-none-eabi/7.2.1/../../../../arm-none-eabi/lib/thumb/v7-m\libg_nano.a(lib_a-memset.o)
 .debug_frame   0x0000152c       0x6c d:/iti/sdk/assaf/imt_sdk_win_64/winarm/armgcc/bin/../lib/gcc/arm-none-eabi/7.2.1/../../../../arm-none-eabi/lib/thumb/v7-m\libg_nano.a(lib_a-sprintf.o)
 .debug_frame   0x00001598       0x28 d:/iti/sdk/assaf/imt_sdk_win_64/winarm/armgcc/bin/../lib/gcc/arm-none-eabi/7.2.1/../../../../arm-none-eabi/lib/thumb/v7-m\libg_nano.a(lib_a-strcat.o)
 .debug_frame   0x000015c0       0x4c d:/iti/sdk/assaf/imt_sdk_win_64/winarm/armgcc/bin/../lib/gcc/arm-none-eabi/7.2.1/../../../../arm-none-eabi/lib/thumb/v7-m\libg_nano.a(lib_a-vsnprintf.o)
 .debug_frame   0x0000160c       0x90 d:/iti/sdk/assaf/imt_sdk_win_64/winarm/armgcc/bin/../lib/gcc/arm-none-eabi/7.2.1/../../../../arm-none-eabi/lib/thumb/v7-m\libg_nano.a(lib_a-nano-svfprintf.o)
 .debug_frame   0x0000169c       0x60 d:/iti/sdk/assaf/imt_sdk_win_64/winarm/armgcc/bin/../lib/gcc/arm-none-eabi/7.2.1/../../../../arm-none-eabi/lib/thumb/v7-m\libg_nano.a(lib_a-nano-vfprintf_i.o)
 .debug_frame   0x000016fc       0x28 d:/iti/sdk/assaf/imt_sdk_win_64/winarm/armgcc/bin/../lib/gcc/arm-none-eabi/7.2.1/../../../../arm-none-eabi/lib/thumb/v7-m\libg_nano.a(lib_a-memchr-stub.o)
 .debug_frame   0x00001724       0x28 d:/iti/sdk/assaf/imt_sdk_win_64/winarm/armgcc/bin/../lib/gcc/arm-none-eabi/7.2.1/../../../../arm-none-eabi/lib/thumb/v7-m\libg_nano.a(lib_a-memmove.o)
 .debug_frame   0x0000174c       0x38 d:/iti/sdk/assaf/imt_sdk_win_64/winarm/armgcc/bin/../lib/gcc/arm-none-eabi/7.2.1/../../../../arm-none-eabi/lib/thumb/v7-m\libg_nano.a(lib_a-nano-freer.o)
 .debug_frame   0x00001784       0x2c d:/iti/sdk/assaf/imt_sdk_win_64/winarm/armgcc/bin/../lib/gcc/arm-none-eabi/7.2.1/../../../../arm-none-eabi/lib/thumb/v7-m\libg_nano.a(lib_a-nano-mallocr.o)
 .debug_frame   0x000017b0       0x3c d:/iti/sdk/assaf/imt_sdk_win_64/winarm/armgcc/bin/../lib/gcc/arm-none-eabi/7.2.1/../../../../arm-none-eabi/lib/thumb/v7-m\libg_nano.a(lib_a-nano-reallocr.o)
 .debug_frame   0x000017ec       0x2c d:/iti/sdk/assaf/imt_sdk_win_64/winarm/armgcc/bin/../lib/gcc/arm-none-eabi/7.2.1/../../../../arm-none-eabi/lib/thumb/v7-m\libg_nano.a(lib_a-sbrkr.o)
 .debug_frame   0x00001818       0x30 d:/iti/sdk/assaf/imt_sdk_win_64/winarm/armgcc/bin/../lib/gcc/arm-none-eabi/7.2.1/../../../../arm-none-eabi/lib/thumb/v7-m\libg_nano.a(lib_a-mlock.o)
 .debug_frame   0x00001848       0x20 d:/iti/sdk/assaf/imt_sdk_win_64/winarm/armgcc/bin/../lib/gcc/arm-none-eabi/7.2.1/../../../../arm-none-eabi/lib/thumb/v7-m\libg_nano.a(lib_a-nano-msizer.o)

.debug_str      0x00000000    0x44665
 *(.debug_str)
 .debug_str     0x00000000     0x7d2c ./system/src/newlib/_exit.o
                               0x7f05 (size before relaxing)
 .debug_str     0x00007d2c      0x4f5 ./system/src/newlib/_sbrk.o
                               0x72b7 (size before relaxing)
 .debug_str     0x00008221      0xbbd ./system/src/newlib/_startup.o
                               0x69f2 (size before relaxing)
 .debug_str     0x00008dde      0xe8b ./system/src/newlib/_syscalls.o
                               0x8192 (size before relaxing)
 .debug_str     0x00009c69      0x826 ./system/src/diag/Trace.o
                               0x867d (size before relaxing)
 .debug_str     0x0000a48f    0x2ff31 ./system/src/diag/trace_impl.o
                              0x376db (size before relaxing)
 .debug_str     0x0003a3c0       0xc4 ./system/src/cortexm/_initialize_hardware.o
                              0x334cc (size before relaxing)
 .debug_str     0x0003a484      0x1a6 ./system/src/cortexm/exception_handlers.o
                              0x38900 (size before relaxing)
 .debug_str     0x0003a62a      0x114 ./system/src/cmsis/system_stm32f10x.o
                              0x33566 (size before relaxing)
 .debug_str     0x0003a73e       0x57 ./system/src/cmsis/vectors_stm32f10x.o
                               0x3893 (size before relaxing)
 .debug_str     0x0003a795     0x3e78 ./src/Bootloader.o
                               0x9fb8 (size before relaxing)
 .debug_str     0x0003e60d      0x112 ./src/CRC.o
                               0x2f83 (size before relaxing)
 .debug_str     0x0003e71f       0x34 ./src/Debug.o
                               0x7e9b (size before relaxing)
 .debug_str     0x0003e753     0x1463 ./src/Delay_program.o
                               0x42bf (size before relaxing)
 .debug_str     0x0003fbb6      0x98c ./src/Flash.o
                               0x5e93 (size before relaxing)
 .debug_str     0x00040542     0x1971 ./src/GPIO.o
                               0x4d08 (size before relaxing)
 .debug_str     0x00041eb3     0x1a21 ./src/HUART_program.o
                               0x641b (size before relaxing)
 .debug_str     0x000438d4      0x4d6 ./src/NVIC_program.o
                               0x434c (size before relaxing)
 .debug_str     0x00043daa      0x22f ./src/RCC_program.o
                               0x449b (size before relaxing)
 .debug_str     0x00043fd9      0x1fa ./src/UART_program.o
                               0x3915 (size before relaxing)
 .debug_str     0x000441d3      0x44a ./src/WIFI_program.o
                               0x849b (size before relaxing)
 .debug_str     0x0004461d       0x48 ./src/main.o
                               0x8c29 (size before relaxing)

.debug_loc      0x00000000     0x3754
 *(.debug_loc)
 .debug_loc     0x00000000       0x85 ./system/src/newlib/_sbrk.o
 .debug_loc     0x00000085      0x1a9 ./system/src/newlib/_startup.o
 .debug_loc     0x0000022e       0x63 ./system/src/newlib/_syscalls.o
 .debug_loc     0x00000291       0xf6 ./system/src/diag/Trace.o
 .debug_loc     0x00000387      0x121 ./system/src/diag/trace_impl.o
 .debug_loc     0x000004a8      0x291 ./system/src/cortexm/exception_handlers.o
 .debug_loc     0x00000739       0xdf ./system/src/cmsis/system_stm32f10x.o
 .debug_loc     0x00000818      0xcb5 ./src/Bootloader.o
 .debug_loc     0x000014cd       0x8f ./src/CRC.o
 .debug_loc     0x0000155c       0x5a ./src/Debug.o
 .debug_loc     0x000015b6       0x58 ./src/Delay_program.o
 .debug_loc     0x0000160e      0x70d ./src/Flash.o
 .debug_loc     0x00001d1b      0x1d9 ./src/GPIO.o
 .debug_loc     0x00001ef4      0x3a4 ./src/HUART_program.o
 .debug_loc     0x00002298      0x59d ./src/NVIC_program.o
 .debug_loc     0x00002835      0x3c3 ./src/RCC_program.o
 .debug_loc     0x00002bf8      0x6ec ./src/UART_program.o
 .debug_loc     0x000032e4      0x470 ./src/WIFI_program.o

.debug_macinfo
 *(.debug_macinfo)

.debug_weaknames
 *(.debug_weaknames)

.debug_funcnames
 *(.debug_funcnames)

.debug_typenames
 *(.debug_typenames)

.debug_varnames
 *(.debug_varnames)
OUTPUT(Bootloader_STM32f103c8t6_FOTA.elf elf32-littlearm)

.debug_ranges   0x00000000      0x670
 .debug_ranges  0x00000000       0x18 ./system/src/newlib/_exit.o
 .debug_ranges  0x00000018       0x10 ./system/src/newlib/_sbrk.o
 .debug_ranges  0x00000028       0x78 ./system/src/newlib/_startup.o
 .debug_ranges  0x000000a0       0x20 ./system/src/newlib/_syscalls.o
 .debug_ranges  0x000000c0       0x28 ./system/src/diag/Trace.o
 .debug_ranges  0x000000e8       0x50 ./system/src/diag/trace_impl.o
 .debug_ranges  0x00000138       0x18 ./system/src/cortexm/_initialize_hardware.o
 .debug_ranges  0x00000150       0x80 ./system/src/cortexm/exception_handlers.o
 .debug_ranges  0x000001d0       0x28 ./system/src/cmsis/system_stm32f10x.o
 .debug_ranges  0x000001f8       0x10 ./system/src/cmsis/vectors_stm32f10x.o
 .debug_ranges  0x00000208       0xd0 ./src/Bootloader.o
 .debug_ranges  0x000002d8       0x38 ./src/CRC.o
 .debug_ranges  0x00000310       0x20 ./src/Debug.o
 .debug_ranges  0x00000330       0x20 ./src/Delay_program.o
 .debug_ranges  0x00000350       0xa8 ./src/Flash.o
 .debug_ranges  0x000003f8       0x38 ./src/GPIO.o
 .debug_ranges  0x00000430       0x60 ./src/HUART_program.o
 .debug_ranges  0x00000490       0x90 ./src/NVIC_program.o
 .debug_ranges  0x00000520       0x68 ./src/RCC_program.o
 .debug_ranges  0x00000588       0x70 ./src/UART_program.o
 .debug_ranges  0x000005f8       0x68 ./src/WIFI_program.o
 .debug_ranges  0x00000660       0x10 ./src/main.o

.debug_macro    0x00000000     0x417e
 .debug_macro   0x00000000      0x1b4 ./system/src/newlib/_exit.o
 .debug_macro   0x000001b4       0x9c ./system/src/newlib/_exit.o
 .debug_macro   0x00000250      0x10e ./system/src/newlib/_exit.o
 .debug_macro   0x0000035e       0x8d ./system/src/newlib/_exit.o
 .debug_macro   0x000003eb       0x43 ./system/src/newlib/_exit.o
 .debug_macro   0x0000042e      0x330 ./system/src/newlib/_exit.o
 .debug_macro   0x0000075e       0x35 ./system/src/newlib/_exit.o
 .debug_macro   0x00000793      0x169 ./system/src/newlib/_sbrk.o
 .debug_macro   0x000008fc      0x174 ./system/src/newlib/_sbrk.o
 .debug_macro   0x00000a70       0x10 ./system/src/newlib/_sbrk.o
 .debug_macro   0x00000a80      0x23b ./system/src/newlib/_sbrk.o
 .debug_macro   0x00000cbb      0x173 ./system/src/newlib/_startup.o
 .debug_macro   0x00000e2e      0x217 ./system/src/newlib/_syscalls.o
 .debug_macro   0x00001045       0x1c ./system/src/newlib/_syscalls.o
 .debug_macro   0x00001061       0x10 ./system/src/newlib/_syscalls.o
 .debug_macro   0x00001071       0x10 ./system/src/newlib/_syscalls.o
 .debug_macro   0x00001081       0x10 ./system/src/newlib/_syscalls.o
 .debug_macro   0x00001091       0x35 ./system/src/newlib/_syscalls.o
 .debug_macro   0x000010c6      0x122 ./system/src/newlib/_syscalls.o
 .debug_macro   0x000011e8       0x88 ./system/src/newlib/_syscalls.o
 .debug_macro   0x00001270       0x2b ./system/src/newlib/_syscalls.o
 .debug_macro   0x0000129b      0x118 ./system/src/newlib/_syscalls.o
 .debug_macro   0x000013b3      0x189 ./system/src/newlib/_syscalls.o
 .debug_macro   0x0000153c       0x16 ./system/src/newlib/_syscalls.o
 .debug_macro   0x00001552      0x1fb ./system/src/diag/Trace.o
 .debug_macro   0x0000174d       0x16 ./system/src/diag/Trace.o
 .debug_macro   0x00001763       0x97 ./system/src/diag/Trace.o
 .debug_macro   0x000017fa       0xfd ./system/src/diag/Trace.o
 .debug_macro   0x000018f7       0x10 ./system/src/diag/Trace.o
 .debug_macro   0x00001907       0x16 ./system/src/diag/Trace.o
 .debug_macro   0x0000191d      0x16f ./system/src/diag/Trace.o
 .debug_macro   0x00001a8c       0x4c ./system/src/diag/Trace.o
 .debug_macro   0x00001ad8       0x16 ./system/src/diag/Trace.o
 .debug_macro   0x00001aee      0x1f9 ./system/src/diag/trace_impl.o
 .debug_macro   0x00001ce7       0x10 ./system/src/diag/trace_impl.o
 .debug_macro   0x00001cf7       0xcf ./system/src/diag/trace_impl.o
 .debug_macro   0x00001dc6       0xbe ./system/src/diag/trace_impl.o
 .debug_macro   0x00001e84       0x22 ./system/src/diag/trace_impl.o
 .debug_macro   0x00001ea6       0x8a ./system/src/cortexm/_initialize_hardware.o
 .debug_macro   0x00001f30      0x243 ./system/src/cortexm/exception_handlers.o
 .debug_macro   0x00002173       0x3b ./system/src/cortexm/exception_handlers.o
 .debug_macro   0x000021ae       0x10 ./system/src/cortexm/exception_handlers.o
 .debug_macro   0x000021be       0x8d ./system/src/cmsis/system_stm32f10x.o
 .debug_macro   0x0000224b       0x34 ./system/src/cmsis/vectors_stm32f10x.o
 .debug_macro   0x0000227f      0x2c0 ./src/Bootloader.o
 .debug_macro   0x0000253f       0x2e ./src/Bootloader.o
 .debug_macro   0x0000256d      0x13c ./src/Bootloader.o
 .debug_macro   0x000026a9       0x3a ./src/Bootloader.o
 .debug_macro   0x000026e3      0x41a ./src/Bootloader.o
 .debug_macro   0x00002afd       0x34 ./src/Bootloader.o
 .debug_macro   0x00002b31       0x3c ./src/CRC.o
 .debug_macro   0x00002b6d      0x223 ./src/Debug.o
 .debug_macro   0x00002d90       0x1c ./src/Debug.o
 .debug_macro   0x00002dac       0x37 ./src/Delay_program.o
 .debug_macro   0x00002de3      0x363 ./src/Delay_program.o
 .debug_macro   0x00003146      0x191 ./src/Flash.o
 .debug_macro   0x000032d7      0x538 ./src/GPIO.o
 .debug_macro   0x0000380f       0x5b ./src/HUART_program.o
 .debug_macro   0x0000386a      0x320 ./src/HUART_program.o
 .debug_macro   0x00003b8a      0x118 ./src/HUART_program.o
 .debug_macro   0x00003ca2       0xad ./src/NVIC_program.o
 .debug_macro   0x00003d4f       0x29 ./src/RCC_program.o
 .debug_macro   0x00003d78       0x39 ./src/UART_program.o
 .debug_macro   0x00003db1      0x1fb ./src/WIFI_program.o
 .debug_macro   0x00003fac      0x1d2 ./src/main.o
