Archive member included to satisfy reference by file (symbol)

c:/program files (x86)/gnu tools arm embedded/8 2019-q3-update/bin/../lib/gcc/arm-none-eabi/8.3.1/thumb/v7-m/nofp\libgcc.a(_arm_addsubdf3.o)
                              ./src/Delay_program.o (__aeabi_dsub)
c:/program files (x86)/gnu tools arm embedded/8 2019-q3-update/bin/../lib/gcc/arm-none-eabi/8.3.1/thumb/v7-m/nofp\libgcc.a(_arm_muldivdf3.o)
                              ./src/Delay_program.o (__aeabi_dmul)
c:/program files (x86)/gnu tools arm embedded/8 2019-q3-update/bin/../lib/gcc/arm-none-eabi/8.3.1/thumb/v7-m/nofp\libgcc.a(_arm_fixunsdfsi.o)
                              ./src/Delay_program.o (__aeabi_d2uiz)
c:/program files (x86)/gnu tools arm embedded/8 2019-q3-update/bin/../lib/gcc/arm-none-eabi/8.3.1/thumb/v7-m/nofp\libgcc.a(_arm_addsubsf3.o)
                              ./src/HUART_program.o (__aeabi_fsub)
c:/program files (x86)/gnu tools arm embedded/8 2019-q3-update/bin/../lib/gcc/arm-none-eabi/8.3.1/thumb/v7-m/nofp\libgcc.a(_arm_muldivsf3.o)
                              ./src/HUART_program.o (__aeabi_fmul)
c:/program files (x86)/gnu tools arm embedded/8 2019-q3-update/bin/../lib/gcc/arm-none-eabi/8.3.1/thumb/v7-m/nofp\libgcc.a(_arm_fixunssfsi.o)
                              ./src/HUART_program.o (__aeabi_f2uiz)
c:/program files (x86)/gnu tools arm embedded/8 2019-q3-update/bin/../lib/gcc/arm-none-eabi/8.3.1/../../../../arm-none-eabi/lib/thumb/v7-m/nofp\libg_nano.a(lib_a-errno.o)
                              ./system/src/newlib/_sbrk.o (__errno)
c:/program files (x86)/gnu tools arm embedded/8 2019-q3-update/bin/../lib/gcc/arm-none-eabi/8.3.1/../../../../arm-none-eabi/lib/thumb/v7-m/nofp\libg_nano.a(lib_a-impure.o)
                              c:/program files (x86)/gnu tools arm embedded/8 2019-q3-update/bin/../lib/gcc/arm-none-eabi/8.3.1/../../../../arm-none-eabi/lib/thumb/v7-m/nofp\libg_nano.a(lib_a-errno.o) (_impure_ptr)
c:/program files (x86)/gnu tools arm embedded/8 2019-q3-update/bin/../lib/gcc/arm-none-eabi/8.3.1/../../../../arm-none-eabi/lib/thumb/v7-m/nofp\libg_nano.a(lib_a-memset.o)
                              ./src/Bootloader.o (memset)
c:/program files (x86)/gnu tools arm embedded/8 2019-q3-update/bin/../lib/gcc/arm-none-eabi/8.3.1/../../../../arm-none-eabi/lib/thumb/v7-m/nofp\libg_nano.a(lib_a-strlen.o)
                              ./system/src/diag/Trace.o (strlen)
c:/program files (x86)/gnu tools arm embedded/8 2019-q3-update/bin/../lib/gcc/arm-none-eabi/8.3.1/../../../../arm-none-eabi/lib/thumb/v7-m/nofp\libg_nano.a(lib_a-vsnprintf.o)
                              ./system/src/diag/Trace.o (vsnprintf)
c:/program files (x86)/gnu tools arm embedded/8 2019-q3-update/bin/../lib/gcc/arm-none-eabi/8.3.1/../../../../arm-none-eabi/lib/thumb/v7-m/nofp\libg_nano.a(lib_a-nano-svfprintf.o)
                              c:/program files (x86)/gnu tools arm embedded/8 2019-q3-update/bin/../lib/gcc/arm-none-eabi/8.3.1/../../../../arm-none-eabi/lib/thumb/v7-m/nofp\libg_nano.a(lib_a-vsnprintf.o) (_svfprintf_r)
c:/program files (x86)/gnu tools arm embedded/8 2019-q3-update/bin/../lib/gcc/arm-none-eabi/8.3.1/../../../../arm-none-eabi/lib/thumb/v7-m/nofp\libg_nano.a(lib_a-nano-vfprintf_i.o)
                              c:/program files (x86)/gnu tools arm embedded/8 2019-q3-update/bin/../lib/gcc/arm-none-eabi/8.3.1/../../../../arm-none-eabi/lib/thumb/v7-m/nofp\libg_nano.a(lib_a-nano-svfprintf.o) (_printf_i)
c:/program files (x86)/gnu tools arm embedded/8 2019-q3-update/bin/../lib/gcc/arm-none-eabi/8.3.1/../../../../arm-none-eabi/lib/thumb/v7-m/nofp\libg_nano.a(lib_a-memchr-stub.o)
                              c:/program files (x86)/gnu tools arm embedded/8 2019-q3-update/bin/../lib/gcc/arm-none-eabi/8.3.1/../../../../arm-none-eabi/lib/thumb/v7-m/nofp\libg_nano.a(lib_a-nano-svfprintf.o) (memchr)
c:/program files (x86)/gnu tools arm embedded/8 2019-q3-update/bin/../lib/gcc/arm-none-eabi/8.3.1/../../../../arm-none-eabi/lib/thumb/v7-m/nofp\libg_nano.a(lib_a-memcpy-stub.o)
                              c:/program files (x86)/gnu tools arm embedded/8 2019-q3-update/bin/../lib/gcc/arm-none-eabi/8.3.1/../../../../arm-none-eabi/lib/thumb/v7-m/nofp\libg_nano.a(lib_a-nano-svfprintf.o) (memcpy)
c:/program files (x86)/gnu tools arm embedded/8 2019-q3-update/bin/../lib/gcc/arm-none-eabi/8.3.1/../../../../arm-none-eabi/lib/thumb/v7-m/nofp\libg_nano.a(lib_a-memmove.o)
                              c:/program files (x86)/gnu tools arm embedded/8 2019-q3-update/bin/../lib/gcc/arm-none-eabi/8.3.1/../../../../arm-none-eabi/lib/thumb/v7-m/nofp\libg_nano.a(lib_a-nano-svfprintf.o) (memmove)
c:/program files (x86)/gnu tools arm embedded/8 2019-q3-update/bin/../lib/gcc/arm-none-eabi/8.3.1/../../../../arm-none-eabi/lib/thumb/v7-m/nofp\libg_nano.a(lib_a-nano-freer.o)
[...]
Memory Configuration

Name             Origin             Length             Attributes
RAM              0x20000000         0x00005000         xrw
CCMRAM           0x00000000         0x00000000         xrw
FLASH            0x08000000         0x00020000         xr
FLASHB1          0x00000000         0x00000000         xr
EXTMEMB0         0x00000000         0x00000000         xr
EXTMEMB1         0x00000000         0x00000000         xr
EXTMEMB2         0x00000000         0x00000000         xr
EXTMEMB3         0x00000000         0x00000000         xr
MEMORY_ARRAY     0x00000000         0x00000000         xrw
*default*        0x00000000         0xffffffff

Linker script and memory map

LOAD ./system/src/stm32f1-stdperiph/misc.o
LOAD ./system/src/stm32f1-stdperiph/stm32f10x_rcc.o
LOAD ./system/src/newlib/_cxx.o
LOAD ./system/src/newlib/_exit.o
LOAD ./system/src/newlib/_sbrk.o
LOAD ./system/src/newlib/_startup.o
LOAD ./system/src/newlib/_syscalls.o
LOAD ./system/src/newlib/assert.o
LOAD ./system/src/diag/Trace.o
LOAD ./system/src/diag/trace_impl.o
LOAD ./system/src/cortexm/_initialize_hardware.o
LOAD ./system/src/cortexm/_reset_hardware.o
LOAD ./system/src/cortexm/exception_handlers.o
LOAD ./system/src/cmsis/system_stm32f10x.o
LOAD ./system/src/cmsis/vectors_stm32f10x.o
LOAD ./src/Bootloader.o
LOAD ./src/CRC.o
LOAD ./src/Debug.o
LOAD ./src/Delay_program.o
LOAD ./src/Flash.o
LOAD ./src/GPIO.o
LOAD ./src/HUART_program.o
LOAD ./src/NVIC_program.o
LOAD ./src/RCC_program.o
LOAD ./src/UART_program.o
LOAD ./src/main.o
LOAD c:/program files (x86)/gnu tools arm embedded/8 2019-q3-update/bin/../lib/gcc/arm-none-eabi/8.3.1/../../../../arm-none-eabi/lib/thumb/v7-m/nofp\libstdc++_nano.a
LOAD c:/program files (x86)/gnu tools arm embedded/8 2019-q3-update/bin/../lib/gcc/arm-none-eabi/8.3.1/../../../../arm-none-eabi/lib/thumb/v7-m/nofp\libm.a
START GROUP
LOAD c:/program files (x86)/gnu tools arm embedded/8 2019-q3-update/bin/../lib/gcc/arm-none-eabi/8.3.1/thumb/v7-m/nofp\libgcc.a
LOAD c:/program files (x86)/gnu tools arm embedded/8 2019-q3-update/bin/../lib/gcc/arm-none-eabi/8.3.1/../../../../arm-none-eabi/lib/thumb/v7-m/nofp\libg_nano.a
LOAD c:/program files (x86)/gnu tools arm embedded/8 2019-q3-update/bin/../lib/gcc/arm-none-eabi/8.3.1/../../../../arm-none-eabi/lib/thumb/v7-m/nofp\libc_nano.a
END GROUP
START GROUP
LOAD c:/program files (x86)/gnu tools arm embedded/8 2019-q3-update/bin/../lib/gcc/arm-none-eabi/8.3.1/thumb/v7-m/nofp\libgcc.a
LOAD c:/program files (x86)/gnu tools arm embedded/8 2019-q3-update/bin/../lib/gcc/arm-none-eabi/8.3.1/../../../../arm-none-eabi/lib/thumb/v7-m/nofp\libc_nano.a
END GROUP
                0x20005000                __stack = (ORIGIN (RAM) + LENGTH (RAM))
                0x20005000                _estack = __stack
                0x00000400                __Main_Stack_Size = 0x400
                [!provide]                PROVIDE (_Main_Stack_Size = __Main_Stack_Size)
                0x20004c00                __Main_Stack_Limit = (__stack - __Main_Stack_Size)
                [!provide]                PROVIDE (_Main_Stack_Limit = __Main_Stack_Limit)
                0x00000100                _Minimum_Stack_Size = 0x100
                0x20001308                PROVIDE (_Heap_Begin = _end_noinit)
                0x20004c00                PROVIDE (_Heap_Limit = (__stack - __Main_Stack_Size))

.isr_vector     0x08000000      0x350
 FILL mask 0xff
                0x08000000                __vectors_start = ABSOLUTE (.)
                0x08000000                __vectors_start__ = ABSOLUTE (.)
 *(.isr_vector)
 .isr_vector    0x08000000      0x10c ./system/src/cmsis/vectors_stm32f10x.o
                0x08000000                __isr_vectors
 *(.cfmconfig)
 *(.after_vectors .after_vectors.*)
 .after_vectors
                0x0800010c      0x114 ./system/src/newlib/_startup.o
                0x0800010c                _start
 .after_vectors
                0x08000220      0x12c ./system/src/cortexm/exception_handlers.o
                0x08000220                Reset_Handler
                0x08000226                NMI_Handler
                0x0800022a                HardFault_Handler
                0x0800023e                HardFault_Handler_C
                0x0800029c                MemManage_Handler
                0x080002a0                BusFault_Handler
                0x080002b4                BusFault_Handler_C
                0x080002e8                UsageFault_Handler
                0x080002fc                UsageFault_Handler_C
                0x08000330                SVC_Handler
                0x08000334                DebugMon_Handler
                0x08000338                PendSV_Handler
                0x0800033c                SysTick_Handler
 .after_vectors
                0x0800034c        0x4 ./system/src/cmsis/vectors_stm32f10x.o
                0x0800034c                EXTI2_IRQHandler
                0x0800034c                TIM8_TRG_COM_IRQHandler
                0x0800034c                TIM8_CC_IRQHandler
                0x0800034c                TIM1_CC_IRQHandler
                0x0800034c                TIM6_IRQHandler
                0x0800034c                PVD_IRQHandler
                0x0800034c                SDIO_IRQHandler
                0x0800034c                CAN2_RX1_IRQHandler
                0x0800034c                EXTI3_IRQHandler
                0x0800034c                TIM8_TRG_COM_TIM14_IRQHandler
                0x0800034c                TIM1_UP_TIM10_IRQHandler
                0x0800034c                TIM8_UP_TIM13_IRQHandler
                0x0800034c                EXTI0_IRQHandler
                0x0800034c                I2C2_EV_IRQHandler
                0x0800034c                CAN1_RX0_IRQHandler
                0x0800034c                TIM1_UP_TIM16_IRQHandler
                0x0800034c                CAN2_SCE_IRQHandler
                0x0800034c                ADC1_2_IRQHandler
                0x0800034c                SPI1_IRQHandler
                0x0800034c                TAMPER_IRQHandler
                0x0800034c                TIM6_DAC_IRQHandler
                0x0800034c                TIM1_BRK_TIM9_IRQHandler
                0x0800034c                CAN2_RX0_IRQHandler
                0x0800034c                TIM8_UP_IRQHandler
                0x0800034c                DMA2_Channel2_IRQHandler
                0x0800034c                DMA1_Channel4_IRQHandler
                0x0800034c                RTC_IRQHandler
                0x0800034c                DMA1_Channel7_IRQHandler
                0x0800034c                CAN1_RX1_IRQHandler
                0x0800034c                UART5_IRQHandler
                0x0800034c                ADC3_IRQHandler
                0x0800034c                TIM4_IRQHandler
                0x0800034c                DMA2_Channel1_IRQHandler
                0x0800034c                I2C1_EV_IRQHandler
                0x0800034c                DMA1_Channel6_IRQHandler
                0x0800034c                UART4_IRQHandler
                0x0800034c                DMA2_Channel4_IRQHandler
                0x0800034c                TIM3_IRQHandler
                0x0800034c                RCC_IRQHandler
                0x0800034c                TIM8_BRK_TIM12_IRQHandler
                0x0800034c                TIM1_TRG_COM_IRQHandler
                0x0800034c                DMA1_Channel1_IRQHandler
                0x0800034c                Default_Handler
                0x0800034c                CEC_IRQHandler
                0x0800034c                EXTI15_10_IRQHandler
                0x0800034c                TIM14_IRQHandler
                0x0800034c                TIM13_IRQHandler
                0x0800034c                TIM12_IRQHandler
                0x0800034c                TIM7_IRQHandler
                0x0800034c                CAN2_TX_IRQHandler
                0x0800034c                TIM5_IRQHandler
                0x0800034c                EXTI9_5_IRQHandler
                0x0800034c                ETH_WKUP_IRQHandler
                0x0800034c                SPI2_IRQHandler
                0x0800034c                CAN1_TX_IRQHandler
                0x0800034c                DMA2_Channel5_IRQHandler
                0x0800034c                DMA1_Channel5_IRQHandler
                0x0800034c                EXTI4_IRQHandler
                0x0800034c                USB_LP_CAN1_RX0_IRQHandler
                0x0800034c                TIM1_TRG_COM_TIM17_IRQHandler
                0x0800034c                USB_HP_CAN1_TX_IRQHandler
                0x0800034c                DMA1_Channel3_IRQHandler
                0x0800034c                FSMC_IRQHandler
                0x0800034c                ETH_IRQHandler
                0x0800034c                TIM1_UP_IRQHandler
                0x0800034c                WWDG_IRQHandler
                0x0800034c                TIM2_IRQHandler
                0x0800034c                OTG_FS_WKUP_IRQHandler
                0x0800034c                TIM1_TRG_COM_TIM11_IRQHandler
                0x0800034c                TIM1_BRK_IRQHandler
                0x0800034c                EXTI1_IRQHandler
                0x0800034c                RTCAlarm_IRQHandler
                0x0800034c                DMA2_Channel4_5_IRQHandler
                0x0800034c                I2C2_ER_IRQHandler
                0x0800034c                DMA1_Channel2_IRQHandler
                0x0800034c                TIM8_BRK_IRQHandler
                0x0800034c                CAN1_SCE_IRQHandler
                0x0800034c                FLASH_IRQHandler
                0x0800034c                OTG_FS_IRQHandler
                0x0800034c                SPI3_IRQHandler
                0x0800034c                I2C1_ER_IRQHandler
                0x0800034c                USBWakeUp_IRQHandler
                0x0800034c                DMA2_Channel3_IRQHandler
                0x0800034c                TIM1_BRK_TIM15_IRQHandler

.inits          0x08000350       0x28
                0x08000350                __data_regions_array_start = .
                0x08000350        0x4 LONG 0x8004330 LOADADDR (.data)
                0x08000354        0x4 LONG 0x20000000 ADDR (.data)
                0x08000358        0x4 LONG 0x200000cc (ADDR (.data) + SIZEOF (.data))
                0x0800035c        0x4 LONG 0x8004330 LOADADDR (.data_CCMRAM)
                0x08000360        0x4 LONG 0x0 ADDR (.data_CCMRAM)
                0x08000364        0x4 LONG 0x0 (ADDR (.data_CCMRAM) + SIZEOF (.data_CCMRAM))
                0x08000368                __data_regions_array_end = .
                0x08000368                __bss_regions_array_start = .
                0x08000368        0x4 LONG 0x200000cc ADDR (.bss)
                0x0800036c        0x4 LONG 0x20001308 (ADDR (.bss) + SIZEOF (.bss))
                0x08000370        0x4 LONG 0x0 ADDR (.bss_CCMRAM)
                0x08000374        0x4 LONG 0x0 (ADDR (.bss_CCMRAM) + SIZEOF (.bss_CCMRAM))
                0x08000378                __bss_regions_array_end = .
 *(.init)
 *(.fini)
                0x08000378                . = ALIGN (0x4)
                0x08000378                PROVIDE (__preinit_array_start = .)
 *(.preinit_array_sysinit .preinit_array_sysinit.*)
 *(.preinit_array_platform .preinit_array_platform.*)
 *(.preinit_array .preinit_array.*)
                0x08000378                PROVIDE (__preinit_array_end = .)
                0x08000378                . = ALIGN (0x4)
                0x08000378                PROVIDE (__init_array_start = .)
 *(SORT_BY_NAME(.init_array.*))
 *(.init_array)
                0x08000378                PROVIDE (__init_array_end = .)
                0x08000378                . = ALIGN (0x4)
                0x08000378                PROVIDE (__fini_array_start = .)
 *(SORT_BY_NAME(.fini_array.*))
 *(.fini_array)
                0x08000378                PROVIDE (__fini_array_end = .)

.flashtext
 *(.flashtext .flashtext.*)

.text           0x08000378     0x3fb7
 *(.text .text.*)
 .text._exit    0x08000378        0x2 ./system/src/newlib/_exit.o
                0x08000378                _exit
 *fill*         0x0800037a        0x2 
 .text._sbrk    0x0800037c       0x44 ./system/src/newlib/_sbrk.o
                0x0800037c                _sbrk
 .text.__initialize_args
                0x080003c0       0x10 ./system/src/newlib/_syscalls.o
                0x080003c0                __initialize_args
 .text.trace_printf
                0x080003d0       0x34 ./system/src/diag/Trace.o
                0x080003d0                trace_printf
 .text._trace_write_semihosting_debug
                0x08000404       0x60 ./system/src/diag/trace_impl.o
 .text.trace_write
                0x08000464        0x8 ./system/src/diag/trace_impl.o
                0x08000464                trace_write
 .text.__initialize_hardware_early
                0x0800046c       0x18 ./system/src/cortexm/_initialize_hardware.o
                0x0800046c                __initialize_hardware_early
 .text.__initialize_hardware
                0x08000484        0x8 ./system/src/cortexm/_initialize_hardware.o
                0x08000484                __initialize_hardware
 .text.dumpExceptionStack
                0x0800048c       0xf4 ./system/src/cortexm/exception_handlers.o
                0x0800048c                dumpExceptionStack
 .text.isSemihosting
                0x08000580       0x20 ./system/src/cortexm/exception_handlers.o
                0x08000580                isSemihosting
 .text.SetSysClockTo72
                0x080005a0       0xc4 ./system/src/cmsis/system_stm32f10x.o
 .text.SetSysClock
                0x08000664        0x8 ./system/src/cmsis/system_stm32f10x.o
 .text.SystemInit
                0x0800066c       0x50 ./system/src/cmsis/system_stm32f10x.o
                0x0800066c                SystemInit
 .text.SystemCoreClockUpdate
                0x080006bc       0x94 ./system/src/cmsis/system_stm32f10x.o
                0x080006bc                SystemCoreClockUpdate
 .text.bootloader_voidJumpToUserApp
                0x08000750       0x3c ./src/Bootloader.o
                0x08000750                bootloader_voidJumpToUserApp
 .text.bootloader_send_ack
                0x0800078c       0x54 ./src/Bootloader.o
                0x0800078c                bootloader_send_ack
 .text.bootloader_send_nack
                0x080007e0       0x2c ./src/Bootloader.o
                0x080007e0                bootloader_send_nack
 .text.bootloader_verify_crc
                0x0800080c       0x34 ./src/Bootloader.o
                0x0800080c                bootloader_verify_crc
 .text.bootloader_handle_getver_cmd
                0x08000840       0x80 ./src/Bootloader.o
                0x08000840                bootloader_handle_getver_cmd
 .text.bootloader_handle_gethelp_cmd
                0x080008c0       0x9c ./src/Bootloader.o
                0x080008c0                bootloader_handle_gethelp_cmd
 .text.bootloader_handle_getcid_cmd
                0x0800095c       0xc0 ./src/Bootloader.o
                0x0800095c                bootloader_handle_getcid_cmd
 .text.bootloader_handle_mem_read_cmd
                0x08000a1c       0x74 ./src/Bootloader.o
                0x08000a1c                bootloader_handle_mem_read_cmd
 .text.bootloader_handle_getrdp_cmd
                0x08000a90       0x78 ./src/Bootloader.o
                0x08000a90                bootloader_handle_getrdp_cmd
 .text.verify_address
                0x08000b08       0x20 ./src/Bootloader.o
                0x08000b08                verify_address
 .text.char2hex
                0x08000b28       0x2c ./src/Bootloader.o
                0x08000b28                char2hex
 .text.bootloader_handle_goto_address_cmd
                0x08000b54       0xec ./src/Bootloader.o
                0x08000b54                bootloader_handle_goto_address_cmd
 .text.bootloader_handle_flash_erase_cmd
                0x08000c40       0xa4 ./src/Bootloader.o
                0x08000c40                bootloader_handle_flash_erase_cmd
 .text.bootloader_handle_flash_mass_erase_cmd
                0x08000ce4       0x68 ./src/Bootloader.o
                0x08000ce4                bootloader_handle_flash_mass_erase_cmd
 .text.bootloader_handle_mem_write_cmd
                0x08000d4c      0x120 ./src/Bootloader.o
                0x08000d4c                bootloader_handle_mem_write_cmd
 .text.bootloader_handle_en_read_protect_cmd
                0x08000e6c       0x68 ./src/Bootloader.o
                0x08000e6c                bootloader_handle_en_read_protect_cmd
 .text.bootloader_handle_dis_read_protect_cmd
                0x08000ed4       0x68 ./src/Bootloader.o
                0x08000ed4                bootloader_handle_dis_read_protect_cmd
 .text.bootloader_handle_en_write_protect_cmd
                0x08000f3c       0x78 ./src/Bootloader.o
                0x08000f3c                bootloader_handle_en_write_protect_cmd
 .text.bootloader_handle_dis_write_protect_cmd
                0x08000fb4       0x78 ./src/Bootloader.o
                0x08000fb4                bootloader_handle_dis_write_protect_cmd
 .text.bootloader_handle_system_reset_cmd
                0x0800102c       0x64 ./src/Bootloader.o
                0x0800102c                bootloader_handle_system_reset_cmd
 .text.bootloader_handle_existing_apps_cmd
                0x08001090       0x68 ./src/Bootloader.o
                0x08001090                bootloader_handle_existing_apps_cmd
 .text.hex2char
                0x080010f8       0x68 ./src/Bootloader.o
                0x080010f8                hex2char
 .text.bootloader_handle_read_sectors_status_cmd
                0x08001160       0xa8 ./src/Bootloader.o
                0x08001160                bootloader_handle_read_sectors_status_cmd
 .text.bootloader_voidUARTReadData
                0x08001208      0x15c ./src/Bootloader.o
                0x08001208                bootloader_voidUARTReadData
 .text.CRC_ResetDR
                0x08001364        0xc ./src/CRC.o
                0x08001364                CRC_ResetDR
 .text.CRC_CalcBlockCRC
                0x08001370       0x2c ./src/CRC.o
                0x08001370                CRC_CalcBlockCRC
 .text.printmsg1
                0x0800139c       0x54 ./src/Debug.o
                0x0800139c                printmsg1
 .text.delay_ms
                0x080013f0       0x7c ./src/Delay_program.o
                0x080013f0                delay_ms
 .text.FLASH_Unlock
                0x0800146c       0x34 ./src/Flash.o
                0x0800146c                FLASH_Unlock
 .text.FLASH_WriteProgram
                0x080014a0       0x80 ./src/Flash.o
                0x080014a0                FLASH_WriteProgram
 .text.FLASH_MultiplePageErase
                0x08001520       0x80 ./src/Flash.o
                0x08001520                FLASH_MultiplePageErase
 .text.FLASH_MassErase
                0x080015a0       0x50 ./src/Flash.o
                0x080015a0                FLASH_MassErase
 .text.FLASH_OPT_Unlock
                0x080015f0       0x38 ./src/Flash.o
                0x080015f0                FLASH_OPT_Unlock
 .text.FLASH_OPT_GetRDPStatus
                0x08001628       0x10 ./src/Flash.o
                0x08001628                FLASH_OPT_GetRDPStatus
 .text.FLASH_OPT_EraseOPT
                0x08001638       0x74 ./src/Flash.o
                0x08001638                FLASH_OPT_EraseOPT
 .text.FLASH_OPT_GetWRPStatus
                0x080016ac        0xc ./src/Flash.o
                0x080016ac                FLASH_OPT_GetWRPStatus
 .text.FLASH_SystemReset
                0x080016b8       0x18 ./src/Flash.o
                0x080016b8                FLASH_SystemReset
 .text.FLASH_savePage
                0x080016d0       0x80 ./src/Flash.o
                0x080016d0                FLASH_savePage
 .text.FLASH_updatePage
                0x08001750       0x90 ./src/Flash.o
                0x08001750                FLASH_updatePage
 .text.FLASH_reloadPage
                0x080017e0       0x6c ./src/Flash.o
                0x080017e0                FLASH_reloadPage
 .text.FLASH_OPT_ReadProtection_Enable
                0x0800184c       0x64 ./src/Flash.o
                0x0800184c                FLASH_OPT_ReadProtection_Enable
 .text.FLASH_OPT_ReadProtection_Disable
                0x080018b0       0x64 ./src/Flash.o
                0x080018b0                FLASH_OPT_ReadProtection_Disable
 .text.FLASH_OPT_WriteProtection_Enable
                0x08001914      0x104 ./src/Flash.o
                0x08001914                FLASH_OPT_WriteProtection_Enable
 .text.FLASH_OPT_WriteProtection_Disable
                0x08001a18      0x138 ./src/Flash.o
                0x08001a18                FLASH_OPT_WriteProtection_Disable
 .text.GPIO_Init
                0x08001b50       0x86 ./src/GPIO.o
                0x08001b50                GPIO_Init
 .text.GPIO_Pin_Write
                0x08001bd6       0x3a ./src/GPIO.o
                0x08001bd6                GPIO_Pin_Write
 .text.GPIO_Pin_Read
                0x08001c10       0x26 ./src/GPIO.o
                0x08001c10                GPIO_Pin_Read
 *fill*         0x08001c36        0x2 
 .text.HUART_u16BaudrateCalculator
                0x08001c38       0xfc ./src/HUART_program.o
                0x08001c38                HUART_u16BaudrateCalculator
 .text.HUART_u8Init
                0x08001d34       0x78 ./src/HUART_program.o
                0x08001d34                HUART_u8Init
 .text.HUART_u8ReceiveAsync
                0x08001dac       0x2c ./src/HUART_program.o
                0x08001dac                HUART_u8ReceiveAsync
 .text.HUART_u8SendSync
                0x08001dd8       0x30 ./src/HUART_program.o
                0x08001dd8                HUART_u8SendSync
 .text.NVIC_u8EnableInterrupt
                0x08001e08       0x5c ./src/NVIC_program.o
                0x08001e08                NVIC_u8EnableInterrupt
 .text.RCC_voidSetClockStatus
                0x08001e64       0x38 ./src/RCC_program.o
                0x08001e64                RCC_voidSetClockStatus
 .text.RCC_voidSWSelectClock
                0x08001e9c       0x14 ./src/RCC_program.o
                0x08001e9c                RCC_voidSWSelectClock
 .text.RCC_u8GetSWSStatus
                0x08001eb0       0x34 ./src/RCC_program.o
                0x08001eb0                RCC_u8GetSWSStatus
 .text.RCC_voidEnablePeripheralClock
                0x08001ee4       0x4c ./src/RCC_program.o
                0x08001ee4                RCC_voidEnablePeripheralClock
 .text.RCC_voidChangeBusPrescalar
                0x08001f30       0x38 ./src/RCC_program.o
                0x08001f30                RCC_voidChangeBusPrescalar
 .text.RCC_u16GetPrescalarValue
                0x08001f68      0x108 ./src/RCC_program.o
                0x08001f68                RCC_u16GetPrescalarValue
 .text.RCC_f32GetPLLMultiplierValue
                0x08002070      0x144 ./src/RCC_program.o
                0x08002070                RCC_f32GetPLLMultiplierValue
 .text.UART_u8Configure
                0x080021b4       0x46 ./src/UART_program.o
                0x080021b4                UART_u8Configure
 *fill*         0x080021fa        0x2 
 .text.UART_voidSendSync
                0x080021fc       0x5c ./src/UART_program.o
                0x080021fc                UART_voidSendSync
 .text.UART_u8EnableInterrupt
                0x08002258       0x18 ./src/UART_program.o
                0x08002258                UART_u8EnableInterrupt
 .text.UART_u8ReceiveAsync
                0x08002270       0x50 ./src/UART_program.o
                0x08002270                UART_u8ReceiveAsync
 .text.UART_voidTerminateReceiving
                0x080022c0       0x48 ./src/UART_program.o
                0x080022c0                UART_voidTerminateReceiving
 .text.UART_voidTerminateSending
                0x08002308       0x50 ./src/UART_program.o
                0x08002308                UART_voidTerminateSending
 .text.USART1_IRQHandler
                0x08002358       0xc0 ./src/UART_program.o
                0x08002358                USART1_IRQHandler
 .text.USART2_IRQHandler
                0x08002418       0xc0 ./src/UART_program.o
                0x08002418                USART2_IRQHandler
 .text.USART3_IRQHandler
                0x080024d8       0xc0 ./src/UART_program.o
                0x080024d8                USART3_IRQHandler
 .text.main     0x08002598       0xd8 ./src/main.o
                0x08002598                main
 .text          0x08002670      0x378 c:/program files (x86)/gnu tools arm embedded/8 2019-q3-update/bin/../lib/gcc/arm-none-eabi/8.3.1/thumb/v7-m/nofp\libgcc.a(_arm_addsubdf3.o)
                0x08002670                __aeabi_drsub
                0x08002678                __aeabi_dsub
                0x08002678                __subdf3
                0x0800267c                __aeabi_dadd
                0x0800267c                __adddf3
                0x080028f4                __floatunsidf
                0x080028f4                __aeabi_ui2d
                0x08002914                __floatsidf
                0x08002914                __aeabi_i2d
                0x08002938                __aeabi_f2d
                0x08002938                __extendsfdf2
                0x0800297c                __floatundidf
                0x0800297c                __aeabi_ul2d
                0x0800298c                __floatdidf
                0x0800298c                __aeabi_l2d
 .text          0x080029e8      0x424 c:/program files (x86)/gnu tools arm embedded/8 2019-q3-update/bin/../lib/gcc/arm-none-eabi/8.3.1/thumb/v7-m/nofp\libgcc.a(_arm_muldivdf3.o)
                0x080029e8                __aeabi_dmul
                0x080029e8                __muldf3
                0x08002c3c                __divdf3
                0x08002c3c                __aeabi_ddiv
 .text          0x08002e0c       0x40 c:/program files (x86)/gnu tools arm embedded/8 2019-q3-update/bin/../lib/gcc/arm-none-eabi/8.3.1/thumb/v7-m/nofp\libgcc.a(_arm_fixunsdfsi.o)
                0x08002e0c                __aeabi_d2uiz
                0x08002e0c                __fixunsdfsi
 .text          0x08002e4c      0x21c c:/program files (x86)/gnu tools arm embedded/8 2019-q3-update/bin/../lib/gcc/arm-none-eabi/8.3.1/thumb/v7-m/nofp\libgcc.a(_arm_addsubsf3.o)
                0x08002e4c                __aeabi_frsub
                0x08002e54                __subsf3
                0x08002e54                __aeabi_fsub
                0x08002e58                __aeabi_fadd
                0x08002e58                __addsf3
                0x08002fb8                __aeabi_ui2f
                0x08002fb8                __floatunsisf
                0x08002fc0                __aeabi_i2f
                0x08002fc0                __floatsisf
                0x08002fdc                __aeabi_ul2f
                0x08002fdc                __floatundisf
                0x08002fec                __aeabi_l2f
                0x08002fec                __floatdisf
 .text          0x08003068      0x2a0 c:/program files (x86)/gnu tools arm embedded/8 2019-q3-update/bin/../lib/gcc/arm-none-eabi/8.3.1/thumb/v7-m/nofp\libgcc.a(_arm_muldivsf3.o)
                0x08003068                __mulsf3
                0x08003068                __aeabi_fmul
                0x080031d0                __aeabi_fdiv
                0x080031d0                __divsf3
 .text          0x08003308       0x40 c:/program files (x86)/gnu tools arm embedded/8 2019-q3-update/bin/../lib/gcc/arm-none-eabi/8.3.1/thumb/v7-m/nofp\libgcc.a(_arm_fixunssfsi.o)
                0x08003308                __fixunssfsi
                0x08003308                __aeabi_f2uiz
 .text.__errno  0x08003348        0xc c:/program files (x86)/gnu tools arm embedded/8 2019-q3-update/bin/../lib/gcc/arm-none-eabi/8.3.1/../../../../arm-none-eabi/lib/thumb/v7-m/nofp\libg_nano.a(lib_a-errno.o)
                0x08003348                __errno
 .text.memset   0x08003354       0x10 c:/program files (x86)/gnu tools arm embedded/8 2019-q3-update/bin/../lib/gcc/arm-none-eabi/8.3.1/../../../../arm-none-eabi/lib/thumb/v7-m/nofp\libg_nano.a(lib_a-memset.o)
                0x08003354                memset
 .text          0x08003364       0x10 c:/program files (x86)/gnu tools arm embedded/8 2019-q3-update/bin/../lib/gcc/arm-none-eabi/8.3.1/../../../../arm-none-eabi/lib/thumb/v7-m/nofp\libg_nano.a(lib_a-strlen.o)
                0x08003364                strlen
 .text._vsnprintf_r
                0x08003374       0x58 c:/program files (x86)/gnu tools arm embedded/8 2019-q3-update/bin/../lib/gcc/arm-none-eabi/8.3.1/../../../../arm-none-eabi/lib/thumb/v7-m/nofp\libg_nano.a(lib_a-vsnprintf.o)
                0x08003374                _vsniprintf_r
                0x08003374                _vsnprintf_r
 .text.vsnprintf
                0x080033cc       0x1c c:/program files (x86)/gnu tools arm embedded/8 2019-q3-update/bin/../lib/gcc/arm-none-eabi/8.3.1/../../../../arm-none-eabi/lib/thumb/v7-m/nofp\libg_nano.a(lib_a-vsnprintf.o)
                0x080033cc                vsniprintf
                0x080033cc                vsnprintf
 .text.__ssputs_r
                0x080033e8       0xb6 c:/program files (x86)/gnu tools arm embedded/8 2019-q3-update/bin/../lib/gcc/arm-none-eabi/8.3.1/../../../../arm-none-eabi/lib/thumb/v7-m/nofp\libg_nano.a(lib_a-nano-svfprintf.o)
                0x080033e8                __ssputs_r
 *fill*         0x0800349e        0x2 
 .text._svfprintf_r
                0x080034a0      0x1f0 c:/program files (x86)/gnu tools arm embedded/8 2019-q3-update/bin/../lib/gcc/arm-none-eabi/8.3.1/../../../../arm-none-eabi/lib/thumb/v7-m/nofp\libg_nano.a(lib_a-nano-svfprintf.o)
                0x080034a0                _svfiprintf_r
                0x080034a0                _svfprintf_r
 .text._printf_common
                0x08003690       0xec c:/program files (x86)/gnu tools arm embedded/8 2019-q3-update/bin/../lib/gcc/arm-none-eabi/8.3.1/../../../../arm-none-eabi/lib/thumb/v7-m/nofp\libg_nano.a(lib_a-nano-vfprintf_i.o)
                0x08003690                _printf_common
 .text._printf_i
                0x0800377c      0x22c c:/program files (x86)/gnu tools arm embedded/8 2019-q3-update/bin/../lib/gcc/arm-none-eabi/8.3.1/../../../../arm-none-eabi/lib/thumb/v7-m/nofp\libg_nano.a(lib_a-nano-vfprintf_i.o)
                0x0800377c                _printf_i
 .text.memchr   0x080039a8       0x1c c:/program files (x86)/gnu tools arm embedded/8 2019-q3-update/bin/../lib/gcc/arm-none-eabi/8.3.1/../../../../arm-none-eabi/lib/thumb/v7-m/nofp\libg_nano.a(lib_a-memchr-stub.o)
                0x080039a8                memchr
 .text.memcpy   0x080039c4       0x1c c:/program files (x86)/gnu tools arm embedded/8 2019-q3-update/bin/../lib/gcc/arm-none-eabi/8.3.1/../../../../arm-none-eabi/lib/thumb/v7-m/nofp\libg_nano.a(lib_a-memcpy-stub.o)
                0x080039c4                memcpy
 .text.memmove  0x080039e0       0x34 c:/program files (x86)/gnu tools arm embedded/8 2019-q3-update/bin/../lib/gcc/arm-none-eabi/8.3.1/../../../../arm-none-eabi/lib/thumb/v7-m/nofp\libg_nano.a(lib_a-memmove.o)
                0x080039e0                memmove
 .text._free_r  0x08003a14       0x98 c:/program files (x86)/gnu tools arm embedded/8 2019-q3-update/bin/../lib/gcc/arm-none-eabi/8.3.1/../../../../arm-none-eabi/lib/thumb/v7-m/nofp\libg_nano.a(lib_a-nano-freer.o)
                0x08003a14                _free_r
 .text._malloc_r
                0x08003aac       0xb4 c:/program files (x86)/gnu tools arm embedded/8 2019-q3-update/bin/../lib/gcc/arm-none-eabi/8.3.1/../../../../arm-none-eabi/lib/thumb/v7-m/nofp\libg_nano.a(lib_a-nano-mallocr.o)
                0x08003aac                _malloc_r
 .text._realloc_r
                0x08003b60       0x4c c:/program files (x86)/gnu tools arm embedded/8 2019-q3-update/bin/../lib/gcc/arm-none-eabi/8.3.1/../../../../arm-none-eabi/lib/thumb/v7-m/nofp\libg_nano.a(lib_a-nano-reallocr.o)
                0x08003b60                _realloc_r
 .text._sbrk_r  0x08003bac       0x20 c:/program files (x86)/gnu tools arm embedded/8 2019-q3-update/bin/../lib/gcc/arm-none-eabi/8.3.1/../../../../arm-none-eabi/lib/thumb/v7-m/nofp\libg_nano.a(lib_a-sbrkr.o)
                0x08003bac                _sbrk_r
 .text.__malloc_lock
                0x08003bcc        0xc c:/program files (x86)/gnu tools arm embedded/8 2019-q3-update/bin/../lib/gcc/arm-none-eabi/8.3.1/../../../../arm-none-eabi/lib/thumb/v7-m/nofp\libg_nano.a(lib_a-mlock.o)
                0x08003bcc                __malloc_lock
 .text.__malloc_unlock
                0x08003bd8        0xc c:/program files (x86)/gnu tools arm embedded/8 2019-q3-update/bin/../lib/gcc/arm-none-eabi/8.3.1/../../../../arm-none-eabi/lib/thumb/v7-m/nofp\libg_nano.a(lib_a-mlock.o)
                0x08003bd8                __malloc_unlock
 .text._malloc_usable_size_r
                0x08003be4       0x10 c:/program files (x86)/gnu tools arm embedded/8 2019-q3-update/bin/../lib/gcc/arm-none-eabi/8.3.1/../../../../arm-none-eabi/lib/thumb/v7-m/nofp\libg_nano.a(lib_a-nano-msizer.o)
                0x08003be4                _malloc_usable_size_r
 .text.__retarget_lock_acquire_recursive
                0x08003bf4        0x2 c:/program files (x86)/gnu tools arm embedded/8 2019-q3-update/bin/../lib/gcc/arm-none-eabi/8.3.1/../../../../arm-none-eabi/lib/thumb/v7-m/nofp\libg_nano.a(lib_a-lock.o)
                0x08003bf4                __retarget_lock_acquire_recursive
 .text.__retarget_lock_release_recursive
                0x08003bf6        0x2 c:/program files (x86)/gnu tools arm embedded/8 2019-q3-update/bin/../lib/gcc/arm-none-eabi/8.3.1/../../../../arm-none-eabi/lib/thumb/v7-m/nofp\libg_nano.a(lib_a-lock.o)
                0x08003bf6                __retarget_lock_release_recursive
 *(.rodata .rodata.* .constdata .constdata.*)
 .rodata.dumpExceptionStack.str1.4
                0x08003bf8      0x11a ./system/src/cortexm/exception_handlers.o
 *fill*         0x08003d12        0x2 
 .rodata.str1.4
                0x08003d14       0x2a ./system/src/cortexm/exception_handlers.o
 *fill*         0x08003d3e        0x2 
 .rodata.bootloader_handle_dis_read_protect_cmd.str1.4
                0x08003d40       0x38 ./src/Bootloader.o
 .rodata.bootloader_handle_dis_write_protect_cmd.str1.4
                0x08003d78       0x39 ./src/Bootloader.o
 *fill*         0x08003db1        0x3 
 .rodata.bootloader_handle_en_read_protect_cmd.str1.4
                0x08003db4       0x37 ./src/Bootloader.o
 *fill*         0x08003deb        0x1 
 .rodata.bootloader_handle_en_write_protect_cmd.str1.4
                0x08003dec       0x38 ./src/Bootloader.o
 .rodata.bootloader_handle_flash_erase_cmd.str1.4
                0x08003e24       0x67 ./src/Bootloader.o
 *fill*         0x08003e8b        0x1 
 .rodata.bootloader_handle_flash_mass_erase_cmd.str1.4
                0x08003e8c       0x38 ./src/Bootloader.o
 .rodata.bootloader_handle_getcid_cmd.str1.4
                0x08003ec4       0x27 ./src/Bootloader.o
 *fill*         0x08003eeb        0x1 
 .rodata.bootloader_handle_gethelp_cmd.str1.4
                0x08003eec       0x2f ./src/Bootloader.o
                                 0x37 (size before relaxing)
 *fill*         0x08003f1b        0x1 
 .rodata.bootloader_handle_getrdp_cmd.str1.4
                0x08003f1c       0x2e ./src/Bootloader.o
 *fill*         0x08003f4a        0x2 
 .rodata.bootloader_handle_getver_cmd.str1.4
                0x08003f4c       0x9a ./src/Bootloader.o
 *fill*         0x08003fe6        0x2 
 .rodata.bootloader_handle_goto_address_cmd.str1.4
                0x08003fe8       0xa9 ./src/Bootloader.o
 *fill*         0x08004091        0x3 
 .rodata.bootloader_handle_mem_write_cmd.str1.4
                0x08004094       0x9c ./src/Bootloader.o
 .rodata.bootloader_handle_read_sectors_status_cmd.str1.4
                0x08004130       0x3b ./src/Bootloader.o
 *fill*         0x0800416b        0x1 
 .rodata.bootloader_handle_system_reset_cmd.str1.4
                0x0800416c       0x34 ./src/Bootloader.o
 .rodata.bootloader_send_ack.str1.4
                0x080041a0       0x31 ./src/Bootloader.o
 *fill*         0x080041d1        0x3 
 .rodata.bootloader_voidJumpToUserApp.str1.4
                0x080041d4       0x61 ./src/Bootloader.o
 *fill*         0x08004235        0x3 
 .rodata.bootloader_voidUARTReadData.str1.4
                0x08004238       0x84 ./src/Bootloader.o
                                 0x81 (size before relaxing)
 .rodata.HUART_USART1
                0x080042bc       0x20 ./src/HUART_program.o
                0x080042bc                HUART_USART1
 .rodata.HUART_USART2
                0x080042dc       0x20 ./src/HUART_program.o
                0x080042dc                HUART_USART2
 .rodata._svfprintf_r.str1.1
                0x080042fc       0x11 c:/program files (x86)/gnu tools arm embedded/8 2019-q3-update/bin/../lib/gcc/arm-none-eabi/8.3.1/../../../../arm-none-eabi/lib/thumb/v7-m/nofp\libg_nano.a(lib_a-nano-svfprintf.o)
 .rodata._printf_i.str1.1
                0x0800430d       0x22 c:/program files (x86)/gnu tools arm embedded/8 2019-q3-update/bin/../lib/gcc/arm-none-eabi/8.3.1/../../../../arm-none-eabi/lib/thumb/v7-m/nofp\libg_nano.a(lib_a-nano-vfprintf_i.o)
 *(vtable)
 *(.eh_frame*)
 *(.glue_7)
 .glue_7        0x0800432f        0x0 linker stubs
 *(.glue_7t)
 .glue_7t       0x0800432f        0x0 linker stubs

.vfp11_veneer   0x08004330        0x0
 .vfp11_veneer  0x08004330        0x0 linker stubs

.v4_bx          0x08004330        0x0
 .v4_bx         0x08004330        0x0 linker stubs

.iplt           0x08004330        0x0
 .iplt          0x08004330        0x0 ./system/src/newlib/_exit.o

.rel.dyn        0x08004330        0x0
 .rel.iplt      0x08004330        0x0 ./system/src/newlib/_exit.o

.ARM.extab
 *(.ARM.extab* .gnu.linkonce.armextab.*)
                0x08004330                . = ALIGN (0x4)
                0x08004330                __exidx_start = .

.ARM.exidx
 *(.ARM.exidx* .gnu.linkonce.armexidx.*)
                0x08004330                __exidx_end = .
                0x08004330                . = ALIGN (0x4)
                0x08004330                _etext = .
                0x08004330                __etext = .

.data_CCMRAM    0x00000000        0x0 load address 0x08004330
 FILL mask 0xff
 *(.data.CCMRAM .data.CCMRAM.*)
                0x00000000                . = ALIGN (0x4)
                0x08004330                _sidata = LOADADDR (.data)

.data           0x20000000       0xcc load address 0x08004330
 FILL mask 0xff
                0x20000000                _sdata = .
                0x20000000                __data_start__ = .
 *(.data_begin .data_begin.*)
 .data_begin    0x20000000        0x4 ./system/src/newlib/_startup.o
 *(.data .data.*)
 .data.argv.4375
                0x20000004        0x8 ./system/src/newlib/_syscalls.o
 .data.AHBPrescTable
                0x2000000c       0x10 ./system/src/cmsis/system_stm32f10x.o
                0x2000000c                AHBPrescTable
 .data.SystemCoreClock
                0x2000001c        0x4 ./system/src/cmsis/system_stm32f10x.o
                0x2000001c                SystemCoreClock
 .data.supported_commands
                0x20000020       0x10 ./src/Bootloader.o
                0x20000020                supported_commands
 .data.CPU_CLOCK
                0x20000030        0x4 ./src/Delay_program.o
 .data.rxBufferUART1
                0x20000034        0x8 ./src/UART_program.o
 .data.rxBufferUART2
                0x2000003c        0x8 ./src/UART_program.o
 .data.rxBufferUART3
                0x20000044        0x8 ./src/UART_program.o
 .data.txBufferUART1
                0x2000004c        0x8 ./src/UART_program.o
 .data.txBufferUART2
                0x20000054        0x8 ./src/UART_program.o
 .data.txBufferUART3
                0x2000005c        0x8 ./src/UART_program.o
 .data._impure_ptr
                0x20000064        0x4 c:/program files (x86)/gnu tools arm embedded/8 2019-q3-update/bin/../lib/gcc/arm-none-eabi/8.3.1/../../../../arm-none-eabi/lib/thumb/v7-m/nofp\libg_nano.a(lib_a-impure.o)
                0x20000064                _impure_ptr
 .data.impure_data
                0x20000068       0x60 c:/program files (x86)/gnu tools arm embedded/8 2019-q3-update/bin/../lib/gcc/arm-none-eabi/8.3.1/../../../../arm-none-eabi/lib/thumb/v7-m/nofp\libg_nano.a(lib_a-impure.o)
 *(.data_end .data_end.*)
 .data_end      0x200000c8        0x4 ./system/src/newlib/_startup.o
                0x200000cc                . = ALIGN (0x4)
                0x200000cc                _edata = .
                0x200000cc                __data_end__ = .

.igot.plt       0x200000cc        0x0 load address 0x080043fc
 .igot.plt      0x200000cc        0x0 ./system/src/newlib/_exit.o

.bss_CCMRAM     0x00000000        0x0
 *(.bss.CCMRAM .bss.CCMRAM.*)

.bss            0x200000cc     0x123c
                0x200000cc                __bss_start__ = .
                0x200000cc                _sbss = .
 *(.bss_begin .bss_begin.*)
 .bss_begin     0x200000cc        0x4 ./system/src/newlib/_startup.o
 *(.bss .bss.*)
 .bss.current_heap_end.4005
                0x200000d0        0x4 ./system/src/newlib/_sbrk.o
 .bss.name.4374
                0x200000d4        0x1 ./system/src/newlib/_syscalls.o
 *fill*         0x200000d5        0x3 
 .bss.buf.5249  0x200000d8       0x80 ./system/src/diag/Trace.o
 .bss.FLASH_src_buffer_1K
                0x20000158      0x400 ./src/Bootloader.o
                0x20000158                FLASH_src_buffer_1K
 .bss.bl_rx_buffer
                0x20000558      0x898 ./src/Bootloader.o
                0x20000558                bl_rx_buffer
 .bss.i         0x20000df0        0x1 ./src/Bootloader.o
                0x20000df0                i
 *fill*         0x20000df1        0x3 
 .bss.buf.5465  0x20000df4       0xc8 ./src/Debug.o
 .bss.RXCallbackFunctionUART1
                0x20000ebc        0x4 ./src/UART_program.o
 .bss.RXCallbackFunctionUART2
                0x20000ec0        0x4 ./src/UART_program.o
 .bss.RXCallbackFunctionUART3
                0x20000ec4        0x4 ./src/UART_program.o
 .bss.TXCallbackFunctionUART1
                0x20000ec8        0x4 ./src/UART_program.o
 .bss.TXCallbackFunctionUART2
                0x20000ecc        0x4 ./src/UART_program.o
 .bss.TXCallbackFunctionUART3
                0x20000ed0        0x4 ./src/UART_program.o
 .bss.__malloc_free_list
                0x20000ed4        0x4 c:/program files (x86)/gnu tools arm embedded/8 2019-q3-update/bin/../lib/gcc/arm-none-eabi/8.3.1/../../../../arm-none-eabi/lib/thumb/v7-m/nofp\libg_nano.a(lib_a-nano-mallocr.o)
                0x20000ed4                __malloc_free_list
 .bss.__malloc_sbrk_start
                0x20000ed8        0x4 c:/program files (x86)/gnu tools arm embedded/8 2019-q3-update/bin/../lib/gcc/arm-none-eabi/8.3.1/../../../../arm-none-eabi/lib/thumb/v7-m/nofp\libg_nano.a(lib_a-nano-mallocr.o)
                0x20000ed8                __malloc_sbrk_start
 *(COMMON)
 COMMON         0x20000edc        0x4 ./system/src/newlib/_syscalls.o
                0x20000edc                errno
 COMMON         0x20000ee0        0x8 ./src/Bootloader.o
                0x20000ee0                OnBoard_Led
 COMMON         0x20000ee8      0x410 ./src/Flash.o
                0x20000ee8                OPTSaveBuffer
                0x20000ef8                FlashSaveBuffer
 COMMON         0x200012f8        0x9 c:/program files (x86)/gnu tools arm embedded/8 2019-q3-update/bin/../lib/gcc/arm-none-eabi/8.3.1/../../../../arm-none-eabi/lib/thumb/v7-m/nofp\libg_nano.a(lib_a-lock.o)
                0x200012f8                __lock___atexit_recursive_mutex
                0x200012f9                __lock___arc4random_mutex
                0x200012fa                __lock___env_recursive_mutex
                0x200012fb                __lock___sinit_recursive_mutex
                0x200012fc                __lock___malloc_recursive_mutex
                0x200012fd                __lock___at_quick_exit_mutex
                0x200012fe                __lock___dd_hash_mutex
                0x200012ff                __lock___tz_mutex
                0x20001300                __lock___sfp_recursive_mutex
 *(.bss_end .bss_end.*)
 *fill*         0x20001301        0x3 
 .bss_end       0x20001304        0x4 ./system/src/newlib/_startup.o
                0x20001308                . = ALIGN (0x4)
                0x20001308                __bss_end__ = .
                0x20001308                _ebss = .

.noinit_CCMRAM
 *(.noinit.CCMRAM .noinit.CCMRAM.*)

.noinit         0x20001308        0x0
                0x20001308                _noinit = .
 *(.noinit .noinit.*)
                0x20001308                . = ALIGN (0x4)
                0x20001308                _end_noinit = .
                [!provide]                PROVIDE (end = _end_noinit)
                [!provide]                PROVIDE (_end = _end_noinit)
                [!provide]                PROVIDE (__end = _end_noinit)
                [!provide]                PROVIDE (__end__ = _end_noinit)

._check_stack   0x20001308      0x100
                0x20001408                . = (. + _Minimum_Stack_Size)
 *fill*         0x20001308      0x100 

.b1text
 *(.b1text)
 *(.b1rodata)
 *(.b1rodata.*)

.eb0text
 *(.eb0text)
 *(.eb0rodata)
 *(.eb0rodata.*)

.eb1text
 *(.eb1text)
 *(.eb1rodata)
 *(.eb1rodata.*)

.eb2text
 *(.eb2text)
 *(.eb2rodata)
 *(.eb2rodata.*)

.eb3text
 *(.eb3text)
 *(.eb3rodata)
 *(.eb3rodata.*)

.stab
 *(.stab)

.stabstr
 *(.stabstr)

.stab.excl
 *(.stab.excl)

.stab.exclstr
 *(.stab.exclstr)

.stab.index
 *(.stab.index)

.stab.indexstr
 *(.stab.indexstr)

.comment        0x00000000       0x76
 *(.comment)
 .comment       0x00000000       0x76 ./system/src/newlib/_exit.o
                                 0x77 (size before relaxing)
 .comment       0x00000076       0x77 ./system/src/newlib/_sbrk.o
 .comment       0x00000076       0x77 ./system/src/newlib/_startup.o
 .comment       0x00000076       0x77 ./system/src/newlib/_syscalls.o
 .comment       0x00000076       0x77 ./system/src/diag/Trace.o
 .comment       0x00000076       0x77 ./system/src/diag/trace_impl.o
 .comment       0x00000076       0x77 ./system/src/cortexm/_initialize_hardware.o
 .comment       0x00000076       0x77 ./system/src/cortexm/exception_handlers.o
 .comment       0x00000076       0x77 ./system/src/cmsis/system_stm32f10x.o
 .comment       0x00000076       0x77 ./system/src/cmsis/vectors_stm32f10x.o
 .comment       0x00000076       0x77 ./src/Bootloader.o
 .comment       0x00000076       0x77 ./src/CRC.o
 .comment       0x00000076       0x77 ./src/Debug.o
 .comment       0x00000076       0x77 ./src/Delay_program.o
 .comment       0x00000076       0x77 ./src/Flash.o
 .comment       0x00000076       0x77 ./src/GPIO.o
 .comment       0x00000076       0x77 ./src/HUART_program.o
 .comment       0x00000076       0x77 ./src/NVIC_program.o
 .comment       0x00000076       0x77 ./src/RCC_program.o
 .comment       0x00000076       0x77 ./src/UART_program.o
 .comment       0x00000076       0x77 ./src/main.o

.ARM.attributes
                0x00000000       0x2b
 .ARM.attributes
                0x00000000       0x2d ./system/src/newlib/_exit.o
 .ARM.attributes
                0x0000002d       0x2d ./system/src/newlib/_sbrk.o
 .ARM.attributes
                0x0000005a       0x2d ./system/src/newlib/_startup.o
 .ARM.attributes
                0x00000087       0x2d ./system/src/newlib/_syscalls.o
 .ARM.attributes
                0x000000b4       0x2d ./system/src/diag/Trace.o
 .ARM.attributes
                0x000000e1       0x2d ./system/src/diag/trace_impl.o
 .ARM.attributes
                0x0000010e       0x2d ./system/src/cortexm/_initialize_hardware.o
 .ARM.attributes
                0x0000013b       0x2d ./system/src/cortexm/exception_handlers.o
 .ARM.attributes
                0x00000168       0x2d ./system/src/cmsis/system_stm32f10x.o
 .ARM.attributes
                0x00000195       0x2d ./system/src/cmsis/vectors_stm32f10x.o
 .ARM.attributes
                0x000001c2       0x2d ./src/Bootloader.o
 .ARM.attributes
                0x000001ef       0x2d ./src/CRC.o
 .ARM.attributes
                0x0000021c       0x2d ./src/Debug.o
 .ARM.attributes
                0x00000249       0x2d ./src/Delay_program.o
 .ARM.attributes
                0x00000276       0x2d ./src/Flash.o
 .ARM.attributes
                0x000002a3       0x2d ./src/GPIO.o
 .ARM.attributes
                0x000002d0       0x2d ./src/HUART_program.o
 .ARM.attributes
                0x000002fd       0x2d ./src/NVIC_program.o
 .ARM.attributes
                0x0000032a       0x2d ./src/RCC_program.o
 .ARM.attributes
                0x00000357       0x2d ./src/UART_program.o
 .ARM.attributes
                0x00000384       0x2d ./src/main.o
 .ARM.attributes
                0x000003b1       0x1d c:/program files (x86)/gnu tools arm embedded/8 2019-q3-update/bin/../lib/gcc/arm-none-eabi/8.3.1/thumb/v7-m/nofp\libgcc.a(_arm_addsubdf3.o)
 .ARM.attributes
                0x000003ce       0x1d c:/program files (x86)/gnu tools arm embedded/8 2019-q3-update/bin/../lib/gcc/arm-none-eabi/8.3.1/thumb/v7-m/nofp\libgcc.a(_arm_muldivdf3.o)
 .ARM.attributes
                0x000003eb       0x1d c:/program files (x86)/gnu tools arm embedded/8 2019-q3-update/bin/../lib/gcc/arm-none-eabi/8.3.1/thumb/v7-m/nofp\libgcc.a(_arm_fixunsdfsi.o)
 .ARM.attributes
                0x00000408       0x1d c:/program files (x86)/gnu tools arm embedded/8 2019-q3-update/bin/../lib/gcc/arm-none-eabi/8.3.1/thumb/v7-m/nofp\libgcc.a(_arm_addsubsf3.o)
 .ARM.attributes
                0x00000425       0x1d c:/program files (x86)/gnu tools arm embedded/8 2019-q3-update/bin/../lib/gcc/arm-none-eabi/8.3.1/thumb/v7-m/nofp\libgcc.a(_arm_muldivsf3.o)
 .ARM.attributes
                0x00000442       0x1d c:/program files (x86)/gnu tools arm embedded/8 2019-q3-update/bin/../lib/gcc/arm-none-eabi/8.3.1/thumb/v7-m/nofp\libgcc.a(_arm_fixunssfsi.o)
 .ARM.attributes
                0x0000045f       0x2d c:/program files (x86)/gnu tools arm embedded/8 2019-q3-update/bin/../lib/gcc/arm-none-eabi/8.3.1/../../../../arm-none-eabi/lib/thumb/v7-m/nofp\libg_nano.a(lib_a-errno.o)
 .ARM.attributes
                0x0000048c       0x2d c:/program files (x86)/gnu tools arm embedded/8 2019-q3-update/bin/../lib/gcc/arm-none-eabi/8.3.1/../../../../arm-none-eabi/lib/thumb/v7-m/nofp\libg_nano.a(lib_a-impure.o)
 .ARM.attributes
                0x000004b9       0x2d c:/program files (x86)/gnu tools arm embedded/8 2019-q3-update/bin/../lib/gcc/arm-none-eabi/8.3.1/../../../../arm-none-eabi/lib/thumb/v7-m/nofp\libg_nano.a(lib_a-memset.o)
 .ARM.attributes
                0x000004e6       0x17 c:/program files (x86)/gnu tools arm embedded/8 2019-q3-update/bin/../lib/gcc/arm-none-eabi/8.3.1/../../../../arm-none-eabi/lib/thumb/v7-m/nofp\libg_nano.a(lib_a-strlen.o)
 .ARM.attributes
                0x000004fd       0x2d c:/program files (x86)/gnu tools arm embedded/8 2019-q3-update/bin/../lib/gcc/arm-none-eabi/8.3.1/../../../../arm-none-eabi/lib/thumb/v7-m/nofp\libg_nano.a(lib_a-vsnprintf.o)
 .ARM.attributes
                0x0000052a       0x2d c:/program files (x86)/gnu tools arm embedded/8 2019-q3-update/bin/../lib/gcc/arm-none-eabi/8.3.1/../../../../arm-none-eabi/lib/thumb/v7-m/nofp\libg_nano.a(lib_a-nano-svfprintf.o)
 .ARM.attributes
                0x00000557       0x2d c:/program files (x86)/gnu tools arm embedded/8 2019-q3-update/bin/../lib/gcc/arm-none-eabi/8.3.1/../../../../arm-none-eabi/lib/thumb/v7-m/nofp\libg_nano.a(lib_a-nano-vfprintf_i.o)
 .ARM.attributes
                0x00000584       0x2d c:/program files (x86)/gnu tools arm embedded/8 2019-q3-update/bin/../lib/gcc/arm-none-eabi/8.3.1/../../../../arm-none-eabi/lib/thumb/v7-m/nofp\libg_nano.a(lib_a-memchr-stub.o)
 .ARM.attributes
                0x000005b1       0x2d c:/program files (x86)/gnu tools arm embedded/8 2019-q3-update/bin/../lib/gcc/arm-none-eabi/8.3.1/../../../../arm-none-eabi/lib/thumb/v7-m/nofp\libg_nano.a(lib_a-memcpy-stub.o)
 .ARM.attributes
                0x000005de       0x2d c:/program files (x86)/gnu tools arm embedded/8 2019-q3-update/bin/../lib/gcc/arm-none-eabi/8.3.1/../../../../arm-none-eabi/lib/thumb/v7-m/nofp\libg_nano.a(lib_a-memmove.o)
 .ARM.attributes
                0x0000060b       0x2d c:/program files (x86)/gnu tools arm embedded/8 2019-q3-update/bin/../lib/gcc/arm-none-eabi/8.3.1/../../../../arm-none-eabi/lib/thumb/v7-m/nofp\libg_nano.a(lib_a-nano-freer.o)
 .ARM.attributes
                0x00000638       0x2d c:/program files (x86)/gnu tools arm embedded/8 2019-q3-update/bin/../lib/gcc/arm-none-eabi/8.3.1/../../../../arm-none-eabi/lib/thumb/v7-m/nofp\libg_nano.a(lib_a-nano-mallocr.o)
 .ARM.attributes
                0x00000665       0x2d c:/program files (x86)/gnu tools arm embedded/8 2019-q3-update/bin/../lib/gcc/arm-none-eabi/8.3.1/../../../../arm-none-eabi/lib/thumb/v7-m/nofp\libg_nano.a(lib_a-nano-reallocr.o)
 .ARM.attributes
                0x00000692       0x2d c:/program files (x86)/gnu tools arm embedded/8 2019-q3-update/bin/../lib/gcc/arm-none-eabi/8.3.1/../../../../arm-none-eabi/lib/thumb/v7-m/nofp\libg_nano.a(lib_a-sbrkr.o)
 .ARM.attributes
                0x000006bf       0x2d c:/program files (x86)/gnu tools arm embedded/8 2019-q3-update/bin/../lib/gcc/arm-none-eabi/8.3.1/../../../../arm-none-eabi/lib/thumb/v7-m/nofp\libg_nano.a(lib_a-mlock.o)
 .ARM.attributes
                0x000006ec       0x2d c:/program files (x86)/gnu tools arm embedded/8 2019-q3-update/bin/../lib/gcc/arm-none-eabi/8.3.1/../../../../arm-none-eabi/lib/thumb/v7-m/nofp\libg_nano.a(lib_a-nano-msizer.o)
 .ARM.attributes
                0x00000719       0x2d c:/program files (x86)/gnu tools arm embedded/8 2019-q3-update/bin/../lib/gcc/arm-none-eabi/8.3.1/../../../../arm-none-eabi/lib/thumb/v7-m/nofp\libg_nano.a(lib_a-lock.o)

.debug
 *(.debug)

.line
 *(.line)

.debug_srcinfo
 *(.debug_srcinfo)

.debug_sfnames
 *(.debug_sfnames)

.debug_aranges  0x00000000      0x6e8
 *(.debug_aranges)
 .debug_aranges
                0x00000000       0x28 ./system/src/newlib/_exit.o
 .debug_aranges
                0x00000028       0x20 ./system/src/newlib/_sbrk.o
 .debug_aranges
                0x00000048       0x40 ./system/src/newlib/_startup.o
 .debug_aranges
                0x00000088       0x30 ./system/src/newlib/_syscalls.o
 .debug_aranges
                0x000000b8       0x38 ./system/src/diag/Trace.o
 .debug_aranges
                0x000000f0       0x30 ./system/src/diag/trace_impl.o
 .debug_aranges
                0x00000120       0x28 ./system/src/cortexm/_initialize_hardware.o
 .debug_aranges
                0x00000148       0x90 ./system/src/cortexm/exception_handlers.o
 .debug_aranges
                0x000001d8       0x38 ./system/src/cmsis/system_stm32f10x.o
 .debug_aranges
                0x00000210       0x20 ./system/src/cmsis/vectors_stm32f10x.o
 .debug_aranges
                0x00000230       0xe0 ./src/Bootloader.o
 .debug_aranges
                0x00000310       0x48 ./src/CRC.o
 .debug_aranges
                0x00000358       0x30 ./src/Debug.o
 .debug_aranges
                0x00000388       0x30 ./src/Delay_program.o
 .debug_aranges
                0x000003b8       0xb8 ./src/Flash.o
 .debug_aranges
                0x00000470       0x48 ./src/GPIO.o
 .debug_aranges
                0x000004b8       0x70 ./src/HUART_program.o
 .debug_aranges
                0x00000528       0xa0 ./src/NVIC_program.o
 .debug_aranges
                0x000005c8       0x78 ./src/RCC_program.o
 .debug_aranges
                0x00000640       0x80 ./src/UART_program.o
 .debug_aranges
                0x000006c0       0x28 ./src/main.o

.debug_pubnames
 *(.debug_pubnames)

.debug_info     0x00000000     0xb233
 *(.debug_info .gnu.linkonce.wi.*)
 .debug_info    0x00000000      0x9e7 ./system/src/newlib/_exit.o
 .debug_info    0x000009e7      0x9d4 ./system/src/newlib/_sbrk.o
 .debug_info    0x000013bb      0x4ce ./system/src/newlib/_startup.o
 .debug_info    0x00001889      0xab9 ./system/src/newlib/_syscalls.o
 .debug_info    0x00002342      0xbdb ./system/src/diag/Trace.o
 .debug_info    0x00002f1d      0x3be ./system/src/diag/trace_impl.o
 .debug_info    0x000032db      0x2d6 ./system/src/cortexm/_initialize_hardware.o
 .debug_info    0x000035b1     0x127b ./system/src/cortexm/exception_handlers.o
 .debug_info    0x0000482c      0x4e0 ./system/src/cmsis/system_stm32f10x.o
 .debug_info    0x00004d0c       0xce ./system/src/cmsis/vectors_stm32f10x.o
 .debug_info    0x00004dda     0x2a23 ./src/Bootloader.o
 .debug_info    0x000077fd      0x1ca ./src/CRC.o
 .debug_info    0x000079c7      0xcd0 ./src/Debug.o
 .debug_info    0x00008697      0x156 ./src/Delay_program.o
 .debug_info    0x000087ed      0xa0f ./src/Flash.o
 .debug_info    0x000091fc      0x3da ./src/GPIO.o
 .debug_info    0x000095d6      0x860 ./src/HUART_program.o
 .debug_info    0x00009e36      0x3ff ./src/NVIC_program.o
 .debug_info    0x0000a235      0x3ae ./src/RCC_program.o
 .debug_info    0x0000a5e3      0x7d9 ./src/UART_program.o
 .debug_info    0x0000adbc      0x477 ./src/main.o

.debug_abbrev   0x00000000     0x2739
 *(.debug_abbrev)
 .debug_abbrev  0x00000000      0x222 ./system/src/newlib/_exit.o
 .debug_abbrev  0x00000222      0x232 ./system/src/newlib/_sbrk.o
 .debug_abbrev  0x00000454      0x1d7 ./system/src/newlib/_startup.o
 .debug_abbrev  0x0000062b      0x26d ./system/src/newlib/_syscalls.o
 .debug_abbrev  0x00000898      0x2c6 ./system/src/diag/Trace.o
 .debug_abbrev  0x00000b5e      0x221 ./system/src/diag/trace_impl.o
 .debug_abbrev  0x00000d7f       0xfc ./system/src/cortexm/_initialize_hardware.o
 .debug_abbrev  0x00000e7b      0x372 ./system/src/cortexm/exception_handlers.o
 .debug_abbrev  0x000011ed      0x19d ./system/src/cmsis/system_stm32f10x.o
 .debug_abbrev  0x0000138a       0xa5 ./system/src/cmsis/vectors_stm32f10x.o
 .debug_abbrev  0x0000142f      0x370 ./src/Bootloader.o
 .debug_abbrev  0x0000179f      0x123 ./src/CRC.o
 .debug_abbrev  0x000018c2      0x286 ./src/Debug.o
 .debug_abbrev  0x00001b48       0xd0 ./src/Delay_program.o
 .debug_abbrev  0x00001c18      0x1d4 ./src/Flash.o
 .debug_abbrev  0x00001dec      0x168 ./src/GPIO.o
 .debug_abbrev  0x00001f54      0x1ff ./src/HUART_program.o
 .debug_abbrev  0x00002153      0x10f ./src/NVIC_program.o
 .debug_abbrev  0x00002262      0x1a1 ./src/RCC_program.o
 .debug_abbrev  0x00002403      0x1d2 ./src/UART_program.o
 .debug_abbrev  0x000025d5      0x164 ./src/main.o

.debug_line     0x00000000     0x6df7
 *(.debug_line)
 .debug_line    0x00000000      0x386 ./system/src/newlib/_exit.o
 .debug_line    0x00000386      0x377 ./system/src/newlib/_sbrk.o
 .debug_line    0x000006fd      0x58e ./system/src/newlib/_startup.o
 .debug_line    0x00000c8b      0x48f ./system/src/newlib/_syscalls.o
 .debug_line    0x0000111a      0x462 ./system/src/diag/Trace.o
 .debug_line    0x0000157c      0x6a7 ./system/src/diag/trace_impl.o
 .debug_line    0x00001c23      0x365 ./system/src/cortexm/_initialize_hardware.o
 .debug_line    0x00001f88      0x89e ./system/src/cortexm/exception_handlers.o
 .debug_line    0x00002826      0x571 ./system/src/cmsis/system_stm32f10x.o
 .debug_line    0x00002d97      0x119 ./system/src/cmsis/vectors_stm32f10x.o
 .debug_line    0x00002eb0      0xcbe ./src/Bootloader.o
 .debug_line    0x00003b6e      0x137 ./src/CRC.o
 .debug_line    0x00003ca5      0x462 ./src/Debug.o
 .debug_line    0x00004107      0x137 ./src/Delay_program.o
 .debug_line    0x0000423e      0xc1b ./src/Flash.o
 .debug_line    0x00004e59      0x375 ./src/GPIO.o
 .debug_line    0x000051ce      0x3dd ./src/HUART_program.o
 .debug_line    0x000055ab      0x629 ./src/NVIC_program.o
 .debug_line    0x00005bd4      0x65a ./src/RCC_program.o
 .debug_line    0x0000622e      0x7e2 ./src/UART_program.o
 .debug_line    0x00006a10      0x3e7 ./src/main.o

.debug_frame    0x00000000     0x16ec
 *(.debug_frame)
 .debug_frame   0x00000000       0x38 ./system/src/newlib/_exit.o
 .debug_frame   0x00000038       0x28 ./system/src/newlib/_sbrk.o
 .debug_frame   0x00000060       0x7c ./system/src/newlib/_startup.o
 .debug_frame   0x000000dc       0x50 ./system/src/newlib/_syscalls.o
 .debug_frame   0x0000012c       0x94 ./system/src/diag/Trace.o
 .debug_frame   0x000001c0       0x64 ./system/src/diag/trace_impl.o
 .debug_frame   0x00000224       0x40 ./system/src/cortexm/_initialize_hardware.o
 .debug_frame   0x00000264      0x158 ./system/src/cortexm/exception_handlers.o
 .debug_frame   0x000003bc       0x6c ./system/src/cmsis/system_stm32f10x.o
 .debug_frame   0x00000428       0x20 ./system/src/cmsis/vectors_stm32f10x.o
 .debug_frame   0x00000448      0x36c ./src/Bootloader.o
 .debug_frame   0x000007b4       0x7c ./src/CRC.o
 .debug_frame   0x00000830       0xc4 ./src/Debug.o
 .debug_frame   0x000008f4       0x60 ./src/Delay_program.o
 .debug_frame   0x00000954      0x20c ./src/Flash.o
 .debug_frame   0x00000b60       0xb0 ./src/GPIO.o
 .debug_frame   0x00000c10      0x190 ./src/HUART_program.o
 .debug_frame   0x00000da0      0x120 ./src/NVIC_program.o
 .debug_frame   0x00000ec0       0xfc ./src/RCC_program.o
 .debug_frame   0x00000fbc      0x154 ./src/UART_program.o
 .debug_frame   0x00001110       0x50 ./src/main.o
 .debug_frame   0x00001160       0xac c:/program files (x86)/gnu tools arm embedded/8 2019-q3-update/bin/../lib/gcc/arm-none-eabi/8.3.1/thumb/v7-m/nofp\libgcc.a(_arm_addsubdf3.o)
 .debug_frame   0x0000120c       0x50 c:/program files (x86)/gnu tools arm embedded/8 2019-q3-update/bin/../lib/gcc/arm-none-eabi/8.3.1/thumb/v7-m/nofp\libgcc.a(_arm_muldivdf3.o)
 .debug_frame   0x0000125c       0x24 c:/program files (x86)/gnu tools arm embedded/8 2019-q3-update/bin/../lib/gcc/arm-none-eabi/8.3.1/thumb/v7-m/nofp\libgcc.a(_arm_fixunsdfsi.o)
 .debug_frame   0x00001280       0x4c c:/program files (x86)/gnu tools arm embedded/8 2019-q3-update/bin/../lib/gcc/arm-none-eabi/8.3.1/thumb/v7-m/nofp\libgcc.a(_arm_addsubsf3.o)
 .debug_frame   0x000012cc       0x38 c:/program files (x86)/gnu tools arm embedded/8 2019-q3-update/bin/../lib/gcc/arm-none-eabi/8.3.1/thumb/v7-m/nofp\libgcc.a(_arm_muldivsf3.o)
 .debug_frame   0x00001304       0x24 c:/program files (x86)/gnu tools arm embedded/8 2019-q3-update/bin/../lib/gcc/arm-none-eabi/8.3.1/thumb/v7-m/nofp\libgcc.a(_arm_fixunssfsi.o)
 .debug_frame   0x00001328       0x20 c:/program files (x86)/gnu tools arm embedded/8 2019-q3-update/bin/../lib/gcc/arm-none-eabi/8.3.1/../../../../arm-none-eabi/lib/thumb/v7-m/nofp\libg_nano.a(lib_a-errno.o)
 .debug_frame   0x00001348       0x20 c:/program files (x86)/gnu tools arm embedded/8 2019-q3-update/bin/../lib/gcc/arm-none-eabi/8.3.1/../../../../arm-none-eabi/lib/thumb/v7-m/nofp\libg_nano.a(lib_a-memset.o)
 .debug_frame   0x00001368       0x4c c:/program files (x86)/gnu tools arm embedded/8 2019-q3-update/bin/../lib/gcc/arm-none-eabi/8.3.1/../../../../arm-none-eabi/lib/thumb/v7-m/nofp\libg_nano.a(lib_a-vsnprintf.o)
 .debug_frame   0x000013b4       0x90 c:/program files (x86)/gnu tools arm embedded/8 2019-q3-update/bin/../lib/gcc/arm-none-eabi/8.3.1/../../../../arm-none-eabi/lib/thumb/v7-m/nofp\libg_nano.a(lib_a-nano-svfprintf.o)
 .debug_frame   0x00001444       0x60 c:/program files (x86)/gnu tools arm embedded/8 2019-q3-update/bin/../lib/gcc/arm-none-eabi/8.3.1/../../../../arm-none-eabi/lib/thumb/v7-m/nofp\libg_nano.a(lib_a-nano-vfprintf_i.o)
 .debug_frame   0x000014a4       0x28 c:/program files (x86)/gnu tools arm embedded/8 2019-q3-update/bin/../lib/gcc/arm-none-eabi/8.3.1/../../../../arm-none-eabi/lib/thumb/v7-m/nofp\libg_nano.a(lib_a-memchr-stub.o)
 .debug_frame   0x000014cc       0x28 c:/program files (x86)/gnu tools arm embedded/8 2019-q3-update/bin/../lib/gcc/arm-none-eabi/8.3.1/../../../../arm-none-eabi/lib/thumb/v7-m/nofp\libg_nano.a(lib_a-memcpy-stub.o)
 .debug_frame   0x000014f4       0x28 c:/program files (x86)/gnu tools arm embedded/8 2019-q3-update/bin/../lib/gcc/arm-none-eabi/8.3.1/../../../../arm-none-eabi/lib/thumb/v7-m/nofp\libg_nano.a(lib_a-memmove.o)
 .debug_frame   0x0000151c       0x38 c:/program files (x86)/gnu tools arm embedded/8 2019-q3-update/bin/../lib/gcc/arm-none-eabi/8.3.1/../../../../arm-none-eabi/lib/thumb/v7-m/nofp\libg_nano.a(lib_a-nano-freer.o)
 .debug_frame   0x00001554       0x30 c:/program files (x86)/gnu tools arm embedded/8 2019-q3-update/bin/../lib/gcc/arm-none-eabi/8.3.1/../../../../arm-none-eabi/lib/thumb/v7-m/nofp\libg_nano.a(lib_a-nano-mallocr.o)
 .debug_frame   0x00001584       0x3c c:/program files (x86)/gnu tools arm embedded/8 2019-q3-update/bin/../lib/gcc/arm-none-eabi/8.3.1/../../../../arm-none-eabi/lib/thumb/v7-m/nofp\libg_nano.a(lib_a-nano-reallocr.o)
 .debug_frame   0x000015c0       0x2c c:/program files (x86)/gnu tools arm embedded/8 2019-q3-update/bin/../lib/gcc/arm-none-eabi/8.3.1/../../../../arm-none-eabi/lib/thumb/v7-m/nofp\libg_nano.a(lib_a-sbrkr.o)
 .debug_frame   0x000015ec       0x30 c:/program files (x86)/gnu tools arm embedded/8 2019-q3-update/bin/../lib/gcc/arm-none-eabi/8.3.1/../../../../arm-none-eabi/lib/thumb/v7-m/nofp\libg_nano.a(lib_a-mlock.o)
 .debug_frame   0x0000161c       0x20 c:/program files (x86)/gnu tools arm embedded/8 2019-q3-update/bin/../lib/gcc/arm-none-eabi/8.3.1/../../../../arm-none-eabi/lib/thumb/v7-m/nofp\libg_nano.a(lib_a-nano-msizer.o)
 .debug_frame   0x0000163c       0xb0 c:/program files (x86)/gnu tools arm embedded/8 2019-q3-update/bin/../lib/gcc/arm-none-eabi/8.3.1/../../../../arm-none-eabi/lib/thumb/v7-m/nofp\libg_nano.a(lib_a-lock.o)

.debug_str      0x00000000    0x5bc4a
 *(.debug_str)
 .debug_str     0x00000000     0x7ceb ./system/src/newlib/_exit.o
                               0x7eb8 (size before relaxing)
 .debug_str     0x00007ceb      0x4f5 ./system/src/newlib/_sbrk.o
                               0x7279 (size before relaxing)
 .debug_str     0x000081e0      0xbbd ./system/src/newlib/_startup.o
                               0x668c (size before relaxing)
 .debug_str     0x00008d9d      0xf94 ./system/src/newlib/_syscalls.o
                               0x825d (size before relaxing)
 .debug_str     0x00009d31      0x826 ./system/src/diag/Trace.o
                               0x8634 (size before relaxing)
 .debug_str     0x0000a557    0x47ff5 ./system/src/diag/trace_impl.o
                              0x4f42a (size before relaxing)
 .debug_str     0x0005254c       0xc4 ./system/src/cortexm/_initialize_hardware.o
                              0x4b64d (size before relaxing)
 .debug_str     0x00052610      0x1a6 ./system/src/cortexm/exception_handlers.o
                              0x5097b (size before relaxing)
 .debug_str     0x000527b6      0x114 ./system/src/cmsis/system_stm32f10x.o
                              0x4b6e7 (size before relaxing)
 .debug_str     0x000528ca       0x57 ./system/src/cmsis/vectors_stm32f10x.o
                               0x3950 (size before relaxing)
 .debug_str     0x00052921     0x3d9c ./src/Bootloader.o
                               0x9e9f (size before relaxing)
 .debug_str     0x000566bd      0x112 ./src/CRC.o
                               0x3040 (size before relaxing)
 .debug_str     0x000567cf       0x23 ./src/Debug.o
                               0x851f (size before relaxing)
 .debug_str     0x000567f2       0x50 ./src/Delay_program.o
                               0x2f60 (size before relaxing)
 .debug_str     0x00056842      0x9bd ./src/Flash.o
                               0x5f50 (size before relaxing)
 .debug_str     0x000571ff     0x1971 ./src/GPIO.o
                               0x4dc5 (size before relaxing)
 .debug_str     0x00058b70     0x276e ./src/HUART_program.o
                               0x64d8 (size before relaxing)
 .debug_str     0x0005b2de      0x4d6 ./src/NVIC_program.o
                               0x4409 (size before relaxing)
 .debug_str     0x0005b7b4      0x22f ./src/RCC_program.o
                               0x4558 (size before relaxing)
 .debug_str     0x0005b9e3      0x1fa ./src/UART_program.o
                               0x39d2 (size before relaxing)
 .debug_str     0x0005bbdd       0x6d ./src/main.o
                               0x8d37 (size before relaxing)

.debug_loc      0x00000000     0x43f5
 *(.debug_loc)
 .debug_loc     0x00000000       0x15 ./system/src/newlib/_exit.o
 .debug_loc     0x00000015       0x97 ./system/src/newlib/_sbrk.o
 .debug_loc     0x000000ac      0x2a6 ./system/src/newlib/_startup.o
 .debug_loc     0x00000352       0x6f ./system/src/newlib/_syscalls.o
 .debug_loc     0x000003c1      0x118 ./system/src/diag/Trace.o
 .debug_loc     0x000004d9      0x1a1 ./system/src/diag/trace_impl.o
 .debug_loc     0x0000067a      0x35c ./system/src/cortexm/exception_handlers.o
 .debug_loc     0x000009d6       0xff ./system/src/cmsis/system_stm32f10x.o
 .debug_loc     0x00000ad5      0xe2e ./src/Bootloader.o
 .debug_loc     0x00001903       0xa3 ./src/CRC.o
 .debug_loc     0x000019a6       0x66 ./src/Debug.o
 .debug_loc     0x00001a0c       0x74 ./src/Delay_program.o
 .debug_loc     0x00001a80      0x8d6 ./src/Flash.o
 .debug_loc     0x00002356      0x24a ./src/GPIO.o
 .debug_loc     0x000025a0      0x428 ./src/HUART_program.o
 .debug_loc     0x000029c8      0xd9d ./src/NVIC_program.o
 .debug_loc     0x00003765      0x45c ./src/RCC_program.o
 .debug_loc     0x00003bc1      0x834 ./src/UART_program.o

.debug_macinfo
 *(.debug_macinfo)

.debug_weaknames
 *(.debug_weaknames)

.debug_funcnames
 *(.debug_funcnames)

.debug_typenames
 *(.debug_typenames)

.debug_varnames
 *(.debug_varnames)
OUTPUT(Bootloader_STM32f103c8t6_FOTA.elf elf32-littlearm)

.debug_ranges   0x00000000      0x5e0
 .debug_ranges  0x00000000       0x18 ./system/src/newlib/_exit.o
 .debug_ranges  0x00000018       0x10 ./system/src/newlib/_sbrk.o
 .debug_ranges  0x00000028       0x48 ./system/src/newlib/_startup.o
 .debug_ranges  0x00000070       0x20 ./system/src/newlib/_syscalls.o
 .debug_ranges  0x00000090       0x28 ./system/src/diag/Trace.o
 .debug_ranges  0x000000b8       0x38 ./system/src/diag/trace_impl.o
 .debug_ranges  0x000000f0       0x18 ./system/src/cortexm/_initialize_hardware.o
 .debug_ranges  0x00000108       0x98 ./system/src/cortexm/exception_handlers.o
 .debug_ranges  0x000001a0       0x28 ./system/src/cmsis/system_stm32f10x.o
 .debug_ranges  0x000001c8       0x10 ./system/src/cmsis/vectors_stm32f10x.o
 .debug_ranges  0x000001d8       0xd0 ./src/Bootloader.o
 .debug_ranges  0x000002a8       0x38 ./src/CRC.o
 .debug_ranges  0x000002e0       0x20 ./src/Debug.o
 .debug_ranges  0x00000300       0x20 ./src/Delay_program.o
 .debug_ranges  0x00000320       0xa8 ./src/Flash.o
 .debug_ranges  0x000003c8       0x38 ./src/GPIO.o
 .debug_ranges  0x00000400       0x60 ./src/HUART_program.o
 .debug_ranges  0x00000460       0x90 ./src/NVIC_program.o
 .debug_ranges  0x000004f0       0x68 ./src/RCC_program.o
 .debug_ranges  0x00000558       0x70 ./src/UART_program.o
 .debug_ranges  0x000005c8       0x18 ./src/main.o

.debug_macro    0x00000000     0x41b4
 .debug_macro   0x00000000      0x1ae ./system/src/newlib/_exit.o
 .debug_macro   0x000001ae       0x34 ./system/src/newlib/_exit.o
 .debug_macro   0x000001e2      0x10e ./system/src/newlib/_exit.o
 .debug_macro   0x000002f0       0x8d ./system/src/newlib/_exit.o
 .debug_macro   0x0000037d       0x43 ./system/src/newlib/_exit.o
 .debug_macro   0x000003c0      0x339 ./system/src/newlib/_exit.o
 .debug_macro   0x000006f9       0x35 ./system/src/newlib/_exit.o
 .debug_macro   0x0000072e      0x163 ./system/src/newlib/_sbrk.o
 .debug_macro   0x00000891      0x174 ./system/src/newlib/_sbrk.o
 .debug_macro   0x00000a05       0x10 ./system/src/newlib/_sbrk.o
 .debug_macro   0x00000a15      0x23b ./system/src/newlib/_sbrk.o
 .debug_macro   0x00000c50      0x15f ./system/src/newlib/_startup.o
 .debug_macro   0x00000daf      0x220 ./system/src/newlib/_syscalls.o
 .debug_macro   0x00000fcf       0x1c ./system/src/newlib/_syscalls.o
 .debug_macro   0x00000feb       0x10 ./system/src/newlib/_syscalls.o
 .debug_macro   0x00000ffb       0x10 ./system/src/newlib/_syscalls.o
 .debug_macro   0x0000100b       0x10 ./system/src/newlib/_syscalls.o
 .debug_macro   0x0000101b       0x35 ./system/src/newlib/_syscalls.o
 .debug_macro   0x00001050      0x122 ./system/src/newlib/_syscalls.o
 .debug_macro   0x00001172       0x88 ./system/src/newlib/_syscalls.o
 .debug_macro   0x000011fa       0x7c ./system/src/newlib/_syscalls.o
 .debug_macro   0x00001276       0x17 ./system/src/newlib/_syscalls.o
 .debug_macro   0x0000128d      0x118 ./system/src/newlib/_syscalls.o
 .debug_macro   0x000013a5      0x189 ./system/src/newlib/_syscalls.o
 .debug_macro   0x0000152e       0x16 ./system/src/newlib/_syscalls.o
 .debug_macro   0x00001544      0x1f5 ./system/src/diag/Trace.o
 .debug_macro   0x00001739       0x16 ./system/src/diag/Trace.o
 .debug_macro   0x0000174f       0x97 ./system/src/diag/Trace.o
 .debug_macro   0x000017e6       0xfd ./system/src/diag/Trace.o
 .debug_macro   0x000018e3       0x10 ./system/src/diag/Trace.o
 .debug_macro   0x000018f3       0x16 ./system/src/diag/Trace.o
 .debug_macro   0x00001909      0x16f ./system/src/diag/Trace.o
 .debug_macro   0x00001a78       0x4c ./system/src/diag/Trace.o
 .debug_macro   0x00001ac4       0x16 ./system/src/diag/Trace.o
 .debug_macro   0x00001ada      0x2b4 ./system/src/diag/trace_impl.o
 .debug_macro   0x00001d8e       0x10 ./system/src/diag/trace_impl.o
 .debug_macro   0x00001d9e       0xcf ./system/src/diag/trace_impl.o
 .debug_macro   0x00001e6d       0x20 ./system/src/diag/trace_impl.o
 .debug_macro   0x00001e8d       0xbe ./system/src/diag/trace_impl.o
 .debug_macro   0x00001f4b       0x22 ./system/src/diag/trace_impl.o
 .debug_macro   0x00001f6d      0x159 ./system/src/cortexm/_initialize_hardware.o
 .debug_macro   0x000020c6      0x30c ./system/src/cortexm/exception_handlers.o
 .debug_macro   0x000023d2       0x3b ./system/src/cortexm/exception_handlers.o
 .debug_macro   0x0000240d       0x10 ./system/src/cortexm/exception_handlers.o
 .debug_macro   0x0000241d      0x15c ./system/src/cmsis/system_stm32f10x.o
 .debug_macro   0x00002579       0x34 ./system/src/cmsis/vectors_stm32f10x.o
 .debug_macro   0x000025ad      0x22b ./src/Bootloader.o
 .debug_macro   0x000027d8       0x2e ./src/Bootloader.o
 .debug_macro   0x00002806      0x13c ./src/Bootloader.o
 .debug_macro   0x00002942      0x118 ./src/Bootloader.o
 .debug_macro   0x00002a5a       0x3a ./src/Bootloader.o
 .debug_macro   0x00002a94      0x41a ./src/Bootloader.o
 .debug_macro   0x00002eae       0x3c ./src/CRC.o
 .debug_macro   0x00002eea      0x226 ./src/Debug.o
 .debug_macro   0x00003110       0x1c ./src/Debug.o
 .debug_macro   0x0000312c       0x24 ./src/Delay_program.o
 .debug_macro   0x00003150      0x191 ./src/Flash.o
 .debug_macro   0x000032e1      0x538 ./src/GPIO.o
 .debug_macro   0x00003819       0x5f ./src/HUART_program.o
 .debug_macro   0x00003878      0x363 ./src/HUART_program.o
 .debug_macro   0x00003bdb      0x320 ./src/HUART_program.o
 .debug_macro   0x00003efb       0xad ./src/NVIC_program.o
 .debug_macro   0x00003fa8       0x29 ./src/RCC_program.o
 .debug_macro   0x00003fd1       0x39 ./src/UART_program.o
 .debug_macro   0x0000400a      0x1aa ./src/main.o
